eurydice_glue.h:406:core_ops_bit__core__ops__bit__BitAnd_u8__u8__for__0__u8___bitand	24	static
eurydice_glue.h:412:core_ops_bit__core__ops__bit__Shr_i32__u8__for__0__u8___shr	24	static
libcrux_mldsa65_portable.c:26:libcrux_ml_dsa_ml_dsa_65_portable_generate_key_pair	10088	static
libcrux_mldsa65_portable.c:46:libcrux_ml_dsa_ml_dsa_65_portable_generate_key_pair_mut	56	static
libcrux_mldsa65_portable.c:65:libcrux_ml_dsa_ml_dsa_65_portable_sign	104	static
libcrux_mldsa65_portable.c:87:libcrux_ml_dsa_ml_dsa_65_portable_sign_mut	104	static
libcrux_mldsa65_portable.c:111:libcrux_ml_dsa_ml_dsa_65_portable_sign_pre_hashed_shake128	200	static
libcrux_mldsa65_portable.c:136:libcrux_ml_dsa_ml_dsa_65_portable_verify	72	static
libcrux_mldsa65_portable.c:158:libcrux_ml_dsa_ml_dsa_65_portable_verify_pre_hashed_shake128	200	static
eurydice_glue.h:395:Eurydice_bitand_pv_u8	8	static
eurydice_glue.h:398:Eurydice_shr_pv_u8	8	static
