tests/util.h:13:_Z18mk_borrow_slice_u8PKhm	72	static
tests/util.h:20:_Z22mk_mut_borrow_slice_u8Phm	72	static
tests/util.h:28:_Z15generate_randomPhj	8	static
tests/util.h:34:_Z8from_hexRKNSt7__cxx1112basic_stringIcSt11char_traitsIcESaIcEEE	168	static
/usr/bin/../lib64/gcc/x86_64-pc-linux-gnu/16.1.1/../../../../include/c++/16.1.1/bits/basic_string.h:1199:_ZNKSt7__cxx1112basic_stringIcSt11char_traitsIcESaIcEE6lengthEv	24	static
/usr/bin/../lib64/gcc/x86_64-pc-linux-gnu/16.1.1/../../../../include/c++/16.1.1/bits/stl_vector.h:576:_ZNSt6vectorIhSaIhEEC2EmRKS0_	56	static
/usr/bin/../lib64/gcc/x86_64-pc-linux-gnu/16.1.1/../../../../include/c++/16.1.1/bits/basic_string.h:3465:_ZNKSt7__cxx1112basic_stringIcSt11char_traitsIcESaIcEE6substrEmm	72	static
/usr/bin/../lib64/gcc/x86_64-pc-linux-gnu/16.1.1/../../../../include/c++/16.1.1/bits/basic_string.h:2897:_ZNKSt7__cxx1112basic_stringIcSt11char_traitsIcESaIcEE5c_strEv	24	static
/usr/bin/../lib64/gcc/x86_64-pc-linux-gnu/16.1.1/../../../../include/c++/16.1.1/bits/stl_vector.h:1251:_ZNSt6vectorIhSaIhEEixEm	40	static
/usr/bin/../lib64/gcc/x86_64-pc-linux-gnu/16.1.1/../../../../include/c++/16.1.1/bits/basic_string.h:919:_ZNSt7__cxx1112basic_stringIcSt11char_traitsIcESaIcEED2Ev	24	static
/usr/bin/../lib64/gcc/x86_64-pc-linux-gnu/16.1.1/../../../../include/c++/16.1.1/bits/stl_vector.h:790:_ZNSt6vectorIhSaIhEED2Ev	72	static
tests/util.h:49:_Z12bytes_to_hexB5cxx11RKSt6vectorIhSaIhEE	600	static
/usr/bin/../lib64/gcc/x86_64-pc-linux-gnu/16.1.1/../../../../include/c++/16.1.1/bits/ios_base.h:705:_ZNSt8ios_base5flagsESt13_Ios_Fmtflags	8	static
/usr/bin/../lib64/gcc/x86_64-pc-linux-gnu/16.1.1/../../../../include/c++/16.1.1/bits/stl_vector.h:998:_ZNKSt6vectorIhSaIhEE5beginEv	56	static
/usr/bin/../lib64/gcc/x86_64-pc-linux-gnu/16.1.1/../../../../include/c++/16.1.1/bits/stl_vector.h:1018:_ZNKSt6vectorIhSaIhEE3endEv	56	static
/usr/bin/../lib64/gcc/x86_64-pc-linux-gnu/16.1.1/../../../../include/c++/16.1.1/iomanip:237:_ZSt4setwi	8	static
/usr/bin/../lib64/gcc/x86_64-pc-linux-gnu/16.1.1/../../../../include/c++/16.1.1/iomanip:175:_ZSt7setfillIcESt8_SetfillIT_ES1_	8	static
tests/util.h:68:_Z9read_katsNSt7__cxx1112basic_stringIcSt11char_traitsIcESaIcEEE	1352	static
_deps/json-src/include/nlohmann/json.hpp:823:_ZN8nlohmann16json_abi_v3_11_310basic_jsonISt3mapSt6vectorNSt7__cxx1112basic_stringIcSt11char_traitsIcESaIcEEEblmdSaNS0_14adl_serializerES3_IhSaIhEEvEC2EDn	40	static
_deps/json-src/include/nlohmann/json.hpp:4143:_ZN8nlohmann16json_abi_v3_11_3rsERSiRNS0_10basic_jsonISt3mapSt6vectorNSt7__cxx1112basic_stringIcSt11char_traitsIcESaIcEEEblmdSaNS0_14adl_serializerES4_IhSaIhEEvEE	328	static
/usr/bin/../lib64/gcc/x86_64-pc-linux-gnu/16.1.1/../../../../include/c++/16.1.1/bits/stl_vector.h:551:_ZNSt6vectorI3KATSaIS0_EEC2Ev	24	static
_deps/json-src/include/nlohmann/json.hpp:2883:_ZN8nlohmann16json_abi_v3_11_310basic_jsonISt3mapSt6vectorNSt7__cxx1112basic_stringIcSt11char_traitsIcESaIcEEEblmdSaNS0_14adl_serializerES3_IhSaIhEEvE5itemsEv	40	static
_deps/json-src/include/nlohmann/detail/iterators/iteration_proxy.hpp:177:_ZNK8nlohmann16json_abi_v3_11_36detail15iteration_proxyINS1_9iter_implINS0_10basic_jsonISt3mapSt6vectorNSt7__cxx1112basic_stringIcSt11char_traitsIcESaIcEEEblmdSaNS0_14adl_serializerES6_IhSaIhEEvEEEEE5beginEv	88	static
_deps/json-src/include/nlohmann/detail/iterators/iteration_proxy.hpp:183:_ZNK8nlohmann16json_abi_v3_11_36detail15iteration_proxyINS1_9iter_implINS0_10basic_jsonISt3mapSt6vectorNSt7__cxx1112basic_stringIcSt11char_traitsIcESaIcEEEblmdSaNS0_14adl_serializerES6_IhSaIhEEvEEEEE3endEv	88	static
_deps/json-src/include/nlohmann/detail/iterators/iteration_proxy.hpp:108:_ZNK8nlohmann16json_abi_v3_11_36detail21iteration_proxy_valueINS1_9iter_implINS0_10basic_jsonISt3mapSt6vectorNSt7__cxx1112basic_stringIcSt11char_traitsIcESaIcEEEblmdSaNS0_14adl_serializerES6_IhSaIhEEvEEEEEneERKSI_	24	static
_deps/json-src/include/nlohmann/detail/iterators/iteration_proxy.hpp:79:_ZNK8nlohmann16json_abi_v3_11_36detail21iteration_proxy_valueINS1_9iter_implINS0_10basic_jsonISt3mapSt6vectorNSt7__cxx1112basic_stringIcSt11char_traitsIcESaIcEEEblmdSaNS0_14adl_serializerES6_IhSaIhEEvEEEEEdeEv	8	static
_deps/json-src/include/nlohmann/detail/iterators/iteration_proxy.hpp:150:_ZNK8nlohmann16json_abi_v3_11_36detail21iteration_proxy_valueINS1_9iter_implINS0_10basic_jsonISt3mapSt6vectorNSt7__cxx1112basic_stringIcSt11char_traitsIcESaIcEEEblmdSaNS0_14adl_serializerES6_IhSaIhEEvEEEEE5valueEv	24	static
_deps/json-src/include/nlohmann/json.hpp:1145:_ZN8nlohmann16json_abi_v3_11_310basic_jsonISt3mapSt6vectorNSt7__cxx1112basic_stringIcSt11char_traitsIcESaIcEEEblmdSaNS0_14adl_serializerES3_IhSaIhEEvEC2ERKSD_	152	static
/usr/bin/../lib64/gcc/x86_64-pc-linux-gnu/16.1.1/../../../../include/c++/16.1.1/bits/stl_vector.h:1423:_ZNSt6vectorI3KATSaIS0_EE9push_backEOS0_	24	static
_deps/json-src/include/nlohmann/json.hpp:2157:_ZN8nlohmann16json_abi_v3_11_310basic_jsonISt3mapSt6vectorNSt7__cxx1112basic_stringIcSt11char_traitsIcESaIcEEEblmdSaNS0_14adl_serializerES3_IhSaIhEEvEixIKcEERSD_PT_	152	static
_deps/json-src/include/nlohmann/json.hpp:1896:_ZNK8nlohmann16json_abi_v3_11_310basic_jsonISt3mapSt6vectorNSt7__cxx1112basic_stringIcSt11char_traitsIcESaIcEEEblmdSaNS0_14adl_serializerES3_IhSaIhEEvEcvT_IS9_TnNSt9enable_ifIXsr6detail11conjunctionINS0_6detail8negationISt10is_pointerISE_EEENSI_ISt7is_sameISE_DnEEENSI_ISM_ISE_NSH_8json_refISD_EEEEENSI_ISM_ISE_cEEENSI_INSH_13is_basic_jsonISE_EEEENSI_ISM_ISE_St16initializer_listIcEEEENSI_ISM_ISE_St17basic_string_viewIcS7_EEEENSI_ISM_ISE_St3anyEEENSH_16is_detected_lazyINSH_21get_template_functionEJRKSD_SE_EEEEE5valueEiE4typeELi0EEEv	40	static
tests/util.h:58:_ZN3KATD2Ev	24	static
_deps/json-src/include/nlohmann/json.hpp:1254:_ZN8nlohmann16json_abi_v3_11_310basic_jsonISt3mapSt6vectorNSt7__cxx1112basic_stringIcSt11char_traitsIcESaIcEEEblmdSaNS0_14adl_serializerES3_IhSaIhEEvED2Ev	24	static
_deps/json-src/include/nlohmann/detail/iterators/iteration_proxy.hpp:85:_ZN8nlohmann16json_abi_v3_11_36detail21iteration_proxy_valueINS1_9iter_implINS0_10basic_jsonISt3mapSt6vectorNSt7__cxx1112basic_stringIcSt11char_traitsIcESaIcEEEblmdSaNS0_14adl_serializerES6_IhSaIhEEvEEEEEppEv	24	static
_deps/json-src/include/nlohmann/detail/iterators/iteration_proxy.hpp:76:_ZN8nlohmann16json_abi_v3_11_36detail21iteration_proxy_valueINS1_9iter_implINS0_10basic_jsonISt3mapSt6vectorNSt7__cxx1112basic_stringIcSt11char_traitsIcESaIcEEEblmdSaNS0_14adl_serializerES6_IhSaIhEEvEEEEED2Ev	24	static
/usr/bin/../lib64/gcc/x86_64-pc-linux-gnu/16.1.1/../../../../include/c++/16.1.1/bits/stl_vector.h:790:_ZNSt6vectorI3KATSaIS0_EED2Ev	72	static
tests/mlkem768.cc:11:_Z17modify_ciphertextPhm	56	static
tests/mlkem768.cc:27:_Z17modify_secret_keyPhmb	56	static
tests/mlkem768.cc:50:_Z40compute_implicit_rejection_shared_secretPhmS_m	136	static
/usr/bin/../lib64/gcc/x86_64-pc-linux-gnu/16.1.1/../../../../include/c++/16.1.1/bits/stl_algobase.h:631:_ZSt4copyIPhS0_ET0_T_S2_S1_	152	static
tests/mlkem768.cc:0:__cxx_global_var_init	280	static
/usr/bin/../lib64/gcc/x86_64-pc-linux-gnu/16.1.1/../../../../include/c++/16.1.1/bits/basic_string.h:730:_ZNSt7__cxx1112basic_stringIcSt11char_traitsIcESaIcEEC2IS3_EEPKcRKS3_	88	static
_deps/googletest-src/googletest/include/gtest/internal/gtest-internal.h:477:_ZN7testing8internal12CodeLocationC2ENSt7__cxx1112basic_stringIcSt11char_traitsIcESaIcEEEi	40	static
_deps/googletest-src/googletest/include/gtest/internal/gtest-internal.h:505:_ZN7testing8internal16SuiteApiResolverINS_4TestEE19GetSetUpCaseOrSuiteEPKci	152	static
_deps/googletest-src/googletest/include/gtest/internal/gtest-internal.h:526:_ZN7testing8internal16SuiteApiResolverINS_4TestEE22GetTearDownCaseOrSuiteEPKci	136	static
_deps/googletest-src/googletest/include/gtest/internal/gtest-internal.h:454:_ZN7testing8internal15TestFactoryImplI41MlKem768TestPortable_ConsistencyTest_TestEC2Ev	24	static
_deps/googletest-src/googletest/include/gtest/internal/gtest-internal.h:476:_ZN7testing8internal12CodeLocationD2Ev	24	static
tests/mlkem768.cc:71:_ZN41MlKem768TestPortable_ConsistencyTest_Test8TestBodyEv	5128	static
_deps/googletest-src/googletest/include/gtest/gtest.h:1410:_ZN7testing8internal8EqHelper7CompareIiiTnPNSt9enable_ifIXoontsr3std11is_integralIT_EE5valuentsr3std10is_pointerIT0_EE5valueEvE4typeELPv0EEENS_15AssertionResultEPKcSC_RKS4_RKS5_	56	static
_deps/googletest-src/googletest/include/gtest/gtest-assertion-result.h:174:_ZNK7testing15AssertionResultcvbEv	8	static
_deps/googletest-src/googletest/include/gtest/gtest-assertion-result.h:187:_ZNK7testing15AssertionResult15failure_messageEv	24	static
_deps/googletest-src/googletest/include/gtest/gtest-message.h:101:_ZN7testing7MessageD2Ev	24	static
_deps/googletest-src/googletest/include/gtest/gtest-assertion-result.h:133:_ZN7testing15AssertionResultD2Ev	24	static
tests/mlkem768.cc:0:__cxx_global_var_init.12	280	static
_deps/googletest-src/googletest/include/gtest/internal/gtest-internal.h:454:_ZN7testing8internal15TestFactoryImplI49MlKem768TestPortableUnpacked_ConsistencyTest_TestEC2Ev	24	static
tests/mlkem768.cc:89:_ZN49MlKem768TestPortableUnpacked_ConsistencyTest_Test8TestBodyEv	1544	static
tests/mlkem768.cc:0:__cxx_global_var_init.14	280	static
_deps/googletest-src/googletest/include/gtest/internal/gtest-internal.h:454:_ZN7testing8internal15TestFactoryImplI48Kyber768TestPortable_ModifiedCiphertextTest_TestEC2Ev	24	static
tests/mlkem768.cc:116:_ZN48Kyber768TestPortable_ModifiedCiphertextTest_Test8TestBodyEv	5224	static
_deps/googletest-src/googletest/include/gtest/gtest.h:1472:_ZN7testing8internal11CmpHelperNEIiiEENS_15AssertionResultEPKcS4_RKT_RKT0_	72	static
tests/mlkem768.cc:0:__cxx_global_var_init.18	280	static
_deps/googletest-src/googletest/include/gtest/internal/gtest-internal.h:454:_ZN7testing8internal15TestFactoryImplI47Kyber768TestPortable_ModifiedSecretKeyTest_TestEC2Ev	24	static
tests/mlkem768.cc:147:_ZN47Kyber768TestPortable_ModifiedSecretKeyTest_Test8TestBodyEv	5288	static
tests/mlkem768.cc:0:__cxx_global_var_init.21	280	static
_deps/googletest-src/googletest/include/gtest/internal/gtest-internal.h:454:_ZN7testing8internal15TestFactoryImplI45MlKem768TestPortable_NISTKnownAnswerTest_TestEC2Ev	24	static
tests/mlkem768.cc:182:_ZN45MlKem768TestPortable_NISTKnownAnswerTest_Test8TestBodyEv	5800	static
/usr/bin/../lib64/gcc/x86_64-pc-linux-gnu/16.1.1/../../../../include/c++/16.1.1/bits/stl_vector.h:988:_ZNSt6vectorI3KATSaIS0_EE5beginEv	56	static
/usr/bin/../lib64/gcc/x86_64-pc-linux-gnu/16.1.1/../../../../include/c++/16.1.1/bits/stl_vector.h:1008:_ZNSt6vectorI3KATSaIS0_EE3endEv	56	static
tests/util.h:58:_ZN3KATC2ERKS_	88	static
/usr/bin/../lib64/gcc/x86_64-pc-linux-gnu/16.1.1/../../../../include/c++/16.1.1/bits/stl_vector.h:1385:_ZNSt6vectorIhSaIhEE4dataEv	24	static
tests/mlkem768.cc:71:_ZN41MlKem768TestPortable_ConsistencyTest_TestD2Ev	24	static
tests/mlkem768.cc:71:_ZN41MlKem768TestPortable_ConsistencyTest_TestD0Ev	24	static
_deps/googletest-src/googletest/include/gtest/gtest.h:356:_ZN7testing4Test5SetupEv	8	static
tests/mlkem768.cc:89:_ZN49MlKem768TestPortableUnpacked_ConsistencyTest_TestD2Ev	24	static
tests/mlkem768.cc:89:_ZN49MlKem768TestPortableUnpacked_ConsistencyTest_TestD0Ev	24	static
tests/mlkem768.cc:116:_ZN48Kyber768TestPortable_ModifiedCiphertextTest_TestD2Ev	24	static
tests/mlkem768.cc:116:_ZN48Kyber768TestPortable_ModifiedCiphertextTest_TestD0Ev	24	static
tests/mlkem768.cc:147:_ZN47Kyber768TestPortable_ModifiedSecretKeyTest_TestD2Ev	24	static
tests/mlkem768.cc:147:_ZN47Kyber768TestPortable_ModifiedSecretKeyTest_TestD0Ev	24	static
tests/mlkem768.cc:182:_ZN45MlKem768TestPortable_NISTKnownAnswerTest_TestD2Ev	24	static
tests/mlkem768.cc:182:_ZN45MlKem768TestPortable_NISTKnownAnswerTest_TestD0Ev	24	static
/usr/bin/../lib64/gcc/x86_64-pc-linux-gnu/16.1.1/../../../../include/c++/16.1.1/bits/basic_string.h:1187:_ZNKSt7__cxx1112basic_stringIcSt11char_traitsIcESaIcEE4sizeEv	40	static
/usr/bin/../lib64/gcc/x86_64-pc-linux-gnu/16.1.1/../../../../include/c++/16.1.1/bits/basic_string.h:1205:_ZNKSt7__cxx1112basic_stringIcSt11char_traitsIcESaIcEE8max_sizeEv	72	static
/usr/bin/../lib64/gcc/x86_64-pc-linux-gnu/16.1.1/../../../../include/c++/16.1.1/bits/basic_string.h:368:_ZNKSt7__cxx1112basic_stringIcSt11char_traitsIcESaIcEE16_M_get_allocatorEv	8	static
/home/jonas/wt/libcrux/wip/combined_extraction/c/tests/mlkem768.cc:__clang_call_terminate	8	static
/usr/bin/../lib64/gcc/x86_64-pc-linux-gnu/16.1.1/../../../../include/c++/16.1.1/bits/stl_algobase.h:232:_ZSt3minImERKT_S2_S2_	8	static
/usr/bin/../lib64/gcc/x86_64-pc-linux-gnu/16.1.1/../../../../include/c++/16.1.1/bits/stl_vector.h:2203:_ZNSt6vectorIhSaIhEE17_S_check_init_lenEmRKS0_	104	static
/usr/bin/../lib64/gcc/x86_64-pc-linux-gnu/16.1.1/../../../../include/c++/16.1.1/bits/stl_vector.h:339:_ZNSt12_Vector_baseIhSaIhEEC2EmRKS0_	56	static
/usr/bin/../lib64/gcc/x86_64-pc-linux-gnu/16.1.1/../../../../include/c++/16.1.1/bits/stl_vector.h:1998:_ZNSt6vectorIhSaIhEE21_M_default_initializeEm	56	static
/usr/bin/../lib64/gcc/x86_64-pc-linux-gnu/16.1.1/../../../../include/c++/16.1.1/bits/stl_vector.h:373:_ZNSt12_Vector_baseIhSaIhEED2Ev	40	static
/usr/bin/../lib64/gcc/x86_64-pc-linux-gnu/16.1.1/../../../../include/c++/16.1.1/bits/stl_vector.h:2212:_ZNSt6vectorIhSaIhEE11_S_max_sizeERKS0_	56	static
/usr/bin/../lib64/gcc/x86_64-pc-linux-gnu/16.1.1/../../../../include/c++/16.1.1/bits/stl_vector.h:152:_ZNSt12_Vector_baseIhSaIhEE12_Vector_implC2ERKS0_	56	static
/usr/bin/../lib64/gcc/x86_64-pc-linux-gnu/16.1.1/../../../../include/c++/16.1.1/bits/stl_vector.h:405:_ZNSt12_Vector_baseIhSaIhEE17_M_create_storageEm	40	static
/usr/bin/../lib64/gcc/x86_64-pc-linux-gnu/16.1.1/../../../../include/c++/16.1.1/bits/stl_vector.h:139:_ZNSt12_Vector_baseIhSaIhEE12_Vector_implD2Ev	8	static
/usr/bin/../lib64/gcc/x86_64-pc-linux-gnu/16.1.1/../../../../include/c++/16.1.1/bits/stl_vector.h:105:_ZNSt12_Vector_baseIhSaIhEE17_Vector_impl_dataC2Ev	8	static
/usr/bin/../lib64/gcc/x86_64-pc-linux-gnu/16.1.1/../../../../include/c++/16.1.1/bits/stl_vector.h:386:_ZNSt12_Vector_baseIhSaIhEE11_M_allocateEm	72	static
/usr/bin/../lib64/gcc/x86_64-pc-linux-gnu/16.1.1/../../../../include/c++/16.1.1/bits/new_allocator.h:129:_ZNSt15__new_allocatorIhE8allocateEmPKv	40	static
/usr/bin/../lib64/gcc/x86_64-pc-linux-gnu/16.1.1/../../../../include/c++/16.1.1/bits/stl_uninitialized.h:1051:_ZSt27__uninitialized_default_n_aIPhmhET_S1_T0_RSaIT1_E	40	static
/usr/bin/../lib64/gcc/x86_64-pc-linux-gnu/16.1.1/../../../../include/c++/16.1.1/bits/stl_vector.h:307:_ZNSt12_Vector_baseIhSaIhEE19_M_get_Tp_allocatorEv	8	static
/usr/bin/../lib64/gcc/x86_64-pc-linux-gnu/16.1.1/../../../../include/c++/16.1.1/bits/stl_uninitialized.h:982:_ZSt25__uninitialized_default_nIPhmET_S1_T0_	40	static
/usr/bin/../lib64/gcc/x86_64-pc-linux-gnu/16.1.1/../../../../include/c++/16.1.1/bits/stl_uninitialized.h:939:_ZNSt27__uninitialized_default_n_1ILb1EE18__uninit_default_nIPhmEET_S3_T0_	168	static
/usr/bin/../lib64/gcc/x86_64-pc-linux-gnu/16.1.1/../../../../include/c++/16.1.1/bits/stl_construct.h:123:_ZSt10_ConstructIhJEEvPT_DpOT0_	8	static
/usr/bin/../lib64/gcc/x86_64-pc-linux-gnu/16.1.1/../../../../include/c++/16.1.1/bits/stl_algobase.h:1021:_ZSt17__size_to_integerm	8	static
/usr/bin/../lib64/gcc/x86_64-pc-linux-gnu/16.1.1/../../../../include/c++/16.1.1/bits/stl_algobase.h:935:_ZSt9__fill_a1IhhEN9__gnu_cxx11__enable_ifIXaasr9__is_byteIT_EE7__valueoosr10__are_sameIS2_T0_EE7__valuesr20__memcpyable_integerIS3_EE7__widthEvE6__typeEPS2_S6_RKS3_	56	static
/usr/bin/../lib64/gcc/x86_64-pc-linux-gnu/16.1.1/../../../../include/c++/16.1.1/bits/stl_vector.h:394:_ZNSt12_Vector_baseIhSaIhEE13_M_deallocateEPhm	88	static
/usr/bin/../lib64/gcc/x86_64-pc-linux-gnu/16.1.1/../../../../include/c++/16.1.1/bits/new_allocator.h:167:_ZNSt15__new_allocatorIhE10deallocateEPhm	40	static
/usr/bin/../lib64/gcc/x86_64-pc-linux-gnu/16.1.1/../../../../include/c++/16.1.1/bits/basic_string.h:413:_ZNKSt7__cxx1112basic_stringIcSt11char_traitsIcESaIcEE8_M_checkEmPKc	72	static
/usr/bin/../lib64/gcc/x86_64-pc-linux-gnu/16.1.1/../../../../include/c++/16.1.1/bits/basic_string.h:650:_ZNSt7__cxx1112basic_stringIcSt11char_traitsIcESaIcEEC2ERKS4_mm	168	static
/usr/bin/../lib64/gcc/x86_64-pc-linux-gnu/16.1.1/../../../../include/c++/16.1.1/bits/basic_string.h:242:_ZNSt7__cxx1112basic_stringIcSt11char_traitsIcESaIcEE13_M_local_dataEv	24	static
/usr/bin/../lib64/gcc/x86_64-pc-linux-gnu/16.1.1/../../../../include/c++/16.1.1/bits/basic_string.h:207:_ZNSt7__cxx1112basic_stringIcSt11char_traitsIcESaIcEE12_Alloc_hiderC2EPcOS3_	8	static
/usr/bin/../lib64/gcc/x86_64-pc-linux-gnu/16.1.1/../../../../include/c++/16.1.1/bits/basic_string.h:237:_ZNKSt7__cxx1112basic_stringIcSt11char_traitsIcESaIcEE7_M_dataEv	8	static
/usr/bin/../lib64/gcc/x86_64-pc-linux-gnu/16.1.1/../../../../include/c++/16.1.1/bits/basic_string.tcc:228:_ZNSt7__cxx1112basic_stringIcSt11char_traitsIcESaIcEE12_M_constructIPKcEEvT_S8_St20forward_iterator_tag	120	static
/usr/bin/../lib64/gcc/x86_64-pc-linux-gnu/16.1.1/../../../../include/c++/16.1.1/bits/basic_string.h:434:_ZNKSt7__cxx1112basic_stringIcSt11char_traitsIcESaIcEE8_M_limitEmm	72	static
/usr/bin/../lib64/gcc/x86_64-pc-linux-gnu/16.1.1/../../../../include/c++/16.1.1/bits/basic_string.h:196:_ZNSt7__cxx1112basic_stringIcSt11char_traitsIcESaIcEE12_Alloc_hiderD2Ev	8	static
/usr/bin/../lib64/gcc/x86_64-pc-linux-gnu/16.1.1/../../../../include/c++/16.1.1/bits/ptr_traits.h:134:_ZNSt19__ptr_traits_ptr_toIPccLb0EE10pointer_toERc	8	static
/usr/bin/../lib64/gcc/x86_64-pc-linux-gnu/16.1.1/../../../../include/c++/16.1.1/bits/basic_string.h:227:_ZNSt7__cxx1112basic_stringIcSt11char_traitsIcESaIcEE7_M_dataEPc	8	static
/usr/bin/../lib64/gcc/x86_64-pc-linux-gnu/16.1.1/../../../../include/c++/16.1.1/bits/basic_string.tcc:144:_ZNSt7__cxx1112basic_stringIcSt11char_traitsIcESaIcEE9_M_createERmm	56	static
/usr/bin/../lib64/gcc/x86_64-pc-linux-gnu/16.1.1/../../../../include/c++/16.1.1/bits/basic_string.h:264:_ZNSt7__cxx1112basic_stringIcSt11char_traitsIcESaIcEE11_M_capacityEm	8	static
/usr/bin/../lib64/gcc/x86_64-pc-linux-gnu/16.1.1/../../../../include/c++/16.1.1/bits/basic_string.tcc:245:_ZZNSt7__cxx1112basic_stringIcSt11char_traitsIcESaIcEE12_M_constructIPKcEEvT_S8_St20forward_iterator_tagEN6_GuardC2EPS4_	8	static
/usr/bin/../lib64/gcc/x86_64-pc-linux-gnu/16.1.1/../../../../include/c++/16.1.1/bits/basic_string.h:487:_ZNSt7__cxx1112basic_stringIcSt11char_traitsIcESaIcEE13_S_copy_charsIPKcEEvPcT_S9_	40	static
/usr/bin/../lib64/gcc/x86_64-pc-linux-gnu/16.1.1/../../../../include/c++/16.1.1/bits/basic_string.h:269:_ZNSt7__cxx1112basic_stringIcSt11char_traitsIcESaIcEE13_M_set_lengthEm	56	static
/usr/bin/../lib64/gcc/x86_64-pc-linux-gnu/16.1.1/../../../../include/c++/16.1.1/bits/basic_string.tcc:248:_ZZNSt7__cxx1112basic_stringIcSt11char_traitsIcESaIcEE12_M_constructIPKcEEvT_S8_St20forward_iterator_tagEN6_GuardD2Ev	24	static
/usr/bin/../lib64/gcc/x86_64-pc-linux-gnu/16.1.1/../../../../include/c++/16.1.1/bits/basic_string.h:139:_ZNSt7__cxx1112basic_stringIcSt11char_traitsIcESaIcEE11_S_allocateERS3_m	72	static
/usr/bin/../lib64/gcc/x86_64-pc-linux-gnu/16.1.1/../../../../include/c++/16.1.1/bits/basic_string.h:363:_ZNSt7__cxx1112basic_stringIcSt11char_traitsIcESaIcEE16_M_get_allocatorEv	8	static
/usr/bin/../lib64/gcc/x86_64-pc-linux-gnu/16.1.1/../../../../include/c++/16.1.1/bits/new_allocator.h:129:_ZNSt15__new_allocatorIcE8allocateEmPKv	40	static
/usr/bin/../lib64/gcc/x86_64-pc-linux-gnu/16.1.1/../../../../include/c++/16.1.1/bits/basic_string.h:452:_ZNSt7__cxx1112basic_stringIcSt11char_traitsIcESaIcEE7_S_copyEPcPKcm	40	static
/usr/bin/../lib64/gcc/x86_64-pc-linux-gnu/16.1.1/../../../../include/c++/16.1.1/bits/char_traits.h:348:_ZNSt11char_traitsIcE6assignERcRKc	8	static
/usr/bin/../lib64/gcc/x86_64-pc-linux-gnu/16.1.1/../../../../include/c++/16.1.1/bits/char_traits.h:424:_ZNSt11char_traitsIcE4copyEPcPKcm	56	static
/usr/bin/../lib64/gcc/x86_64-pc-linux-gnu/16.1.1/../../../../include/c++/16.1.1/bits/basic_string.h:232:_ZNSt7__cxx1112basic_stringIcSt11char_traitsIcESaIcEE9_M_lengthEm	8	static
/usr/bin/../lib64/gcc/x86_64-pc-linux-gnu/16.1.1/../../../../include/c++/16.1.1/bits/basic_string.h:295:_ZNSt7__cxx1112basic_stringIcSt11char_traitsIcESaIcEE10_M_disposeEv	24	static
/usr/bin/../lib64/gcc/x86_64-pc-linux-gnu/16.1.1/../../../../include/c++/16.1.1/bits/basic_string.h:277:_ZNKSt7__cxx1112basic_stringIcSt11char_traitsIcESaIcEE11_M_is_localEv	40	static
/usr/bin/../lib64/gcc/x86_64-pc-linux-gnu/16.1.1/../../../../include/c++/16.1.1/bits/basic_string.h:303:_ZNSt7__cxx1112basic_stringIcSt11char_traitsIcESaIcEE10_M_destroyEm	88	static
/usr/bin/../lib64/gcc/x86_64-pc-linux-gnu/16.1.1/../../../../include/c++/16.1.1/bits/basic_string.h:253:_ZNKSt7__cxx1112basic_stringIcSt11char_traitsIcESaIcEE13_M_local_dataEv	24	static
/usr/bin/../lib64/gcc/x86_64-pc-linux-gnu/16.1.1/../../../../include/c++/16.1.1/bits/ptr_traits.h:134:_ZNSt19__ptr_traits_ptr_toIPKcS0_Lb0EE10pointer_toERS0_	8	static
/usr/bin/../lib64/gcc/x86_64-pc-linux-gnu/16.1.1/../../../../include/c++/16.1.1/bits/new_allocator.h:167:_ZNSt15__new_allocatorIcE10deallocateEPcm	40	static
/usr/bin/../lib64/gcc/x86_64-pc-linux-gnu/16.1.1/../../../../include/c++/16.1.1/bits/stl_vector.h:1107:_ZNKSt6vectorIhSaIhEE4sizeEv	8	static
/usr/bin/../lib64/gcc/x86_64-pc-linux-gnu/16.1.1/../../../../include/c++/16.1.1/bits/stl_construct.h:219:_ZSt8_DestroyIPhEvT_S1_	8	static
/usr/bin/../lib64/gcc/x86_64-pc-linux-gnu/16.1.1/../../../../include/c++/16.1.1/bits/stl_vector.h:321:_ZNSt12_Vector_baseI3KATSaIS0_EEC2Ev	24	static
/usr/bin/../lib64/gcc/x86_64-pc-linux-gnu/16.1.1/../../../../include/c++/16.1.1/bits/stl_vector.h:143:_ZNSt12_Vector_baseI3KATSaIS0_EE12_Vector_implC2EvQ26is_default_constructible_vIN9__gnu_cxx14__alloc_traitsIT0_NS6_10value_typeEE6rebindIT_E5otherEE	40	static
/usr/bin/../lib64/gcc/x86_64-pc-linux-gnu/16.1.1/../../../../include/c++/16.1.1/bits/stl_vector.h:105:_ZNSt12_Vector_baseI3KATSaIS0_EE17_Vector_impl_dataC2Ev	8	static
/usr/bin/../lib64/gcc/x86_64-pc-linux-gnu/16.1.1/../../../../include/c++/16.1.1/bits/vector.tcc:116:_ZNSt6vectorI3KATSaIS0_EE12emplace_backIJS0_EEERS0_DpOT_	56	static
/usr/bin/../lib64/gcc/x86_64-pc-linux-gnu/16.1.1/../../../../include/c++/16.1.1/bits/vector.tcc:566:_ZNSt6vectorI3KATSaIS0_EE17_M_realloc_appendIJS0_EEEvDpOT_	200	static
/usr/bin/../lib64/gcc/x86_64-pc-linux-gnu/16.1.1/../../../../include/c++/16.1.1/bits/stl_vector.h:1358:_ZNSt6vectorI3KATSaIS0_EE4backEv	120	static
/usr/bin/../lib64/gcc/x86_64-pc-linux-gnu/16.1.1/../../../../include/c++/16.1.1/bits/stl_construct.h:96:_ZSt12construct_atI3KATJS0_EQaant20is_unbounded_array_vIT_ErqXgsnwcvPvLi0E_S1_pispclsr3stdE7declvalIT0_EEEEEPS1_S4_DpOS3_	40	static
tests/util.h:58:_ZN3KATC2EOS_	40	static
/usr/bin/../lib64/gcc/x86_64-pc-linux-gnu/16.1.1/../../../../include/c++/16.1.1/bits/stl_vector.h:640:_ZNSt6vectorIhSaIhEEC2EOS1_	24	static
/usr/bin/../lib64/gcc/x86_64-pc-linux-gnu/16.1.1/../../../../include/c++/16.1.1/bits/stl_vector.h:344:_ZNSt12_Vector_baseIhSaIhEEC2EOS1_	24	static
/usr/bin/../lib64/gcc/x86_64-pc-linux-gnu/16.1.1/../../../../include/c++/16.1.1/bits/stl_vector.h:160:_ZNSt12_Vector_baseIhSaIhEE12_Vector_implC2EOS2_	56	static
/usr/bin/../lib64/gcc/x86_64-pc-linux-gnu/16.1.1/../../../../include/c++/16.1.1/bits/stl_vector.h:111:_ZNSt12_Vector_baseIhSaIhEE17_Vector_impl_dataC2EOS2_	8	static
/usr/bin/../lib64/gcc/x86_64-pc-linux-gnu/16.1.1/../../../../include/c++/16.1.1/bits/stl_vector.h:2192:_ZNKSt6vectorI3KATSaIS0_EE12_M_check_lenEmPKc	120	static
/usr/bin/../lib64/gcc/x86_64-pc-linux-gnu/16.1.1/../../../../include/c++/16.1.1/bits/stl_vector.h:1107:_ZNKSt6vectorI3KATSaIS0_EE4sizeEv	8	static
/usr/bin/../lib64/gcc/x86_64-pc-linux-gnu/16.1.1/../../../../include/c++/16.1.1/bits/stl_vector.h:386:_ZNSt12_Vector_baseI3KATSaIS0_EE11_M_allocateEm	72	static
/usr/bin/../lib64/gcc/x86_64-pc-linux-gnu/16.1.1/../../../../include/c++/16.1.1/bits/stl_vector.h:1865:_ZNSt6vectorI3KATSaIS0_EE12_Guard_allocC2EPS0_mRSt12_Vector_baseIS0_S1_E	8	static
/usr/bin/../lib64/gcc/x86_64-pc-linux-gnu/16.1.1/../../../../include/c++/16.1.1/bits/stl_uninitialized.h:1404:_ZSt12__relocate_aIP3KATS1_SaIS0_EET0_T_S4_S3_RT1_	72	static
/usr/bin/../lib64/gcc/x86_64-pc-linux-gnu/16.1.1/../../../../include/c++/16.1.1/bits/stl_vector.h:307:_ZNSt12_Vector_baseI3KATSaIS0_EE19_M_get_Tp_allocatorEv	8	static
/usr/bin/../lib64/gcc/x86_64-pc-linux-gnu/16.1.1/../../../../include/c++/16.1.1/bits/stl_vector.h:1870:_ZNSt6vectorI3KATSaIS0_EE12_Guard_allocD2Ev	24	static
/usr/bin/../lib64/gcc/x86_64-pc-linux-gnu/16.1.1/../../../../include/c++/16.1.1/bits/stl_vector.h:1118:_ZNKSt6vectorI3KATSaIS0_EE8max_sizeEv	24	static
/usr/bin/../lib64/gcc/x86_64-pc-linux-gnu/16.1.1/../../../../include/c++/16.1.1/bits/stl_algobase.h:256:_ZSt3maxImERKT_S2_S2_	8	static
/usr/bin/../lib64/gcc/x86_64-pc-linux-gnu/16.1.1/../../../../include/c++/16.1.1/bits/stl_vector.h:2212:_ZNSt6vectorI3KATSaIS0_EE11_S_max_sizeERKS1_	56	static
/usr/bin/../lib64/gcc/x86_64-pc-linux-gnu/16.1.1/../../../../include/c++/16.1.1/bits/stl_vector.h:312:_ZNKSt12_Vector_baseI3KATSaIS0_EE19_M_get_Tp_allocatorEv	8	static
/usr/bin/../lib64/gcc/x86_64-pc-linux-gnu/16.1.1/../../../../include/c++/16.1.1/bits/new_allocator.h:129:_ZNSt15__new_allocatorI3KATE8allocateEmPKv	40	static
/usr/bin/../lib64/gcc/x86_64-pc-linux-gnu/16.1.1/../../../../include/c++/16.1.1/bits/stl_uninitialized.h:1354:_ZSt14__relocate_a_1IP3KATS1_SaIS0_EET0_T_S4_S3_RT1_	56	static
/usr/bin/../lib64/gcc/x86_64-pc-linux-gnu/16.1.1/../../../../include/c++/16.1.1/bits/stl_uninitialized.h:1331:_ZSt19__relocate_object_aI3KATS0_SaIS0_EEvPT_PT0_RT1_	72	static
/usr/bin/../lib64/gcc/x86_64-pc-linux-gnu/16.1.1/../../../../include/c++/16.1.1/bits/stl_construct.h:80:_ZSt10destroy_atI3KATEvPT_	24	static
/usr/bin/../lib64/gcc/x86_64-pc-linux-gnu/16.1.1/../../../../include/c++/16.1.1/bits/stl_vector.h:394:_ZNSt12_Vector_baseI3KATSaIS0_EE13_M_deallocateEPS0_m	88	static
/usr/bin/../lib64/gcc/x86_64-pc-linux-gnu/16.1.1/../../../../include/c++/16.1.1/bits/new_allocator.h:167:_ZNSt15__new_allocatorI3KATE10deallocateEPS0_m	40	static
/usr/bin/../lib64/gcc/x86_64-pc-linux-gnu/16.1.1/../../../../include/c++/16.1.1/bits/stl_vector.h:1213:_ZNKSt6vectorI3KATSaIS0_EE5emptyEv	88	static
/usr/bin/../lib64/gcc/x86_64-pc-linux-gnu/16.1.1/../../../../include/c++/16.1.1/bits/stl_vector.h:998:_ZNKSt6vectorI3KATSaIS0_EE5beginEv	56	static
/usr/bin/../lib64/gcc/x86_64-pc-linux-gnu/16.1.1/../../../../include/c++/16.1.1/bits/stl_vector.h:1018:_ZNKSt6vectorI3KATSaIS0_EE3endEv	56	static
/usr/bin/../lib64/gcc/x86_64-pc-linux-gnu/16.1.1/../../../../include/c++/16.1.1/bits/stl_vector.h:373:_ZNSt12_Vector_baseI3KATSaIS0_EED2Ev	40	static
/usr/bin/../lib64/gcc/x86_64-pc-linux-gnu/16.1.1/../../../../include/c++/16.1.1/bits/stl_construct.h:219:_ZSt8_DestroyIP3KATEvT_S2_	24	static
/usr/bin/../lib64/gcc/x86_64-pc-linux-gnu/16.1.1/../../../../include/c++/16.1.1/bits/stl_construct.h:161:_ZSt8_DestroyI3KATEvPT_	24	static
/usr/bin/../lib64/gcc/x86_64-pc-linux-gnu/16.1.1/../../../../include/c++/16.1.1/bits/stl_vector.h:139:_ZNSt12_Vector_baseI3KATSaIS0_EE12_Vector_implD2Ev	8	static
/usr/bin/../lib64/gcc/x86_64-pc-linux-gnu/16.1.1/../../../../include/c++/16.1.1/bits/cpp_type_traits.h:709:_ZSt12__miter_baseIPhET_S1_	8	static
/usr/bin/../lib64/gcc/x86_64-pc-linux-gnu/16.1.1/../../../../include/c++/16.1.1/bits/stl_algobase.h:411:_ZSt14__copy_move_a2ILb0EPhS0_S0_ET2_T0_T1_S1_	88	static
/usr/bin/../lib64/gcc/x86_64-pc-linux-gnu/16.1.1/../../../../include/c++/16.1.1/bits/basic_string.h:203:_ZNSt7__cxx1112basic_stringIcSt11char_traitsIcESaIcEE12_Alloc_hiderC2EPcRKS3_	8	static
/usr/bin/../lib64/gcc/x86_64-pc-linux-gnu/16.1.1/../../../../include/c++/16.1.1/bits/char_traits.h:390:_ZNSt11char_traitsIcE6lengthEPKc	24	static
/usr/bin/../lib64/gcc/x86_64-pc-linux-gnu/16.1.1/../../../../include/c++/16.1.1/bits/basic_string.h:766:_ZNSt7__cxx1112basic_stringIcSt11char_traitsIcESaIcEEC2EOS4_	104	static
_deps/googletest-src/googletest/include/gtest/internal/gtest-internal.h:444:_ZN7testing8internal15TestFactoryBaseC2Ev	8	static
_deps/googletest-src/googletest/include/gtest/internal/gtest-internal.h:454:_ZN7testing8internal15TestFactoryImplI41MlKem768TestPortable_ConsistencyTest_TestED2Ev	24	static
_deps/googletest-src/googletest/include/gtest/internal/gtest-internal.h:454:_ZN7testing8internal15TestFactoryImplI41MlKem768TestPortable_ConsistencyTest_TestED0Ev	24	static
_deps/googletest-src/googletest/include/gtest/internal/gtest-internal.h:456:_ZN7testing8internal15TestFactoryImplI41MlKem768TestPortable_ConsistencyTest_TestE10CreateTestEv	40	static
_deps/googletest-src/googletest/include/gtest/internal/gtest-internal.h:437:_ZN7testing8internal15TestFactoryBaseD2Ev	8	static
_deps/googletest-src/googletest/include/gtest/internal/gtest-internal.h:437:_ZN7testing8internal15TestFactoryBaseD0Ev	8	static
tests/mlkem768.cc:71:_ZN41MlKem768TestPortable_ConsistencyTest_TestC2Ev	24	static
_deps/googletest-src/googletest/include/gtest/gtest-assertion-result.h:183:_ZNK7testing15AssertionResult7messageEv	40	static
/usr/bin/../lib64/gcc/x86_64-pc-linux-gnu/16.1.1/../../../../include/c++/16.1.1/bits/unique_ptr.h:855:_ZSteqINSt7__cxx1112basic_stringIcSt11char_traitsIcESaIcEEESt14default_deleteIS5_EEbRKSt10unique_ptrIT_T0_EDn	24	static
/usr/bin/../lib64/gcc/x86_64-pc-linux-gnu/16.1.1/../../../../include/c++/16.1.1/bits/unique_ptr.h:462:_ZNKSt10unique_ptrINSt7__cxx1112basic_stringIcSt11char_traitsIcESaIcEEESt14default_deleteIS5_EEptEv	24	static
/usr/bin/../lib64/gcc/x86_64-pc-linux-gnu/16.1.1/../../../../include/c++/16.1.1/bits/unique_ptr.h:488:_ZNKSt10unique_ptrINSt7__cxx1112basic_stringIcSt11char_traitsIcESaIcEEESt14default_deleteIS5_EEcvbEv	24	static
/usr/bin/../lib64/gcc/x86_64-pc-linux-gnu/16.1.1/../../../../include/c++/16.1.1/bits/unique_ptr.h:471:_ZNKSt10unique_ptrINSt7__cxx1112basic_stringIcSt11char_traitsIcESaIcEEESt14default_deleteIS5_EE3getEv	24	static
/usr/bin/../lib64/gcc/x86_64-pc-linux-gnu/16.1.1/../../../../include/c++/16.1.1/bits/unique_ptr.h:192:_ZNKSt15__uniq_ptr_implINSt7__cxx1112basic_stringIcSt11char_traitsIcESaIcEEESt14default_deleteIS5_EE6_M_ptrEv	24	static
/usr/bin/../lib64/gcc/x86_64-pc-linux-gnu/16.1.1/../../../../include/c++/16.1.1/tuple:2505:_ZSt3getILm0EJPNSt7__cxx1112basic_stringIcSt11char_traitsIcESaIcEEESt14default_deleteIS5_EEERKNSt13tuple_elementIXT_ESt5tupleIJDpT0_EEE4typeERKSD_	24	static
/usr/bin/../lib64/gcc/x86_64-pc-linux-gnu/16.1.1/../../../../include/c++/16.1.1/tuple:2488:_ZSt12__get_helperILm0EPNSt7__cxx1112basic_stringIcSt11char_traitsIcESaIcEEEJSt14default_deleteIS5_EEERKT0_RKSt11_Tuple_implIXT_EJS9_DpT1_EE	24	static
/usr/bin/../lib64/gcc/x86_64-pc-linux-gnu/16.1.1/../../../../include/c++/16.1.1/tuple:294:_ZNSt11_Tuple_implILm0EJPNSt7__cxx1112basic_stringIcSt11char_traitsIcESaIcEEESt14default_deleteIS5_EEE7_M_headERKS9_	24	static
/usr/bin/../lib64/gcc/x86_64-pc-linux-gnu/16.1.1/../../../../include/c++/16.1.1/tuple:249:_ZNSt10_Head_baseILm0EPNSt7__cxx1112basic_stringIcSt11char_traitsIcESaIcEEELb0EE7_M_headERKS7_	8	static
/usr/bin/../lib64/gcc/x86_64-pc-linux-gnu/16.1.1/../../../../include/c++/16.1.1/bits/unique_ptr.h:392:_ZNSt10unique_ptrINSt7__cxx1118basic_stringstreamIcSt11char_traitsIcESaIcEEESt14default_deleteIS5_EED2Ev	40	static
/usr/bin/../lib64/gcc/x86_64-pc-linux-gnu/16.1.1/../../../../include/c++/16.1.1/bits/unique_ptr.h:190:_ZNSt15__uniq_ptr_implINSt7__cxx1118basic_stringstreamIcSt11char_traitsIcESaIcEEESt14default_deleteIS5_EE6_M_ptrEv	24	static
/usr/bin/../lib64/gcc/x86_64-pc-linux-gnu/16.1.1/../../../../include/c++/16.1.1/bits/unique_ptr.h:477:_ZNSt10unique_ptrINSt7__cxx1118basic_stringstreamIcSt11char_traitsIcESaIcEEESt14default_deleteIS5_EE11get_deleterEv	24	static
/usr/bin/../lib64/gcc/x86_64-pc-linux-gnu/16.1.1/../../../../include/c++/16.1.1/bits/unique_ptr.h:86:_ZNKSt14default_deleteINSt7__cxx1118basic_stringstreamIcSt11char_traitsIcESaIcEEEEclEPS5_	40	static
/usr/bin/../lib64/gcc/x86_64-pc-linux-gnu/16.1.1/../../../../include/c++/16.1.1/tuple:2499:_ZSt3getILm0EJPNSt7__cxx1118basic_stringstreamIcSt11char_traitsIcESaIcEEESt14default_deleteIS5_EEERNSt13tuple_elementIXT_ESt5tupleIJDpT0_EEE4typeERSD_	24	static
/usr/bin/../lib64/gcc/x86_64-pc-linux-gnu/16.1.1/../../../../include/c++/16.1.1/tuple:2483:_ZSt12__get_helperILm0EPNSt7__cxx1118basic_stringstreamIcSt11char_traitsIcESaIcEEEJSt14default_deleteIS5_EEERT0_RSt11_Tuple_implIXT_EJS9_DpT1_EE	24	static
/usr/bin/../lib64/gcc/x86_64-pc-linux-gnu/16.1.1/../../../../include/c++/16.1.1/tuple:291:_ZNSt11_Tuple_implILm0EJPNSt7__cxx1118basic_stringstreamIcSt11char_traitsIcESaIcEEESt14default_deleteIS5_EEE7_M_headERS9_	24	static
/usr/bin/../lib64/gcc/x86_64-pc-linux-gnu/16.1.1/../../../../include/c++/16.1.1/tuple:246:_ZNSt10_Head_baseILm0EPNSt7__cxx1118basic_stringstreamIcSt11char_traitsIcESaIcEEELb0EE7_M_headERS7_	8	static
/usr/bin/../lib64/gcc/x86_64-pc-linux-gnu/16.1.1/../../../../include/c++/16.1.1/bits/unique_ptr.h:194:_ZNSt15__uniq_ptr_implINSt7__cxx1118basic_stringstreamIcSt11char_traitsIcESaIcEEESt14default_deleteIS5_EE10_M_deleterEv	24	static
/usr/bin/../lib64/gcc/x86_64-pc-linux-gnu/16.1.1/../../../../include/c++/16.1.1/tuple:2499:_ZSt3getILm1EJPNSt7__cxx1118basic_stringstreamIcSt11char_traitsIcESaIcEEESt14default_deleteIS5_EEERNSt13tuple_elementIXT_ESt5tupleIJDpT0_EEE4typeERSD_	24	static
/usr/bin/../lib64/gcc/x86_64-pc-linux-gnu/16.1.1/../../../../include/c++/16.1.1/tuple:2483:_ZSt12__get_helperILm1ESt14default_deleteINSt7__cxx1118basic_stringstreamIcSt11char_traitsIcESaIcEEEEJEERT0_RSt11_Tuple_implIXT_EJS8_DpT1_EE	24	static
/usr/bin/../lib64/gcc/x86_64-pc-linux-gnu/16.1.1/../../../../include/c++/16.1.1/tuple:554:_ZNSt11_Tuple_implILm1EJSt14default_deleteINSt7__cxx1118basic_stringstreamIcSt11char_traitsIcESaIcEEEEEE7_M_headERS8_	24	static
/usr/bin/../lib64/gcc/x86_64-pc-linux-gnu/16.1.1/../../../../include/c++/16.1.1/tuple:137:_ZNSt10_Head_baseILm1ESt14default_deleteINSt7__cxx1118basic_stringstreamIcSt11char_traitsIcESaIcEEEELb1EE7_M_headERS8_	8	static
/usr/bin/../lib64/gcc/x86_64-pc-linux-gnu/16.1.1/../../../../include/c++/16.1.1/bits/unique_ptr.h:392:_ZNSt10unique_ptrINSt7__cxx1112basic_stringIcSt11char_traitsIcESaIcEEESt14default_deleteIS5_EED2Ev	40	static
/usr/bin/../lib64/gcc/x86_64-pc-linux-gnu/16.1.1/../../../../include/c++/16.1.1/bits/unique_ptr.h:190:_ZNSt15__uniq_ptr_implINSt7__cxx1112basic_stringIcSt11char_traitsIcESaIcEEESt14default_deleteIS5_EE6_M_ptrEv	24	static
/usr/bin/../lib64/gcc/x86_64-pc-linux-gnu/16.1.1/../../../../include/c++/16.1.1/bits/unique_ptr.h:477:_ZNSt10unique_ptrINSt7__cxx1112basic_stringIcSt11char_traitsIcESaIcEEESt14default_deleteIS5_EE11get_deleterEv	24	static
/usr/bin/../lib64/gcc/x86_64-pc-linux-gnu/16.1.1/../../../../include/c++/16.1.1/bits/unique_ptr.h:86:_ZNKSt14default_deleteINSt7__cxx1112basic_stringIcSt11char_traitsIcESaIcEEEEclEPS5_	40	static
/usr/bin/../lib64/gcc/x86_64-pc-linux-gnu/16.1.1/../../../../include/c++/16.1.1/tuple:2499:_ZSt3getILm0EJPNSt7__cxx1112basic_stringIcSt11char_traitsIcESaIcEEESt14default_deleteIS5_EEERNSt13tuple_elementIXT_ESt5tupleIJDpT0_EEE4typeERSD_	24	static
/usr/bin/../lib64/gcc/x86_64-pc-linux-gnu/16.1.1/../../../../include/c++/16.1.1/tuple:2483:_ZSt12__get_helperILm0EPNSt7__cxx1112basic_stringIcSt11char_traitsIcESaIcEEEJSt14default_deleteIS5_EEERT0_RSt11_Tuple_implIXT_EJS9_DpT1_EE	24	static
/usr/bin/../lib64/gcc/x86_64-pc-linux-gnu/16.1.1/../../../../include/c++/16.1.1/tuple:291:_ZNSt11_Tuple_implILm0EJPNSt7__cxx1112basic_stringIcSt11char_traitsIcESaIcEEESt14default_deleteIS5_EEE7_M_headERS9_	24	static
/usr/bin/../lib64/gcc/x86_64-pc-linux-gnu/16.1.1/../../../../include/c++/16.1.1/tuple:246:_ZNSt10_Head_baseILm0EPNSt7__cxx1112basic_stringIcSt11char_traitsIcESaIcEEELb0EE7_M_headERS7_	8	static
/usr/bin/../lib64/gcc/x86_64-pc-linux-gnu/16.1.1/../../../../include/c++/16.1.1/bits/unique_ptr.h:194:_ZNSt15__uniq_ptr_implINSt7__cxx1112basic_stringIcSt11char_traitsIcESaIcEEESt14default_deleteIS5_EE10_M_deleterEv	24	static
/usr/bin/../lib64/gcc/x86_64-pc-linux-gnu/16.1.1/../../../../include/c++/16.1.1/tuple:2499:_ZSt3getILm1EJPNSt7__cxx1112basic_stringIcSt11char_traitsIcESaIcEEESt14default_deleteIS5_EEERNSt13tuple_elementIXT_ESt5tupleIJDpT0_EEE4typeERSD_	24	static
/usr/bin/../lib64/gcc/x86_64-pc-linux-gnu/16.1.1/../../../../include/c++/16.1.1/tuple:2483:_ZSt12__get_helperILm1ESt14default_deleteINSt7__cxx1112basic_stringIcSt11char_traitsIcESaIcEEEEJEERT0_RSt11_Tuple_implIXT_EJS8_DpT1_EE	24	static
/usr/bin/../lib64/gcc/x86_64-pc-linux-gnu/16.1.1/../../../../include/c++/16.1.1/tuple:554:_ZNSt11_Tuple_implILm1EJSt14default_deleteINSt7__cxx1112basic_stringIcSt11char_traitsIcESaIcEEEEEE7_M_headERS8_	24	static
/usr/bin/../lib64/gcc/x86_64-pc-linux-gnu/16.1.1/../../../../include/c++/16.1.1/tuple:137:_ZNSt10_Head_baseILm1ESt14default_deleteINSt7__cxx1112basic_stringIcSt11char_traitsIcESaIcEEEELb1EE7_M_headERS8_	8	static
_deps/googletest-src/googletest/include/gtest/internal/gtest-internal.h:454:_ZN7testing8internal15TestFactoryImplI49MlKem768TestPortableUnpacked_ConsistencyTest_TestED2Ev	24	static
_deps/googletest-src/googletest/include/gtest/internal/gtest-internal.h:454:_ZN7testing8internal15TestFactoryImplI49MlKem768TestPortableUnpacked_ConsistencyTest_TestED0Ev	24	static
_deps/googletest-src/googletest/include/gtest/internal/gtest-internal.h:456:_ZN7testing8internal15TestFactoryImplI49MlKem768TestPortableUnpacked_ConsistencyTest_TestE10CreateTestEv	40	static
tests/mlkem768.cc:89:_ZN49MlKem768TestPortableUnpacked_ConsistencyTest_TestC2Ev	24	static
_deps/googletest-src/googletest/include/gtest/internal/gtest-internal.h:454:_ZN7testing8internal15TestFactoryImplI48Kyber768TestPortable_ModifiedCiphertextTest_TestED2Ev	24	static
_deps/googletest-src/googletest/include/gtest/internal/gtest-internal.h:454:_ZN7testing8internal15TestFactoryImplI48Kyber768TestPortable_ModifiedCiphertextTest_TestED0Ev	24	static
_deps/googletest-src/googletest/include/gtest/internal/gtest-internal.h:456:_ZN7testing8internal15TestFactoryImplI48Kyber768TestPortable_ModifiedCiphertextTest_TestE10CreateTestEv	40	static
tests/mlkem768.cc:116:_ZN48Kyber768TestPortable_ModifiedCiphertextTest_TestC2Ev	24	static
_deps/googletest-src/googletest/include/gtest/internal/gtest-internal.h:454:_ZN7testing8internal15TestFactoryImplI47Kyber768TestPortable_ModifiedSecretKeyTest_TestED2Ev	24	static
_deps/googletest-src/googletest/include/gtest/internal/gtest-internal.h:454:_ZN7testing8internal15TestFactoryImplI47Kyber768TestPortable_ModifiedSecretKeyTest_TestED0Ev	24	static
_deps/googletest-src/googletest/include/gtest/internal/gtest-internal.h:456:_ZN7testing8internal15TestFactoryImplI47Kyber768TestPortable_ModifiedSecretKeyTest_TestE10CreateTestEv	40	static
tests/mlkem768.cc:147:_ZN47Kyber768TestPortable_ModifiedSecretKeyTest_TestC2Ev	24	static
_deps/googletest-src/googletest/include/gtest/internal/gtest-internal.h:454:_ZN7testing8internal15TestFactoryImplI45MlKem768TestPortable_NISTKnownAnswerTest_TestED2Ev	24	static
_deps/googletest-src/googletest/include/gtest/internal/gtest-internal.h:454:_ZN7testing8internal15TestFactoryImplI45MlKem768TestPortable_NISTKnownAnswerTest_TestED0Ev	24	static
_deps/googletest-src/googletest/include/gtest/internal/gtest-internal.h:456:_ZN7testing8internal15TestFactoryImplI45MlKem768TestPortable_NISTKnownAnswerTest_TestE10CreateTestEv	40	static
tests/mlkem768.cc:182:_ZN45MlKem768TestPortable_NISTKnownAnswerTest_TestC2Ev	24	static
/usr/bin/../lib64/gcc/x86_64-pc-linux-gnu/16.1.1/../../../../include/c++/16.1.1/bits/stl_vector.h:621:_ZNSt6vectorIhSaIhEEC2ERKS1_	200	static
/usr/bin/../lib64/gcc/x86_64-pc-linux-gnu/16.1.1/../../../../include/c++/16.1.1/bits/stl_vector.h:312:_ZNKSt12_Vector_baseIhSaIhEE19_M_get_Tp_allocatorEv	8	static
/usr/bin/../lib64/gcc/x86_64-pc-linux-gnu/16.1.1/../../../../include/c++/16.1.1/bits/stl_uninitialized.h:637:_ZSt22__uninitialized_copy_aIN9__gnu_cxx17__normal_iteratorIPKhSt6vectorIhSaIhEEEES7_PhhET1_T_T0_S9_RSaIT2_E	72	static
/usr/bin/../lib64/gcc/x86_64-pc-linux-gnu/16.1.1/../../../../include/c++/16.1.1/bits/stl_uninitialized.h:252:_ZSt18uninitialized_copyIN9__gnu_cxx17__normal_iteratorIPKhSt6vectorIhSaIhEEEEPhET0_T_SA_S9_	120	static
/usr/bin/../lib64/gcc/x86_64-pc-linux-gnu/16.1.1/../../../../include/c++/16.1.1/bits/stl_vector.h:2286:_ZNKSt6vectorIhSaIhEE11_M_data_ptrIhEEPT_S4_	8	static
_deps/json-src/include/nlohmann/json.hpp:682:_ZNK8nlohmann16json_abi_v3_11_310basic_jsonISt3mapSt6vectorNSt7__cxx1112basic_stringIcSt11char_traitsIcESaIcEEEblmdSaNS0_14adl_serializerES3_IhSaIhEEvE16assert_invariantEb	40	static
_deps/json-src/include/nlohmann/json.hpp:4214:_ZN8nlohmann16json_abi_v3_11_310basic_jsonISt3mapSt6vectorNSt7__cxx1112basic_stringIcSt11char_traitsIcESaIcEEEblmdSaNS0_14adl_serializerES3_IhSaIhEEvE4dataD2Ev	24	static
_deps/json-src/include/nlohmann/json.hpp:554:_ZN8nlohmann16json_abi_v3_11_310basic_jsonISt3mapSt6vectorNSt7__cxx1112basic_stringIcSt11char_traitsIcESaIcEEEblmdSaNS0_14adl_serializerES3_IhSaIhEEvE10json_value7destroyENS0_6detail7value_tE	600	static
/usr/bin/../lib64/gcc/x86_64-pc-linux-gnu/16.1.1/../../../../include/c++/16.1.1/bits/stl_vector.h:551:_ZNSt6vectorIN8nlohmann16json_abi_v3_11_310basic_jsonISt3mapS_NSt7__cxx1112basic_stringIcSt11char_traitsIcESaIcEEEblmdSaNS1_14adl_serializerES_IhSaIhEEvEESaISD_EEC2Ev	24	static
/usr/bin/../lib64/gcc/x86_64-pc-linux-gnu/16.1.1/../../../../include/c++/16.1.1/bits/vector.tcc:71:_ZNSt6vectorIN8nlohmann16json_abi_v3_11_310basic_jsonISt3mapS_NSt7__cxx1112basic_stringIcSt11char_traitsIcESaIcEEEblmdSaNS1_14adl_serializerES_IhSaIhEEvEESaISD_EE7reserveEm	88	static
/usr/bin/../lib64/gcc/x86_64-pc-linux-gnu/16.1.1/../../../../include/c++/16.1.1/bits/stl_vector.h:1107:_ZNKSt6vectorIN8nlohmann16json_abi_v3_11_310basic_jsonISt3mapS_NSt7__cxx1112basic_stringIcSt11char_traitsIcESaIcEEEblmdSaNS1_14adl_serializerES_IhSaIhEEvEESaISD_EE4sizeEv	8	static
/usr/bin/../lib64/gcc/x86_64-pc-linux-gnu/16.1.1/../../../../include/c++/16.1.1/bits/stl_algobase.h:664:_ZSt4moveIN9__gnu_cxx17__normal_iteratorIPN8nlohmann16json_abi_v3_11_310basic_jsonISt3mapSt6vectorNSt7__cxx1112basic_stringIcSt11char_traitsIcESaIcEEEblmdSaNS3_14adl_serializerES6_IhSaIhEEvEES6_ISG_SaISG_EEEESt20back_insert_iteratorISJ_EET0_T_SO_SN_	280	static
/usr/bin/../lib64/gcc/x86_64-pc-linux-gnu/16.1.1/../../../../include/c++/16.1.1/bits/stl_vector.h:988:_ZNSt6vectorIN8nlohmann16json_abi_v3_11_310basic_jsonISt3mapS_NSt7__cxx1112basic_stringIcSt11char_traitsIcESaIcEEEblmdSaNS1_14adl_serializerES_IhSaIhEEvEESaISD_EE5beginEv	56	static
/usr/bin/../lib64/gcc/x86_64-pc-linux-gnu/16.1.1/../../../../include/c++/16.1.1/bits/stl_vector.h:1008:_ZNSt6vectorIN8nlohmann16json_abi_v3_11_310basic_jsonISt3mapS_NSt7__cxx1112basic_stringIcSt11char_traitsIcESaIcEEEblmdSaNS1_14adl_serializerES_IhSaIhEEvEESaISD_EE3endEv	56	static
/usr/bin/../lib64/gcc/x86_64-pc-linux-gnu/16.1.1/../../../../include/c++/16.1.1/bits/stl_iterator.h:764:_ZSt13back_inserterISt6vectorIN8nlohmann16json_abi_v3_11_310basic_jsonISt3mapS0_NSt7__cxx1112basic_stringIcSt11char_traitsIcESaIcEEEblmdSaNS2_14adl_serializerES0_IhSaIhEEvEESaISE_EEESt20back_insert_iteratorIT_ERSI_	40	static
/usr/bin/../lib64/gcc/x86_64-pc-linux-gnu/16.1.1/../../../../include/c++/16.1.1/bits/stl_map.h:506:_ZNKSt3mapINSt7__cxx1112basic_stringIcSt11char_traitsIcESaIcEEEN8nlohmann16json_abi_v3_11_310basic_jsonIS_St6vectorS5_blmdSaNS7_14adl_serializerES9_IhSaIhEEvEESt4lessIvESaISt4pairIKS5_SD_EEE4sizeEv	24	static
/usr/bin/../lib64/gcc/x86_64-pc-linux-gnu/16.1.1/../../../../include/c++/16.1.1/bits/stl_map.h:392:_ZNSt3mapINSt7__cxx1112basic_stringIcSt11char_traitsIcESaIcEEEN8nlohmann16json_abi_v3_11_310basic_jsonIS_St6vectorS5_blmdSaNS7_14adl_serializerES9_IhSaIhEEvEESt4lessIvESaISt4pairIKS5_SD_EEE5beginEv	24	static
/usr/bin/../lib64/gcc/x86_64-pc-linux-gnu/16.1.1/../../../../include/c++/16.1.1/bits/stl_map.h:410:_ZNSt3mapINSt7__cxx1112basic_stringIcSt11char_traitsIcESaIcEEEN8nlohmann16json_abi_v3_11_310basic_jsonIS_St6vectorS5_blmdSaNS7_14adl_serializerES9_IhSaIhEEvEESt4lessIvESaISt4pairIKS5_SD_EEE3endEv	24	static
/usr/bin/../lib64/gcc/x86_64-pc-linux-gnu/16.1.1/../../../../include/c++/16.1.1/bits/stl_tree.h:430:_ZSteqRKSt17_Rb_tree_iteratorISt4pairIKNSt7__cxx1112basic_stringIcSt11char_traitsIcESaIcEEEN8nlohmann16json_abi_v3_11_310basic_jsonISt3mapSt6vectorS6_blmdSaNS9_14adl_serializerESC_IhSaIhEEvEEEESK_	8	static
/usr/bin/../lib64/gcc/x86_64-pc-linux-gnu/16.1.1/../../../../include/c++/16.1.1/bits/stl_tree.h:392:_ZNKSt17_Rb_tree_iteratorISt4pairIKNSt7__cxx1112basic_stringIcSt11char_traitsIcESaIcEEEN8nlohmann16json_abi_v3_11_310basic_jsonISt3mapSt6vectorS6_blmdSaNS9_14adl_serializerESC_IhSaIhEEvEEEEdeEv	24	static
/usr/bin/../lib64/gcc/x86_64-pc-linux-gnu/16.1.1/../../../../include/c++/16.1.1/bits/stl_vector.h:1423:_ZNSt6vectorIN8nlohmann16json_abi_v3_11_310basic_jsonISt3mapS_NSt7__cxx1112basic_stringIcSt11char_traitsIcESaIcEEEblmdSaNS1_14adl_serializerES_IhSaIhEEvEESaISD_EE9push_backEOSD_	24	static
/usr/bin/../lib64/gcc/x86_64-pc-linux-gnu/16.1.1/../../../../include/c++/16.1.1/bits/stl_tree.h:400:_ZNSt17_Rb_tree_iteratorISt4pairIKNSt7__cxx1112basic_stringIcSt11char_traitsIcESaIcEEEN8nlohmann16json_abi_v3_11_310basic_jsonISt3mapSt6vectorS6_blmdSaNS9_14adl_serializerESC_IhSaIhEEvEEEEppEv	24	static
/usr/bin/../lib64/gcc/x86_64-pc-linux-gnu/16.1.1/../../../../include/c++/16.1.1/bits/stl_vector.h:1213:_ZNKSt6vectorIN8nlohmann16json_abi_v3_11_310basic_jsonISt3mapS_NSt7__cxx1112basic_stringIcSt11char_traitsIcESaIcEEEblmdSaNS1_14adl_serializerES_IhSaIhEEvEESaISD_EE5emptyEv	88	static
/usr/bin/../lib64/gcc/x86_64-pc-linux-gnu/16.1.1/../../../../include/c++/16.1.1/bits/stl_vector.h:1358:_ZNSt6vectorIN8nlohmann16json_abi_v3_11_310basic_jsonISt3mapS_NSt7__cxx1112basic_stringIcSt11char_traitsIcESaIcEEEblmdSaNS1_14adl_serializerES_IhSaIhEEvEESaISD_EE4backEv	120	static
_deps/json-src/include/nlohmann/json.hpp:1214:_ZN8nlohmann16json_abi_v3_11_310basic_jsonISt3mapSt6vectorNSt7__cxx1112basic_stringIcSt11char_traitsIcESaIcEEEblmdSaNS0_14adl_serializerES3_IhSaIhEEvEC2EOSD_	56	static
/usr/bin/../lib64/gcc/x86_64-pc-linux-gnu/16.1.1/../../../../include/c++/16.1.1/bits/stl_vector.h:1447:_ZNSt6vectorIN8nlohmann16json_abi_v3_11_310basic_jsonISt3mapS_NSt7__cxx1112basic_stringIcSt11char_traitsIcESaIcEEEblmdSaNS1_14adl_serializerES_IhSaIhEEvEESaISD_EE8pop_backEv	40	static
_deps/json-src/include/nlohmann/json.hpp:1364:_ZNK8nlohmann16json_abi_v3_11_310basic_jsonISt3mapSt6vectorNSt7__cxx1112basic_stringIcSt11char_traitsIcESaIcEEEblmdSaNS0_14adl_serializerES3_IhSaIhEEvE8is_arrayEv	8	static
/usr/bin/../lib64/gcc/x86_64-pc-linux-gnu/16.1.1/../../../../include/c++/16.1.1/bits/stl_vector.h:1853:_ZNSt6vectorIN8nlohmann16json_abi_v3_11_310basic_jsonISt3mapS_NSt7__cxx1112basic_stringIcSt11char_traitsIcESaIcEEEblmdSaNS1_14adl_serializerES_IhSaIhEEvEESaISD_EE5clearEv	24	static
_deps/json-src/include/nlohmann/json.hpp:1357:_ZNK8nlohmann16json_abi_v3_11_310basic_jsonISt3mapSt6vectorNSt7__cxx1112basic_stringIcSt11char_traitsIcESaIcEEEblmdSaNS0_14adl_serializerES3_IhSaIhEEvE9is_objectEv	8	static
/usr/bin/../lib64/gcc/x86_64-pc-linux-gnu/16.1.1/../../../../include/c++/16.1.1/bits/stl_map.h:1378:_ZNSt3mapINSt7__cxx1112basic_stringIcSt11char_traitsIcESaIcEEEN8nlohmann16json_abi_v3_11_310basic_jsonIS_St6vectorS5_blmdSaNS7_14adl_serializerES9_IhSaIhEEvEESt4lessIvESaISt4pairIKS5_SD_EEE5clearEv	24	static
/usr/bin/../lib64/gcc/x86_64-pc-linux-gnu/16.1.1/../../../../include/c++/16.1.1/bits/stl_vector.h:790:_ZNSt6vectorIN8nlohmann16json_abi_v3_11_310basic_jsonISt3mapS_NSt7__cxx1112basic_stringIcSt11char_traitsIcESaIcEEEblmdSaNS1_14adl_serializerES_IhSaIhEEvEESaISD_EED2Ev	72	static
/usr/bin/../lib64/gcc/x86_64-pc-linux-gnu/16.1.1/../../../../include/c++/16.1.1/bits/stl_vector.h:321:_ZNSt12_Vector_baseIN8nlohmann16json_abi_v3_11_310basic_jsonISt3mapSt6vectorNSt7__cxx1112basic_stringIcSt11char_traitsIcESaIcEEEblmdSaNS1_14adl_serializerES4_IhSaIhEEvEESaISE_EEC2Ev	24	static
/usr/bin/../lib64/gcc/x86_64-pc-linux-gnu/16.1.1/../../../../include/c++/16.1.1/bits/stl_vector.h:143:_ZNSt12_Vector_baseIN8nlohmann16json_abi_v3_11_310basic_jsonISt3mapSt6vectorNSt7__cxx1112basic_stringIcSt11char_traitsIcESaIcEEEblmdSaNS1_14adl_serializerES4_IhSaIhEEvEESaISE_EE12_Vector_implC2EvQ26is_default_constructible_vIN9__gnu_cxx14__alloc_traitsIT0_NSK_10value_typeEE6rebindIT_E5otherEE	40	static
/usr/bin/../lib64/gcc/x86_64-pc-linux-gnu/16.1.1/../../../../include/c++/16.1.1/bits/stl_vector.h:105:_ZNSt12_Vector_baseIN8nlohmann16json_abi_v3_11_310basic_jsonISt3mapSt6vectorNSt7__cxx1112basic_stringIcSt11char_traitsIcESaIcEEEblmdSaNS1_14adl_serializerES4_IhSaIhEEvEESaISE_EE17_Vector_impl_dataC2Ev	8	static
/usr/bin/../lib64/gcc/x86_64-pc-linux-gnu/16.1.1/../../../../include/c++/16.1.1/bits/stl_vector.h:1118:_ZNKSt6vectorIN8nlohmann16json_abi_v3_11_310basic_jsonISt3mapS_NSt7__cxx1112basic_stringIcSt11char_traitsIcESaIcEEEblmdSaNS1_14adl_serializerES_IhSaIhEEvEESaISD_EE8max_sizeEv	24	static
/usr/bin/../lib64/gcc/x86_64-pc-linux-gnu/16.1.1/../../../../include/c++/16.1.1/bits/stl_vector.h:1198:_ZNKSt6vectorIN8nlohmann16json_abi_v3_11_310basic_jsonISt3mapS_NSt7__cxx1112basic_stringIcSt11char_traitsIcESaIcEEEblmdSaNS1_14adl_serializerES_IhSaIhEEvEESaISD_EE8capacityEv	8	static
/usr/bin/../lib64/gcc/x86_64-pc-linux-gnu/16.1.1/../../../../include/c++/16.1.1/bits/stl_vector.h:386:_ZNSt12_Vector_baseIN8nlohmann16json_abi_v3_11_310basic_jsonISt3mapSt6vectorNSt7__cxx1112basic_stringIcSt11char_traitsIcESaIcEEEblmdSaNS1_14adl_serializerES4_IhSaIhEEvEESaISE_EE11_M_allocateEm	72	static
/usr/bin/../lib64/gcc/x86_64-pc-linux-gnu/16.1.1/../../../../include/c++/16.1.1/bits/stl_uninitialized.h:1404:_ZSt12__relocate_aIPN8nlohmann16json_abi_v3_11_310basic_jsonISt3mapSt6vectorNSt7__cxx1112basic_stringIcSt11char_traitsIcESaIcEEEblmdSaNS1_14adl_serializerES4_IhSaIhEEvEESF_SaISE_EET0_T_SI_SH_RT1_	72	static
/usr/bin/../lib64/gcc/x86_64-pc-linux-gnu/16.1.1/../../../../include/c++/16.1.1/bits/stl_vector.h:307:_ZNSt12_Vector_baseIN8nlohmann16json_abi_v3_11_310basic_jsonISt3mapSt6vectorNSt7__cxx1112basic_stringIcSt11char_traitsIcESaIcEEEblmdSaNS1_14adl_serializerES4_IhSaIhEEvEESaISE_EE19_M_get_Tp_allocatorEv	8	static
/usr/bin/../lib64/gcc/x86_64-pc-linux-gnu/16.1.1/../../../../include/c++/16.1.1/bits/stl_vector.h:394:_ZNSt12_Vector_baseIN8nlohmann16json_abi_v3_11_310basic_jsonISt3mapSt6vectorNSt7__cxx1112basic_stringIcSt11char_traitsIcESaIcEEEblmdSaNS1_14adl_serializerES4_IhSaIhEEvEESaISE_EE13_M_deallocateEPSE_m	88	static
/usr/bin/../lib64/gcc/x86_64-pc-linux-gnu/16.1.1/../../../../include/c++/16.1.1/bits/stl_vector.h:2212:_ZNSt6vectorIN8nlohmann16json_abi_v3_11_310basic_jsonISt3mapS_NSt7__cxx1112basic_stringIcSt11char_traitsIcESaIcEEEblmdSaNS1_14adl_serializerES_IhSaIhEEvEESaISD_EE11_S_max_sizeERKSE_	56	static
/usr/bin/../lib64/gcc/x86_64-pc-linux-gnu/16.1.1/../../../../include/c++/16.1.1/bits/stl_vector.h:312:_ZNKSt12_Vector_baseIN8nlohmann16json_abi_v3_11_310basic_jsonISt3mapSt6vectorNSt7__cxx1112basic_stringIcSt11char_traitsIcESaIcEEEblmdSaNS1_14adl_serializerES4_IhSaIhEEvEESaISE_EE19_M_get_Tp_allocatorEv	8	static
/usr/bin/../lib64/gcc/x86_64-pc-linux-gnu/16.1.1/../../../../include/c++/16.1.1/bits/new_allocator.h:129:_ZNSt15__new_allocatorIN8nlohmann16json_abi_v3_11_310basic_jsonISt3mapSt6vectorNSt7__cxx1112basic_stringIcSt11char_traitsIcESaIcEEEblmdSaNS1_14adl_serializerES4_IhSaIhEEvEEE8allocateEmPKv	40	static
/usr/bin/../lib64/gcc/x86_64-pc-linux-gnu/16.1.1/../../../../include/c++/16.1.1/bits/stl_uninitialized.h:1354:_ZSt14__relocate_a_1IPN8nlohmann16json_abi_v3_11_310basic_jsonISt3mapSt6vectorNSt7__cxx1112basic_stringIcSt11char_traitsIcESaIcEEEblmdSaNS1_14adl_serializerES4_IhSaIhEEvEESF_SaISE_EET0_T_SI_SH_RT1_	56	static
/usr/bin/../lib64/gcc/x86_64-pc-linux-gnu/16.1.1/../../../../include/c++/16.1.1/bits/stl_uninitialized.h:1331:_ZSt19__relocate_object_aIN8nlohmann16json_abi_v3_11_310basic_jsonISt3mapSt6vectorNSt7__cxx1112basic_stringIcSt11char_traitsIcESaIcEEEblmdSaNS1_14adl_serializerES4_IhSaIhEEvEESE_SaISE_EEvPT_PT0_RT1_	72	static
/usr/bin/../lib64/gcc/x86_64-pc-linux-gnu/16.1.1/../../../../include/c++/16.1.1/bits/stl_construct.h:96:_ZSt12construct_atIN8nlohmann16json_abi_v3_11_310basic_jsonISt3mapSt6vectorNSt7__cxx1112basic_stringIcSt11char_traitsIcESaIcEEEblmdSaNS1_14adl_serializerES4_IhSaIhEEvEEJSE_EQaant20is_unbounded_array_vIT_ErqXgsnwcvPvLi0E_SF_pispclsr3stdE7declvalIT0_EEEEEPSF_SI_DpOSH_	40	static
/usr/bin/../lib64/gcc/x86_64-pc-linux-gnu/16.1.1/../../../../include/c++/16.1.1/bits/stl_construct.h:80:_ZSt10destroy_atIN8nlohmann16json_abi_v3_11_310basic_jsonISt3mapSt6vectorNSt7__cxx1112basic_stringIcSt11char_traitsIcESaIcEEEblmdSaNS1_14adl_serializerES4_IhSaIhEEvEEEvPT_	24	static
/usr/bin/../lib64/gcc/x86_64-pc-linux-gnu/16.1.1/../../../../include/c++/16.1.1/bits/new_allocator.h:167:_ZNSt15__new_allocatorIN8nlohmann16json_abi_v3_11_310basic_jsonISt3mapSt6vectorNSt7__cxx1112basic_stringIcSt11char_traitsIcESaIcEEEblmdSaNS1_14adl_serializerES4_IhSaIhEEvEEE10deallocateEPSE_m	40	static
/usr/bin/../lib64/gcc/x86_64-pc-linux-gnu/16.1.1/../../../../include/c++/16.1.1/bits/cpp_type_traits.h:709:_ZSt12__miter_baseIN9__gnu_cxx17__normal_iteratorIPN8nlohmann16json_abi_v3_11_310basic_jsonISt3mapSt6vectorNSt7__cxx1112basic_stringIcSt11char_traitsIcESaIcEEEblmdSaNS3_14adl_serializerES6_IhSaIhEEvEES6_ISG_SaISG_EEEEET_SL_	40	static
/usr/bin/../lib64/gcc/x86_64-pc-linux-gnu/16.1.1/../../../../include/c++/16.1.1/bits/stl_algobase.h:411:_ZSt14__copy_move_a2ILb1EPN8nlohmann16json_abi_v3_11_310basic_jsonISt3mapSt6vectorNSt7__cxx1112basic_stringIcSt11char_traitsIcESaIcEEEblmdSaNS1_14adl_serializerES4_IhSaIhEEvEESF_St20back_insert_iteratorIS4_ISE_SaISE_EEEET2_T0_T1_SK_	88	static
/usr/bin/../lib64/gcc/x86_64-pc-linux-gnu/16.1.1/../../../../include/c++/16.1.1/bits/stl_iterator.h:740:_ZNSt20back_insert_iteratorISt6vectorIN8nlohmann16json_abi_v3_11_310basic_jsonISt3mapS0_NSt7__cxx1112basic_stringIcSt11char_traitsIcESaIcEEEblmdSaNS2_14adl_serializerES0_IhSaIhEEvEESaISE_EEEppEv	8	static
/usr/bin/../lib64/gcc/x86_64-pc-linux-gnu/16.1.1/../../../../include/c++/16.1.1/bits/stl_iterator.h:734:_ZNSt20back_insert_iteratorISt6vectorIN8nlohmann16json_abi_v3_11_310basic_jsonISt3mapS0_NSt7__cxx1112basic_stringIcSt11char_traitsIcESaIcEEEblmdSaNS2_14adl_serializerES0_IhSaIhEEvEESaISE_EEEdeEv	8	static
/usr/bin/../lib64/gcc/x86_64-pc-linux-gnu/16.1.1/../../../../include/c++/16.1.1/bits/stl_iterator.h:724:_ZNSt20back_insert_iteratorISt6vectorIN8nlohmann16json_abi_v3_11_310basic_jsonISt3mapS0_NSt7__cxx1112basic_stringIcSt11char_traitsIcESaIcEEEblmdSaNS2_14adl_serializerES0_IhSaIhEEvEESaISE_EEEaSEOSE_	40	static
/usr/bin/../lib64/gcc/x86_64-pc-linux-gnu/16.1.1/../../../../include/c++/16.1.1/bits/stl_iterator.h:692:_ZNSt20back_insert_iteratorISt6vectorIN8nlohmann16json_abi_v3_11_310basic_jsonISt3mapS0_NSt7__cxx1112basic_stringIcSt11char_traitsIcESaIcEEEblmdSaNS2_14adl_serializerES0_IhSaIhEEvEESaISE_EEEC2ERSG_	8	static
/usr/bin/../lib64/gcc/x86_64-pc-linux-gnu/16.1.1/../../../../include/c++/16.1.1/bits/stl_tree.h:1676:_ZNKSt8_Rb_treeINSt7__cxx1112basic_stringIcSt11char_traitsIcESaIcEEESt4pairIKS5_N8nlohmann16json_abi_v3_11_310basic_jsonISt3mapSt6vectorS5_blmdSaNS9_14adl_serializerESC_IhSaIhEEvEEESt10_Select1stISH_ESt4lessIvESaISH_EE4sizeEv	8	static
/usr/bin/../lib64/gcc/x86_64-pc-linux-gnu/16.1.1/../../../../include/c++/16.1.1/bits/stl_tree.h:1640:_ZNSt8_Rb_treeINSt7__cxx1112basic_stringIcSt11char_traitsIcESaIcEEESt4pairIKS5_N8nlohmann16json_abi_v3_11_310basic_jsonISt3mapSt6vectorS5_blmdSaNS9_14adl_serializerESC_IhSaIhEEvEEESt10_Select1stISH_ESt4lessIvESaISH_EE5beginEv	40	static
/usr/bin/../lib64/gcc/x86_64-pc-linux-gnu/16.1.1/../../../../include/c++/16.1.1/bits/stl_tree.h:388:_ZNSt17_Rb_tree_iteratorISt4pairIKNSt7__cxx1112basic_stringIcSt11char_traitsIcESaIcEEEN8nlohmann16json_abi_v3_11_310basic_jsonISt3mapSt6vectorS6_blmdSaNS9_14adl_serializerESC_IhSaIhEEvEEEEC2EPSt18_Rb_tree_node_base	8	static
/usr/bin/../lib64/gcc/x86_64-pc-linux-gnu/16.1.1/../../../../include/c++/16.1.1/bits/stl_tree.h:1648:_ZNSt8_Rb_treeINSt7__cxx1112basic_stringIcSt11char_traitsIcESaIcEEESt4pairIKS5_N8nlohmann16json_abi_v3_11_310basic_jsonISt3mapSt6vectorS5_blmdSaNS9_14adl_serializerESC_IhSaIhEEvEEESt10_Select1stISH_ESt4lessIvESaISH_EE3endEv	40	static
/usr/bin/../lib64/gcc/x86_64-pc-linux-gnu/16.1.1/../../../../include/c++/16.1.1/bits/stl_tree.h:1390:_ZNKSt8_Rb_treeINSt7__cxx1112basic_stringIcSt11char_traitsIcESaIcEEESt4pairIKS5_N8nlohmann16json_abi_v3_11_310basic_jsonISt3mapSt6vectorS5_blmdSaNS9_14adl_serializerESC_IhSaIhEEvEEESt10_Select1stISH_ESt4lessIvESaISH_EE6_M_endEv	24	static
/usr/bin/../lib64/gcc/x86_64-pc-linux-gnu/16.1.1/../../../../include/c++/16.1.1/bits/stl_tree.h:134:_ZNKSt18_Rb_tree_node_base11_M_base_ptrEv	8	static
/usr/bin/../lib64/gcc/x86_64-pc-linux-gnu/16.1.1/../../../../include/c++/16.1.1/bits/stl_tree.h:230:_ZNSt13_Rb_tree_nodeISt4pairIKNSt7__cxx1112basic_stringIcSt11char_traitsIcESaIcEEEN8nlohmann16json_abi_v3_11_310basic_jsonISt3mapSt6vectorS6_blmdSaNS9_14adl_serializerESC_IhSaIhEEvEEEE9_M_valptrEv	24	static
/usr/bin/../lib64/gcc/x86_64-pc-linux-gnu/16.1.1/../../../../include/c++/16.1.1/ext/aligned_buffer.h:78:_ZN9__gnu_cxx16__aligned_membufISt4pairIKNSt7__cxx1112basic_stringIcSt11char_traitsIcESaIcEEEN8nlohmann16json_abi_v3_11_310basic_jsonISt3mapSt6vectorS7_blmdSaNSA_14adl_serializerESD_IhSaIhEEvEEEE6_M_ptrEv	24	static
/usr/bin/../lib64/gcc/x86_64-pc-linux-gnu/16.1.1/../../../../include/c++/16.1.1/ext/aligned_buffer.h:70:_ZN9__gnu_cxx16__aligned_membufISt4pairIKNSt7__cxx1112basic_stringIcSt11char_traitsIcESaIcEEEN8nlohmann16json_abi_v3_11_310basic_jsonISt3mapSt6vectorS7_blmdSaNSA_14adl_serializerESD_IhSaIhEEvEEEE7_M_addrEv	8	static
/usr/bin/../lib64/gcc/x86_64-pc-linux-gnu/16.1.1/../../../../include/c++/16.1.1/bits/vector.tcc:116:_ZNSt6vectorIN8nlohmann16json_abi_v3_11_310basic_jsonISt3mapS_NSt7__cxx1112basic_stringIcSt11char_traitsIcESaIcEEEblmdSaNS1_14adl_serializerES_IhSaIhEEvEESaISD_EE12emplace_backIJSD_EEERSD_DpOT_	56	static
/usr/bin/../lib64/gcc/x86_64-pc-linux-gnu/16.1.1/../../../../include/c++/16.1.1/bits/vector.tcc:566:_ZNSt6vectorIN8nlohmann16json_abi_v3_11_310basic_jsonISt3mapS_NSt7__cxx1112basic_stringIcSt11char_traitsIcESaIcEEEblmdSaNS1_14adl_serializerES_IhSaIhEEvEESaISD_EE17_M_realloc_appendIJSD_EEEvDpOT_	200	static
/usr/bin/../lib64/gcc/x86_64-pc-linux-gnu/16.1.1/../../../../include/c++/16.1.1/bits/stl_vector.h:2192:_ZNKSt6vectorIN8nlohmann16json_abi_v3_11_310basic_jsonISt3mapS_NSt7__cxx1112basic_stringIcSt11char_traitsIcESaIcEEEblmdSaNS1_14adl_serializerES_IhSaIhEEvEESaISD_EE12_M_check_lenEmPKc	120	static
/usr/bin/../lib64/gcc/x86_64-pc-linux-gnu/16.1.1/../../../../include/c++/16.1.1/bits/stl_vector.h:1865:_ZNSt6vectorIN8nlohmann16json_abi_v3_11_310basic_jsonISt3mapS_NSt7__cxx1112basic_stringIcSt11char_traitsIcESaIcEEEblmdSaNS1_14adl_serializerES_IhSaIhEEvEESaISD_EE12_Guard_allocC2EPSD_mRSt12_Vector_baseISD_SE_E	8	static
/usr/bin/../lib64/gcc/x86_64-pc-linux-gnu/16.1.1/../../../../include/c++/16.1.1/bits/stl_vector.h:1870:_ZNSt6vectorIN8nlohmann16json_abi_v3_11_310basic_jsonISt3mapS_NSt7__cxx1112basic_stringIcSt11char_traitsIcESaIcEEEblmdSaNS1_14adl_serializerES_IhSaIhEEvEESaISD_EE12_Guard_allocD2Ev	24	static
/usr/bin/../lib64/gcc/x86_64-pc-linux-gnu/16.1.1/../../../../include/c++/16.1.1/bits/stl_vector.h:998:_ZNKSt6vectorIN8nlohmann16json_abi_v3_11_310basic_jsonISt3mapS_NSt7__cxx1112basic_stringIcSt11char_traitsIcESaIcEEEblmdSaNS1_14adl_serializerES_IhSaIhEEvEESaISD_EE5beginEv	56	static
/usr/bin/../lib64/gcc/x86_64-pc-linux-gnu/16.1.1/../../../../include/c++/16.1.1/bits/stl_vector.h:1018:_ZNKSt6vectorIN8nlohmann16json_abi_v3_11_310basic_jsonISt3mapS_NSt7__cxx1112basic_stringIcSt11char_traitsIcESaIcEEEblmdSaNS1_14adl_serializerES_IhSaIhEEvEESaISD_EE3endEv	56	static
_deps/json-src/include/nlohmann/json.hpp:703:_ZN8nlohmann16json_abi_v3_11_310basic_jsonISt3mapSt6vectorNSt7__cxx1112basic_stringIcSt11char_traitsIcESaIcEEEblmdSaNS0_14adl_serializerES3_IhSaIhEEvE11set_parentsEv	8	static
/usr/bin/../lib64/gcc/x86_64-pc-linux-gnu/16.1.1/../../../../include/c++/16.1.1/bits/stl_vector.h:2229:_ZNSt6vectorIN8nlohmann16json_abi_v3_11_310basic_jsonISt3mapS_NSt7__cxx1112basic_stringIcSt11char_traitsIcESaIcEEEblmdSaNS1_14adl_serializerES_IhSaIhEEvEESaISD_EE15_M_erase_at_endEPSD_	88	static
/usr/bin/../lib64/gcc/x86_64-pc-linux-gnu/16.1.1/../../../../include/c++/16.1.1/bits/stl_construct.h:219:_ZSt8_DestroyIPN8nlohmann16json_abi_v3_11_310basic_jsonISt3mapSt6vectorNSt7__cxx1112basic_stringIcSt11char_traitsIcESaIcEEEblmdSaNS1_14adl_serializerES4_IhSaIhEEvEEEvT_SG_	24	static
/usr/bin/../lib64/gcc/x86_64-pc-linux-gnu/16.1.1/../../../../include/c++/16.1.1/bits/stl_construct.h:161:_ZSt8_DestroyIN8nlohmann16json_abi_v3_11_310basic_jsonISt3mapSt6vectorNSt7__cxx1112basic_stringIcSt11char_traitsIcESaIcEEEblmdSaNS1_14adl_serializerES4_IhSaIhEEvEEEvPT_	24	static
/usr/bin/../lib64/gcc/x86_64-pc-linux-gnu/16.1.1/../../../../include/c++/16.1.1/bits/stl_tree.h:1903:_ZNSt8_Rb_treeINSt7__cxx1112basic_stringIcSt11char_traitsIcESaIcEEESt4pairIKS5_N8nlohmann16json_abi_v3_11_310basic_jsonISt3mapSt6vectorS5_blmdSaNS9_14adl_serializerESC_IhSaIhEEvEEESt10_Select1stISH_ESt4lessIvESaISH_EE5clearEv	24	static
/usr/bin/../lib64/gcc/x86_64-pc-linux-gnu/16.1.1/../../../../include/c++/16.1.1/bits/stl_tree.h:2624:_ZNSt8_Rb_treeINSt7__cxx1112basic_stringIcSt11char_traitsIcESaIcEEESt4pairIKS5_N8nlohmann16json_abi_v3_11_310basic_jsonISt3mapSt6vectorS5_blmdSaNS9_14adl_serializerESC_IhSaIhEEvEEESt10_Select1stISH_ESt4lessIvESaISH_EE8_M_eraseEPSt13_Rb_tree_nodeISH_E	40	static
/usr/bin/../lib64/gcc/x86_64-pc-linux-gnu/16.1.1/../../../../include/c++/16.1.1/bits/stl_tree.h:1381:_ZNKSt8_Rb_treeINSt7__cxx1112basic_stringIcSt11char_traitsIcESaIcEEESt4pairIKS5_N8nlohmann16json_abi_v3_11_310basic_jsonISt3mapSt6vectorS5_blmdSaNS9_14adl_serializerESC_IhSaIhEEvEEESt10_Select1stISH_ESt4lessIvESaISH_EE13_M_begin_nodeEv	40	static
/usr/bin/../lib64/gcc/x86_64-pc-linux-gnu/16.1.1/../../../../include/c++/16.1.1/bits/stl_tree.h:204:_ZNSt15_Rb_tree_header8_M_resetEv	8	static
/usr/bin/../lib64/gcc/x86_64-pc-linux-gnu/16.1.1/../../../../include/c++/16.1.1/bits/stl_tree.h:1438:_ZNSt8_Rb_treeINSt7__cxx1112basic_stringIcSt11char_traitsIcESaIcEEESt4pairIKS5_N8nlohmann16json_abi_v3_11_310basic_jsonISt3mapSt6vectorS5_blmdSaNS9_14adl_serializerESC_IhSaIhEEvEEESt10_Select1stISH_ESt4lessIvESaISH_EE8_S_rightEPSt13_Rb_tree_nodeISH_E	24	static
/usr/bin/../lib64/gcc/x86_64-pc-linux-gnu/16.1.1/../../../../include/c++/16.1.1/bits/stl_tree.h:1426:_ZNSt8_Rb_treeINSt7__cxx1112basic_stringIcSt11char_traitsIcESaIcEEESt4pairIKS5_N8nlohmann16json_abi_v3_11_310basic_jsonISt3mapSt6vectorS5_blmdSaNS9_14adl_serializerESC_IhSaIhEEvEEESt10_Select1stISH_ESt4lessIvESaISH_EE7_S_leftEPSt13_Rb_tree_nodeISH_E	24	static
/usr/bin/../lib64/gcc/x86_64-pc-linux-gnu/16.1.1/../../../../include/c++/16.1.1/bits/stl_tree.h:1271:_ZNSt8_Rb_treeINSt7__cxx1112basic_stringIcSt11char_traitsIcESaIcEEESt4pairIKS5_N8nlohmann16json_abi_v3_11_310basic_jsonISt3mapSt6vectorS5_blmdSaNS9_14adl_serializerESC_IhSaIhEEvEEESt10_Select1stISH_ESt4lessIvESaISH_EE12_M_drop_nodeEPSt13_Rb_tree_nodeISH_E	40	static
/usr/bin/../lib64/gcc/x86_64-pc-linux-gnu/16.1.1/../../../../include/c++/16.1.1/bits/stl_tree.h:239:_ZNSt13_Rb_tree_nodeISt4pairIKNSt7__cxx1112basic_stringIcSt11char_traitsIcESaIcEEEN8nlohmann16json_abi_v3_11_310basic_jsonISt3mapSt6vectorS6_blmdSaNS9_14adl_serializerESC_IhSaIhEEvEEEE11_M_node_ptrEv	8	static
/usr/bin/../lib64/gcc/x86_64-pc-linux-gnu/16.1.1/../../../../include/c++/16.1.1/bits/stl_tree.h:1260:_ZNSt8_Rb_treeINSt7__cxx1112basic_stringIcSt11char_traitsIcESaIcEEESt4pairIKS5_N8nlohmann16json_abi_v3_11_310basic_jsonISt3mapSt6vectorS5_blmdSaNS9_14adl_serializerESC_IhSaIhEEvEEESt10_Select1stISH_ESt4lessIvESaISH_EE15_M_destroy_nodeEPSt13_Rb_tree_nodeISH_E	56	static
/usr/bin/../lib64/gcc/x86_64-pc-linux-gnu/16.1.1/../../../../include/c++/16.1.1/bits/stl_tree.h:1188:_ZNSt8_Rb_treeINSt7__cxx1112basic_stringIcSt11char_traitsIcESaIcEEESt4pairIKS5_N8nlohmann16json_abi_v3_11_310basic_jsonISt3mapSt6vectorS5_blmdSaNS9_14adl_serializerESC_IhSaIhEEvEEESt10_Select1stISH_ESt4lessIvESaISH_EE11_M_put_nodeEPSt13_Rb_tree_nodeISH_E	72	static
/usr/bin/../lib64/gcc/x86_64-pc-linux-gnu/16.1.1/../../../../include/c++/16.1.1/bits/stl_tree.h:1154:_ZNSt8_Rb_treeINSt7__cxx1112basic_stringIcSt11char_traitsIcESaIcEEESt4pairIKS5_N8nlohmann16json_abi_v3_11_310basic_jsonISt3mapSt6vectorS5_blmdSaNS9_14adl_serializerESC_IhSaIhEEvEEESt10_Select1stISH_ESt4lessIvESaISH_EE21_M_get_Node_allocatorEv	8	static
/usr/bin/../lib64/gcc/x86_64-pc-linux-gnu/16.1.1/../../../../include/c++/16.1.1/bits/stl_construct.h:80:_ZSt10destroy_atISt4pairIKNSt7__cxx1112basic_stringIcSt11char_traitsIcESaIcEEEN8nlohmann16json_abi_v3_11_310basic_jsonISt3mapSt6vectorS6_blmdSaNS9_14adl_serializerESC_IhSaIhEEvEEEEvPT_	24	static
/usr/bin/../lib64/gcc/x86_64-pc-linux-gnu/16.1.1/../../../../include/c++/16.1.1/bits/stl_iterator.h:3122:_ZNSt4pairIKNSt7__cxx1112basic_stringIcSt11char_traitsIcESaIcEEEN8nlohmann16json_abi_v3_11_310basic_jsonISt3mapSt6vectorS5_blmdSaNS8_14adl_serializerESB_IhSaIhEEvEEED2Ev	24	static
/usr/bin/../lib64/gcc/x86_64-pc-linux-gnu/16.1.1/../../../../include/c++/16.1.1/bits/new_allocator.h:167:_ZNSt15__new_allocatorISt13_Rb_tree_nodeISt4pairIKNSt7__cxx1112basic_stringIcSt11char_traitsIcESaIcEEEN8nlohmann16json_abi_v3_11_310basic_jsonISt3mapSt6vectorS7_blmdSaNSA_14adl_serializerESD_IhSaIhEEvEEEEE10deallocateEPSJ_m	40	static
/usr/bin/../lib64/gcc/x86_64-pc-linux-gnu/16.1.1/../../../../include/c++/16.1.1/bits/stl_vector.h:373:_ZNSt12_Vector_baseIN8nlohmann16json_abi_v3_11_310basic_jsonISt3mapSt6vectorNSt7__cxx1112basic_stringIcSt11char_traitsIcESaIcEEEblmdSaNS1_14adl_serializerES4_IhSaIhEEvEESaISE_EED2Ev	40	static
/usr/bin/../lib64/gcc/x86_64-pc-linux-gnu/16.1.1/../../../../include/c++/16.1.1/bits/stl_vector.h:139:_ZNSt12_Vector_baseIN8nlohmann16json_abi_v3_11_310basic_jsonISt3mapSt6vectorNSt7__cxx1112basic_stringIcSt11char_traitsIcESaIcEEEblmdSaNS1_14adl_serializerES4_IhSaIhEEvEESaISE_EE12_Vector_implD2Ev	8	static
/usr/bin/../lib64/gcc/x86_64-pc-linux-gnu/16.1.1/../../../../include/c++/16.1.1/bits/stl_construct.h:80:_ZSt10destroy_atISt3mapINSt7__cxx1112basic_stringIcSt11char_traitsIcESaIcEEEN8nlohmann16json_abi_v3_11_310basic_jsonIS0_St6vectorS6_blmdSaNS8_14adl_serializerESA_IhSaIhEEvEESt4lessIvESaISt4pairIKS6_SE_EEEEvPT_	24	static
/usr/bin/../lib64/gcc/x86_64-pc-linux-gnu/16.1.1/../../../../include/c++/16.1.1/bits/stl_map.h:338:_ZNSt3mapINSt7__cxx1112basic_stringIcSt11char_traitsIcESaIcEEEN8nlohmann16json_abi_v3_11_310basic_jsonIS_St6vectorS5_blmdSaNS7_14adl_serializerES9_IhSaIhEEvEESt4lessIvESaISt4pairIKS5_SD_EEED2Ev	24	static
/usr/bin/../lib64/gcc/x86_64-pc-linux-gnu/16.1.1/../../../../include/c++/16.1.1/bits/stl_tree.h:1628:_ZNSt8_Rb_treeINSt7__cxx1112basic_stringIcSt11char_traitsIcESaIcEEESt4pairIKS5_N8nlohmann16json_abi_v3_11_310basic_jsonISt3mapSt6vectorS5_blmdSaNS9_14adl_serializerESC_IhSaIhEEvEEESt10_Select1stISH_ESt4lessIvESaISH_EED2Ev	24	static
/usr/bin/../lib64/gcc/x86_64-pc-linux-gnu/16.1.1/../../../../include/c++/16.1.1/bits/stl_tree.h:1303:_ZNSt8_Rb_treeINSt7__cxx1112basic_stringIcSt11char_traitsIcESaIcEEESt4pairIKS5_N8nlohmann16json_abi_v3_11_310basic_jsonISt3mapSt6vectorS5_blmdSaNS9_14adl_serializerESC_IhSaIhEEvEEESt10_Select1stISH_ESt4lessIvESaISH_EE13_Rb_tree_implISL_Lb1EED2Ev	8	static
/usr/bin/../lib64/gcc/x86_64-pc-linux-gnu/16.1.1/../../../../include/c++/16.1.1/bits/new_allocator.h:167:_ZNSt15__new_allocatorISt3mapINSt7__cxx1112basic_stringIcSt11char_traitsIcESaIcEEEN8nlohmann16json_abi_v3_11_310basic_jsonIS0_St6vectorS6_blmdSaNS8_14adl_serializerESA_IhSaIhEEvEESt4lessIvESaISt4pairIKS6_SE_EEEE10deallocateEPSL_m	40	static
/usr/bin/../lib64/gcc/x86_64-pc-linux-gnu/16.1.1/../../../../include/c++/16.1.1/bits/stl_construct.h:80:_ZSt10destroy_atISt6vectorIN8nlohmann16json_abi_v3_11_310basic_jsonISt3mapS0_NSt7__cxx1112basic_stringIcSt11char_traitsIcESaIcEEEblmdSaNS2_14adl_serializerES0_IhSaIhEEvEESaISE_EEEvPT_	24	static
/usr/bin/../lib64/gcc/x86_64-pc-linux-gnu/16.1.1/../../../../include/c++/16.1.1/bits/new_allocator.h:167:_ZNSt15__new_allocatorISt6vectorIN8nlohmann16json_abi_v3_11_310basic_jsonISt3mapS0_NSt7__cxx1112basic_stringIcSt11char_traitsIcESaIcEEEblmdSaNS2_14adl_serializerES0_IhSaIhEEvEESaISE_EEE10deallocateEPSG_m	40	static
/usr/bin/../lib64/gcc/x86_64-pc-linux-gnu/16.1.1/../../../../include/c++/16.1.1/bits/stl_construct.h:80:_ZSt10destroy_atINSt7__cxx1112basic_stringIcSt11char_traitsIcESaIcEEEEvPT_	24	static
/usr/bin/../lib64/gcc/x86_64-pc-linux-gnu/16.1.1/../../../../include/c++/16.1.1/bits/new_allocator.h:167:_ZNSt15__new_allocatorINSt7__cxx1112basic_stringIcSt11char_traitsIcESaIcEEEE10deallocateEPS5_m	40	static
/usr/bin/../lib64/gcc/x86_64-pc-linux-gnu/16.1.1/../../../../include/c++/16.1.1/bits/stl_construct.h:80:_ZSt10destroy_atIN8nlohmann16json_abi_v3_11_327byte_container_with_subtypeISt6vectorIhSaIhEEEEEvPT_	24	static
_deps/json-src/include/nlohmann/byte_container_with_subtype.hpp:22:_ZN8nlohmann16json_abi_v3_11_327byte_container_with_subtypeISt6vectorIhSaIhEEED2Ev	24	static
/usr/bin/../lib64/gcc/x86_64-pc-linux-gnu/16.1.1/../../../../include/c++/16.1.1/bits/new_allocator.h:167:_ZNSt15__new_allocatorIN8nlohmann16json_abi_v3_11_327byte_container_with_subtypeISt6vectorIhSaIhEEEEE10deallocateEPS6_m	40	static
_deps/json-src/include/nlohmann/json.hpp:4197:_ZN8nlohmann16json_abi_v3_11_310basic_jsonISt3mapSt6vectorNSt7__cxx1112basic_stringIcSt11char_traitsIcESaIcEEEblmdSaNS0_14adl_serializerES3_IhSaIhEEvE4dataC2ENS0_6detail7value_tE	24	static
_deps/json-src/include/nlohmann/json.hpp:453:_ZN8nlohmann16json_abi_v3_11_310basic_jsonISt3mapSt6vectorNSt7__cxx1112basic_stringIcSt11char_traitsIcESaIcEEEblmdSaNS0_14adl_serializerES3_IhSaIhEEvE10json_valueC2ENS0_6detail7value_tE	152	static
_deps/json-src/include/nlohmann/json.hpp:378:_ZN8nlohmann16json_abi_v3_11_310basic_jsonISt3mapSt6vectorNSt7__cxx1112basic_stringIcSt11char_traitsIcESaIcEEEblmdSaNS0_14adl_serializerES3_IhSaIhEEvE6createIS2_IS9_SD_St4lessIvESaISt4pairIKS9_SD_EEEJEEEPT_DpOT0_	136	static
_deps/json-src/include/nlohmann/json.hpp:378:_ZN8nlohmann16json_abi_v3_11_310basic_jsonISt3mapSt6vectorNSt7__cxx1112basic_stringIcSt11char_traitsIcESaIcEEEblmdSaNS0_14adl_serializerES3_IhSaIhEEvE6createIS3_ISD_SaISD_EEJEEEPT_DpOT0_	136	static
_deps/json-src/include/nlohmann/json.hpp:378:_ZN8nlohmann16json_abi_v3_11_310basic_jsonISt3mapSt6vectorNSt7__cxx1112basic_stringIcSt11char_traitsIcESaIcEEEblmdSaNS0_14adl_serializerES3_IhSaIhEEvE6createIS9_JRA1_KcEEEPT_DpOT0_	184	static
_deps/json-src/include/nlohmann/json.hpp:378:_ZN8nlohmann16json_abi_v3_11_310basic_jsonISt3mapSt6vectorNSt7__cxx1112basic_stringIcSt11char_traitsIcESaIcEEEblmdSaNS0_14adl_serializerES3_IhSaIhEEvE6createINS0_27byte_container_with_subtypeISC_EEJEEEPT_DpOT0_	136	static
_deps/json-src/include/nlohmann/detail/exceptions.hpp:245:_ZN8nlohmann16json_abi_v3_11_36detail11other_error6createIDnTnNSt9enable_ifIXsr21is_basic_json_contextIT_EE5valueEiE4typeELi0EEES2_iRKNSt7__cxx1112basic_stringIcSt11char_traitsIcESaIcEEES5_	264	static
_deps/json-src/include/nlohmann/detail/exceptions.hpp:241:_ZN8nlohmann16json_abi_v3_11_36detail11other_errorD2Ev	24	static
/usr/bin/../lib64/gcc/x86_64-pc-linux-gnu/16.1.1/../../../../include/c++/16.1.1/bits/unique_ptr.h:324:_ZNSt10unique_ptrISt3mapINSt7__cxx1112basic_stringIcSt11char_traitsIcESaIcEEEN8nlohmann16json_abi_v3_11_310basic_jsonIS0_St6vectorS6_blmdSaNS8_14adl_serializerESA_IhSaIhEEvEESt4lessIvESaISt4pairIKS6_SE_EEEZNSE_6createISL_JEEEPT_DpOT0_EUlPSL_E_EC2IST_vEESS_RKST_	40	static
/usr/bin/../lib64/gcc/x86_64-pc-linux-gnu/16.1.1/../../../../include/c++/16.1.1/bits/unique_ptr.h:471:_ZNKSt10unique_ptrISt3mapINSt7__cxx1112basic_stringIcSt11char_traitsIcESaIcEEEN8nlohmann16json_abi_v3_11_310basic_jsonIS0_St6vectorS6_blmdSaNS8_14adl_serializerESA_IhSaIhEEvEESt4lessIvESaISt4pairIKS6_SE_EEEZNSE_6createISL_JEEEPT_DpOT0_EUlPSL_E_E3getEv	24	static
/usr/bin/../lib64/gcc/x86_64-pc-linux-gnu/16.1.1/../../../../include/c++/16.1.1/bits/unique_ptr.h:855:_ZSteqISt3mapINSt7__cxx1112basic_stringIcSt11char_traitsIcESaIcEEEN8nlohmann16json_abi_v3_11_310basic_jsonIS0_St6vectorS6_blmdSaNS8_14adl_serializerESA_IhSaIhEEvEESt4lessIvESaISt4pairIKS6_SE_EEEZNSE_6createISL_JEEEPT_DpOT0_EUlPSL_E_EbRKSt10unique_ptrISN_T0_EDn	24	static
/usr/bin/../lib64/gcc/x86_64-pc-linux-gnu/16.1.1/../../../../include/c++/16.1.1/bits/unique_ptr.h:496:_ZNSt10unique_ptrISt3mapINSt7__cxx1112basic_stringIcSt11char_traitsIcESaIcEEEN8nlohmann16json_abi_v3_11_310basic_jsonIS0_St6vectorS6_blmdSaNS8_14adl_serializerESA_IhSaIhEEvEESt4lessIvESaISt4pairIKS6_SE_EEEZNSE_6createISL_JEEEPT_DpOT0_EUlPSL_E_E7releaseEv	24	static
/usr/bin/../lib64/gcc/x86_64-pc-linux-gnu/16.1.1/../../../../include/c++/16.1.1/bits/unique_ptr.h:392:_ZNSt10unique_ptrISt3mapINSt7__cxx1112basic_stringIcSt11char_traitsIcESaIcEEEN8nlohmann16json_abi_v3_11_310basic_jsonIS0_St6vectorS6_blmdSaNS8_14adl_serializerESA_IhSaIhEEvEESt4lessIvESaISt4pairIKS6_SE_EEEZNSE_6createISL_JEEEPT_DpOT0_EUlPSL_E_ED2Ev	40	static
/usr/bin/../lib64/gcc/x86_64-pc-linux-gnu/16.1.1/../../../../include/c++/16.1.1/bits/new_allocator.h:129:_ZNSt15__new_allocatorISt3mapINSt7__cxx1112basic_stringIcSt11char_traitsIcESaIcEEEN8nlohmann16json_abi_v3_11_310basic_jsonIS0_St6vectorS6_blmdSaNS8_14adl_serializerESA_IhSaIhEEvEESt4lessIvESaISt4pairIKS6_SE_EEEE8allocateEmPKv	40	static
/usr/bin/../lib64/gcc/x86_64-pc-linux-gnu/16.1.1/../../../../include/c++/16.1.1/bits/unique_ptr.h:242:_ZNSt15__uniq_ptr_dataISt3mapINSt7__cxx1112basic_stringIcSt11char_traitsIcESaIcEEEN8nlohmann16json_abi_v3_11_310basic_jsonIS0_St6vectorS6_blmdSaNS8_14adl_serializerESA_IhSaIhEEvEESt4lessIvESaISt4pairIKS6_SE_EEEZNSE_6createISL_JEEEPT_DpOT0_EUlPSL_E_Lb1ELb0EECI2St15__uniq_ptr_implISL_ST_EIRKST_EESS_OSN_	40	static
/usr/bin/../lib64/gcc/x86_64-pc-linux-gnu/16.1.1/../../../../include/c++/16.1.1/bits/unique_ptr.h:173:_ZNSt15__uniq_ptr_implISt3mapINSt7__cxx1112basic_stringIcSt11char_traitsIcESaIcEEEN8nlohmann16json_abi_v3_11_310basic_jsonIS0_St6vectorS6_blmdSaNS8_14adl_serializerESA_IhSaIhEEvEESt4lessIvESaISt4pairIKS6_SE_EEEZNSE_6createISL_JEEEPT_DpOT0_EUlPSL_E_EC2IRKST_EESS_OSN_	40	static
/usr/bin/../lib64/gcc/x86_64-pc-linux-gnu/16.1.1/../../../../include/c++/16.1.1/tuple:983:_ZNSt5tupleIJPSt3mapINSt7__cxx1112basic_stringIcSt11char_traitsIcESaIcEEEN8nlohmann16json_abi_v3_11_310basic_jsonIS0_St6vectorS6_blmdSaNS8_14adl_serializerESA_IhSaIhEEvEESt4lessIvESaISt4pairIKS6_SE_EEEZNSE_6createISL_JEEEPT_DpOT0_EUlSM_E_EEC2IJRSM_RKST_EQaaaacl27__disambiguating_constraintIDpTL0__EEcl15__constructibleIS10_EEntcl9__danglesIS10_EEEEDpOT_	40	static
/usr/bin/../lib64/gcc/x86_64-pc-linux-gnu/16.1.1/../../../../include/c++/16.1.1/tuple:313:_ZNSt11_Tuple_implILm0EJPSt3mapINSt7__cxx1112basic_stringIcSt11char_traitsIcESaIcEEEN8nlohmann16json_abi_v3_11_310basic_jsonIS0_St6vectorS6_blmdSaNS8_14adl_serializerESA_IhSaIhEEvEESt4lessIvESaISt4pairIKS6_SE_EEEZNSE_6createISL_JEEEPT_DpOT0_EUlSM_E_EEC2IRSM_JRKST_EvEEOSO_SS_	40	static
/usr/bin/../lib64/gcc/x86_64-pc-linux-gnu/16.1.1/../../../../include/c++/16.1.1/tuple:564:_ZNSt11_Tuple_implILm1EJZN8nlohmann16json_abi_v3_11_310basic_jsonISt3mapSt6vectorNSt7__cxx1112basic_stringIcSt11char_traitsIcESaIcEEEblmdSaNS1_14adl_serializerES4_IhSaIhEEvE6createIS3_ISA_SE_St4lessIvESaISt4pairIKSA_SE_EEEJEEEPT_DpOT0_EUlPSM_E_EEC2ERKST_	24	static
/usr/bin/../lib64/gcc/x86_64-pc-linux-gnu/16.1.1/../../../../include/c++/16.1.1/tuple:212:_ZNSt10_Head_baseILm0EPSt3mapINSt7__cxx1112basic_stringIcSt11char_traitsIcESaIcEEEN8nlohmann16json_abi_v3_11_310basic_jsonIS0_St6vectorS6_blmdSaNS8_14adl_serializerESA_IhSaIhEEvEESt4lessIvESaISt4pairIKS6_SE_EEELb0EEC2IRSM_EEOT_	8	static
/usr/bin/../lib64/gcc/x86_64-pc-linux-gnu/16.1.1/../../../../include/c++/16.1.1/tuple:205:_ZNSt10_Head_baseILm1EZN8nlohmann16json_abi_v3_11_310basic_jsonISt3mapSt6vectorNSt7__cxx1112basic_stringIcSt11char_traitsIcESaIcEEEblmdSaNS1_14adl_serializerES4_IhSaIhEEvE6createIS3_ISA_SE_St4lessIvESaISt4pairIKSA_SE_EEEJEEEPT_DpOT0_EUlPSM_E_Lb0EEC2ERKST_	8	static
/usr/bin/../lib64/gcc/x86_64-pc-linux-gnu/16.1.1/../../../../include/c++/16.1.1/bits/stl_construct.h:96:_ZSt12construct_atISt3mapINSt7__cxx1112basic_stringIcSt11char_traitsIcESaIcEEEN8nlohmann16json_abi_v3_11_310basic_jsonIS0_St6vectorS6_blmdSaNS8_14adl_serializerESA_IhSaIhEEvEESt4lessIvESaISt4pairIKS6_SE_EEEJEQaant20is_unbounded_array_vIT_ErqXgsnwcvPvLi0E_SM_pispclsr3stdE7declvalIT0_EEEEEPSM_SP_DpOSO_	40	static
/usr/bin/../lib64/gcc/x86_64-pc-linux-gnu/16.1.1/../../../../include/c++/16.1.1/bits/stl_map.h:201:_ZNSt3mapINSt7__cxx1112basic_stringIcSt11char_traitsIcESaIcEEEN8nlohmann16json_abi_v3_11_310basic_jsonIS_St6vectorS5_blmdSaNS7_14adl_serializerES9_IhSaIhEEvEESt4lessIvESaISt4pairIKS5_SD_EEEC2Ev	24	static
/usr/bin/../lib64/gcc/x86_64-pc-linux-gnu/16.1.1/../../../../include/c++/16.1.1/bits/stl_tree.h:1573:_ZNSt8_Rb_treeINSt7__cxx1112basic_stringIcSt11char_traitsIcESaIcEEESt4pairIKS5_N8nlohmann16json_abi_v3_11_310basic_jsonISt3mapSt6vectorS5_blmdSaNS9_14adl_serializerESC_IhSaIhEEvEEESt10_Select1stISH_ESt4lessIvESaISH_EEC2Ev	24	static
/usr/bin/../lib64/gcc/x86_64-pc-linux-gnu/16.1.1/../../../../include/c++/16.1.1/bits/stl_tree.h:1310:_ZNSt8_Rb_treeINSt7__cxx1112basic_stringIcSt11char_traitsIcESaIcEEESt4pairIKS5_N8nlohmann16json_abi_v3_11_310basic_jsonISt3mapSt6vectorS5_blmdSaNS9_14adl_serializerESC_IhSaIhEEvEEESt10_Select1stISH_ESt4lessIvESaISH_EE13_Rb_tree_implISL_Lb1EEC2Ev	40	static
/usr/bin/../lib64/gcc/x86_64-pc-linux-gnu/16.1.1/../../../../include/c++/16.1.1/bits/stl_tree.h:144:_ZNSt20_Rb_tree_key_compareISt4lessIvEEC2Ev	8	static
/usr/bin/../lib64/gcc/x86_64-pc-linux-gnu/16.1.1/../../../../include/c++/16.1.1/bits/stl_tree.h:171:_ZNSt15_Rb_tree_headerC2Ev	24	static
/usr/bin/../lib64/gcc/x86_64-pc-linux-gnu/16.1.1/../../../../include/c++/16.1.1/bits/unique_ptr.h:192:_ZNKSt15__uniq_ptr_implISt3mapINSt7__cxx1112basic_stringIcSt11char_traitsIcESaIcEEEN8nlohmann16json_abi_v3_11_310basic_jsonIS0_St6vectorS6_blmdSaNS8_14adl_serializerESA_IhSaIhEEvEESt4lessIvESaISt4pairIKS6_SE_EEEZNSE_6createISL_JEEEPT_DpOT0_EUlPSL_E_E6_M_ptrEv	24	static
/usr/bin/../lib64/gcc/x86_64-pc-linux-gnu/16.1.1/../../../../include/c++/16.1.1/tuple:2505:_ZSt3getILm0EJPSt3mapINSt7__cxx1112basic_stringIcSt11char_traitsIcESaIcEEEN8nlohmann16json_abi_v3_11_310basic_jsonIS0_St6vectorS6_blmdSaNS8_14adl_serializerESA_IhSaIhEEvEESt4lessIvESaISt4pairIKS6_SE_EEEZNSE_6createISL_JEEEPT_DpOT0_EUlSM_E_EERKNSt13tuple_elementIXT_ESt5tupleIJDpSQ_EEE4typeERKSX_	24	static
/usr/bin/../lib64/gcc/x86_64-pc-linux-gnu/16.1.1/../../../../include/c++/16.1.1/tuple:2488:_ZSt12__get_helperILm0EPSt3mapINSt7__cxx1112basic_stringIcSt11char_traitsIcESaIcEEEN8nlohmann16json_abi_v3_11_310basic_jsonIS0_St6vectorS6_blmdSaNS8_14adl_serializerESA_IhSaIhEEvEESt4lessIvESaISt4pairIKS6_SE_EEEJZNSE_6createISL_JEEEPT_DpOT0_EUlSM_E_EERKT0_RKSt11_Tuple_implIXT_EJSU_DpT1_EE	24	static
/usr/bin/../lib64/gcc/x86_64-pc-linux-gnu/16.1.1/../../../../include/c++/16.1.1/tuple:294:_ZNSt11_Tuple_implILm0EJPSt3mapINSt7__cxx1112basic_stringIcSt11char_traitsIcESaIcEEEN8nlohmann16json_abi_v3_11_310basic_jsonIS0_St6vectorS6_blmdSaNS8_14adl_serializerESA_IhSaIhEEvEESt4lessIvESaISt4pairIKS6_SE_EEEZNSE_6createISL_JEEEPT_DpOT0_EUlSM_E_EE7_M_headERKSU_	24	static
/usr/bin/../lib64/gcc/x86_64-pc-linux-gnu/16.1.1/../../../../include/c++/16.1.1/tuple:249:_ZNSt10_Head_baseILm0EPSt3mapINSt7__cxx1112basic_stringIcSt11char_traitsIcESaIcEEEN8nlohmann16json_abi_v3_11_310basic_jsonIS0_St6vectorS6_blmdSaNS8_14adl_serializerESA_IhSaIhEEvEESt4lessIvESaISt4pairIKS6_SE_EEELb0EE7_M_headERKSN_	8	static
/usr/bin/../lib64/gcc/x86_64-pc-linux-gnu/16.1.1/../../../../include/c++/16.1.1/bits/unique_ptr.h:488:_ZNKSt10unique_ptrISt3mapINSt7__cxx1112basic_stringIcSt11char_traitsIcESaIcEEEN8nlohmann16json_abi_v3_11_310basic_jsonIS0_St6vectorS6_blmdSaNS8_14adl_serializerESA_IhSaIhEEvEESt4lessIvESaISt4pairIKS6_SE_EEEZNSE_6createISL_JEEEPT_DpOT0_EUlPSL_E_EcvbEv	24	static
[...]
/usr/bin/../lib64/gcc/x86_64-pc-linux-gnu/16.1.1/../../../../include/c++/16.1.1/bits/unique_ptr.h:194:_ZNSt15__uniq_ptr_implIN8nlohmann16json_abi_v3_11_327byte_container_with_subtypeISt6vectorIhSaIhEEEEZNS1_10basic_jsonISt3mapS3_NSt7__cxx1112basic_stringIcSt11char_traitsIcESaIcEEEblmdSaNS1_14adl_serializerES5_vE6createIS6_JRKS6_EEEPT_DpOT0_EUlPS6_E_E10_M_deleterEv	24	static
/usr/bin/../lib64/gcc/x86_64-pc-linux-gnu/16.1.1/../../../../include/c++/16.1.1/tuple:2499:_ZSt3getILm1EJPN8nlohmann16json_abi_v3_11_327byte_container_with_subtypeISt6vectorIhSaIhEEEEZNS1_10basic_jsonISt3mapS3_NSt7__cxx1112basic_stringIcSt11char_traitsIcESaIcEEEblmdSaNS1_14adl_serializerES5_vE6createIS6_JRKS6_EEEPT_DpOT0_EUlS7_E_EERNSt13tuple_elementIXT_ESt5tupleIJDpSN_EEE4typeERSU_	24	static
/usr/bin/../lib64/gcc/x86_64-pc-linux-gnu/16.1.1/../../../../include/c++/16.1.1/tuple:2483:_ZSt12__get_helperILm1EZN8nlohmann16json_abi_v3_11_310basic_jsonISt3mapSt6vectorNSt7__cxx1112basic_stringIcSt11char_traitsIcESaIcEEEblmdSaNS1_14adl_serializerES4_IhSaIhEEvE6createINS1_27byte_container_with_subtypeISD_EEJRKSH_EEEPT_DpOT0_EUlPSH_E_JEERT0_RSt11_Tuple_implIXT_EJSR_DpT1_EE	24	static
/usr/bin/../lib64/gcc/x86_64-pc-linux-gnu/16.1.1/../../../../include/c++/16.1.1/tuple:554:_ZNSt11_Tuple_implILm1EJZN8nlohmann16json_abi_v3_11_310basic_jsonISt3mapSt6vectorNSt7__cxx1112basic_stringIcSt11char_traitsIcESaIcEEEblmdSaNS1_14adl_serializerES4_IhSaIhEEvE6createINS1_27byte_container_with_subtypeISD_EEJRKSH_EEEPT_DpOT0_EUlPSH_E_EE7_M_headERSR_	24	static
/usr/bin/../lib64/gcc/x86_64-pc-linux-gnu/16.1.1/../../../../include/c++/16.1.1/tuple:246:_ZNSt10_Head_baseILm1EZN8nlohmann16json_abi_v3_11_310basic_jsonISt3mapSt6vectorNSt7__cxx1112basic_stringIcSt11char_traitsIcESaIcEEEblmdSaNS1_14adl_serializerES4_IhSaIhEEvE6createINS1_27byte_container_with_subtypeISD_EEJRKSH_EEEPT_DpOT0_EUlPSH_E_Lb0EE7_M_headERSR_	8	static
_deps/json-src/include/nlohmann/json.hpp:2119:_ZN8nlohmann16json_abi_v3_11_310basic_jsonISt3mapSt6vectorNSt7__cxx1112basic_stringIcSt11char_traitsIcESaIcEEEblmdSaNS0_14adl_serializerES3_IhSaIhEEvEixES9_	168	static
_deps/json-src/include/nlohmann/json.hpp:1315:_ZNK8nlohmann16json_abi_v3_11_310basic_jsonISt3mapSt6vectorNSt7__cxx1112basic_stringIcSt11char_traitsIcESaIcEEEblmdSaNS0_14adl_serializerES3_IhSaIhEEvE7is_nullEv	8	static
/usr/bin/../lib64/gcc/x86_64-pc-linux-gnu/16.1.1/../../../../include/c++/16.1.1/bits/stl_map.h:649:_ZNSt3mapINSt7__cxx1112basic_stringIcSt11char_traitsIcESaIcEEEN8nlohmann16json_abi_v3_11_310basic_jsonIS_St6vectorS5_blmdSaNS7_14adl_serializerES9_IhSaIhEEvEESt4lessIvESaISt4pairIKS5_SD_EEE7emplaceIJS5_DnEEESG_ISt17_Rb_tree_iteratorISI_EbEDpOT_	200	static
_deps/json-src/include/nlohmann/json.hpp:753:_ZN8nlohmann16json_abi_v3_11_310basic_jsonISt3mapSt6vectorNSt7__cxx1112basic_stringIcSt11char_traitsIcESaIcEEEblmdSaNS0_14adl_serializerES3_IhSaIhEEvE10set_parentERSD_m	8	static
_deps/json-src/include/nlohmann/detail/string_concat.hpp:137:_ZN8nlohmann16json_abi_v3_11_36detail6concatINSt7__cxx1112basic_stringIcSt11char_traitsIcESaIcEEEJRA51_KcPS9_EEET_DpOT0_	72	static
/usr/bin/../lib64/gcc/x86_64-pc-linux-gnu/16.1.1/../../../../include/c++/16.1.1/bits/stl_pair.h:451:_ZNSt4pairIRNSt7__cxx1112basic_stringIcSt11char_traitsIcESaIcEEERDnEC2ES6_S7_Qcl16_S_constructibleIRKT_RKT0_EE	8	static
/usr/bin/../lib64/gcc/x86_64-pc-linux-gnu/16.1.1/../../../../include/c++/16.1.1/bits/stl_pair.h:1293:_ZSt3getILm0ERNSt7__cxx1112basic_stringIcSt11char_traitsIcESaIcEEERDnEONSt13tuple_elementIXT_ESt4pairIT0_T1_EE4typeEOSC_	24	static
/usr/bin/../lib64/gcc/x86_64-pc-linux-gnu/16.1.1/../../../../include/c++/16.1.1/bits/stl_pair.h:1293:_ZSt3getILm1ERNSt7__cxx1112basic_stringIcSt11char_traitsIcESaIcEEERDnEONSt13tuple_elementIXT_ESt4pairIT0_T1_EE4typeEOSC_	24	static
/usr/bin/../lib64/gcc/x86_64-pc-linux-gnu/16.1.1/../../../../include/c++/16.1.1/bits/stl_map.h:699:_ZNSt3mapINSt7__cxx1112basic_stringIcSt11char_traitsIcESaIcEEEN8nlohmann16json_abi_v3_11_310basic_jsonIS_St6vectorS5_blmdSaNS7_14adl_serializerES9_IhSaIhEEvEESt4lessIvESaISt4pairIKS5_SD_EEE12emplace_hintIJS5_DnEEESt17_Rb_tree_iteratorISI_ESt23_Rb_tree_const_iteratorISI_EDpOT_	72	static
/usr/bin/../lib64/gcc/x86_64-pc-linux-gnu/16.1.1/../../../../include/c++/16.1.1/bits/stl_pair.h:465:_ZNSt4pairISt17_Rb_tree_iteratorIS_IKNSt7__cxx1112basic_stringIcSt11char_traitsIcESaIcEEEN8nlohmann16json_abi_v3_11_310basic_jsonISt3mapSt6vectorS6_blmdSaNS9_14adl_serializerESC_IhSaIhEEvEEEEbEC2IRSI_bQaacl16_S_constructibleITL0__TL0_0_EEntcl10_S_danglesISM_SN_EEEEOT_OT0_	8	static
/usr/bin/../lib64/gcc/x86_64-pc-linux-gnu/16.1.1/../../../../include/c++/16.1.1/bits/stl_pair.h:1243:_ZNSt10__pair_getILm0EE10__move_getIRNSt7__cxx1112basic_stringIcSt11char_traitsIcESaIcEEERDnEEOT_OSt4pairISA_T0_E	8	static
/usr/bin/../lib64/gcc/x86_64-pc-linux-gnu/16.1.1/../../../../include/c++/16.1.1/bits/stl_pair.h:1267:_ZNSt10__pair_getILm1EE10__move_getIRNSt7__cxx1112basic_stringIcSt11char_traitsIcESaIcEEERDnEEOT0_OSt4pairIT_SA_E	8	static
/usr/bin/../lib64/gcc/x86_64-pc-linux-gnu/16.1.1/../../../../include/c++/16.1.1/bits/stl_tree.h:3251:_ZNSt8_Rb_treeINSt7__cxx1112basic_stringIcSt11char_traitsIcESaIcEEESt4pairIKS5_N8nlohmann16json_abi_v3_11_310basic_jsonISt3mapSt6vectorS5_blmdSaNS9_14adl_serializerESC_IhSaIhEEvEEESt10_Select1stISH_ESt4lessIvESaISH_EE22_M_emplace_hint_uniqueIJS5_DnEEESt17_Rb_tree_iteratorISH_ESt23_Rb_tree_const_iteratorISH_EDpOT_	200	static
/usr/bin/../lib64/gcc/x86_64-pc-linux-gnu/16.1.1/../../../../include/c++/16.1.1/bits/stl_tree.h:2321:_ZNSt8_Rb_treeINSt7__cxx1112basic_stringIcSt11char_traitsIcESaIcEEESt4pairIKS5_N8nlohmann16json_abi_v3_11_310basic_jsonISt3mapSt6vectorS5_blmdSaNS9_14adl_serializerESC_IhSaIhEEvEEESt10_Select1stISH_ESt4lessIvESaISH_EE10_Auto_nodeC2IJS5_DnEEERSN_DpOT_	56	static
/usr/bin/../lib64/gcc/x86_64-pc-linux-gnu/16.1.1/../../../../include/c++/16.1.1/bits/stl_tree.h:1251:_ZNSt8_Rb_treeINSt7__cxx1112basic_stringIcSt11char_traitsIcESaIcEEESt4pairIKS5_N8nlohmann16json_abi_v3_11_310basic_jsonISt3mapSt6vectorS5_blmdSaNS9_14adl_serializerESC_IhSaIhEEvEEESt10_Select1stISH_ESt4lessIvESaISH_EE14_M_create_nodeIJS5_DnEEEPSt13_Rb_tree_nodeISH_EDpOT_	56	static
/usr/bin/../lib64/gcc/x86_64-pc-linux-gnu/16.1.1/../../../../include/c++/16.1.1/bits/stl_tree.h:1232:_ZNSt8_Rb_treeINSt7__cxx1112basic_stringIcSt11char_traitsIcESaIcEEESt4pairIKS5_N8nlohmann16json_abi_v3_11_310basic_jsonISt3mapSt6vectorS5_blmdSaNS9_14adl_serializerESC_IhSaIhEEvEEESt10_Select1stISH_ESt4lessIvESaISH_EE17_M_construct_nodeIJS5_DnEEEvPSt13_Rb_tree_nodeISH_EDpOT_	88	static
/usr/bin/../lib64/gcc/x86_64-pc-linux-gnu/16.1.1/../../../../include/c++/16.1.1/bits/stl_construct.h:96:_ZSt12construct_atISt4pairIKNSt7__cxx1112basic_stringIcSt11char_traitsIcESaIcEEEN8nlohmann16json_abi_v3_11_310basic_jsonISt3mapSt6vectorS6_blmdSaNS9_14adl_serializerESC_IhSaIhEEvEEEJS6_DnEQaant20is_unbounded_array_vIT_ErqXgsnwcvPvLi0E_SI_pispclsr3stdE7declvalIT0_EEEEEPSI_SL_DpOSK_	56	static
/usr/bin/../lib64/gcc/x86_64-pc-linux-gnu/16.1.1/../../../../include/c++/16.1.1/bits/stl_pair.h:465:_ZNSt4pairIKNSt7__cxx1112basic_stringIcSt11char_traitsIcESaIcEEEN8nlohmann16json_abi_v3_11_310basic_jsonISt3mapSt6vectorS5_blmdSaNS8_14adl_serializerESB_IhSaIhEEvEEEC2IS5_DnQaacl16_S_constructibleITL0__TL0_0_EEntcl10_S_danglesISI_SJ_EEEEOT_OT0_	40	static
_deps/json-src/include/nlohmann/detail/string_concat.hpp:100:_ZN8nlohmann16json_abi_v3_11_36detail11concat_intoINSt7__cxx1112basic_stringIcSt11char_traitsIcESaIcEEERA51_KcJPS9_ETnNSt9enable_ifIXsr24detect_string_can_appendIT_T0_EE5valueEiE4typeELi0EEEvRSE_OSF_DpOT1_	40	static
_deps/json-src/include/nlohmann/json.hpp:1744:_ZNK8nlohmann16json_abi_v3_11_310basic_jsonISt3mapSt6vectorNSt7__cxx1112basic_stringIcSt11char_traitsIcESaIcEEEblmdSaNS0_14adl_serializerES3_IhSaIhEEvE3getIS9_S9_EEDTcldtclL_ZSt7declvalIRKSD_EDTcl9__declvalIT_ELi0EEEvEE8get_implIT0_EtlNS0_6detail12priority_tagILj4EEEEEEv	40	static
_deps/json-src/include/nlohmann/json.hpp:1606:_ZNK8nlohmann16json_abi_v3_11_310basic_jsonISt3mapSt6vectorNSt7__cxx1112basic_stringIcSt11char_traitsIcESaIcEEEblmdSaNS0_14adl_serializerES3_IhSaIhEEvE8get_implIS9_TnNSt9enable_ifIXaasr6detail24is_default_constructibleIT_EE5valuesr6detail13has_from_jsonISD_SG_EE5valueEiE4typeELi0EEESG_NS0_6detail12priority_tagILj0EEE	88	static
_deps/json-src/include/nlohmann/adl_serializer.hpp:27:_ZN8nlohmann16json_abi_v3_11_314adl_serializerINSt7__cxx1112basic_stringIcSt11char_traitsIcESaIcEEEvE9from_jsonIRKNS0_10basic_jsonISt3mapSt6vectorS7_blmdSaS1_SC_IhSaIhEEvEES7_EEDTcmclL_ZNS0_9from_jsonEEclsr3stdE7forwardIT_Efp_Efp0_Ecvv_EEOSI_RT0_	24	static
_deps/json-src/include/nlohmann/detail/conversions/from_json.hpp:474:_ZNK8nlohmann16json_abi_v3_11_36detail12from_json_fnclINS0_10basic_jsonISt3mapSt6vectorNSt7__cxx1112basic_stringIcSt11char_traitsIcESaIcEEEblmdSaNS0_14adl_serializerES6_IhSaIhEEvEERSC_EEDTcl9from_jsonfp_clsr3stdE7forwardIT0_Efp0_EEERKT_OSI_	40	static
_deps/json-src/include/nlohmann/detail/conversions/from_json.hpp:94:_ZN8nlohmann16json_abi_v3_11_36detail9from_jsonINS0_10basic_jsonISt3mapSt6vectorNSt7__cxx1112basic_stringIcSt11char_traitsIcESaIcEEEblmdSaNS0_14adl_serializerES5_IhSaIhEEvEEEEvRKT_RNSG_8string_tE	104	static
_deps/json-src/include/nlohmann/detail/exceptions.hpp:211:_ZN8nlohmann16json_abi_v3_11_36detail10type_error6createIPKNS0_10basic_jsonISt3mapSt6vectorNSt7__cxx1112basic_stringIcSt11char_traitsIcESaIcEEEblmdSaNS0_14adl_serializerES6_IhSaIhEEvEETnNSt9enable_ifIXsr21is_basic_json_contextIT_EE5valueEiE4typeELi0EEES2_iRKSC_SK_	264	static
_deps/json-src/include/nlohmann/detail/string_concat.hpp:137:_ZN8nlohmann16json_abi_v3_11_36detail6concatINSt7__cxx1112basic_stringIcSt11char_traitsIcESaIcEEEJRA29_KcPS9_EEET_DpOT0_	72	static
_deps/json-src/include/nlohmann/json.hpp:1556:_ZNK8nlohmann16json_abi_v3_11_310basic_jsonISt3mapSt6vectorNSt7__cxx1112basic_stringIcSt11char_traitsIcESaIcEEEblmdSaNS0_14adl_serializerES3_IhSaIhEEvE7get_ptrIPKS9_TnNSt9enable_ifIXaasr3std10is_pointerIT_EE5valuesr3std8is_constINSt14remove_pointerISI_E4typeEEE5valueEiE4typeELi0EEEDTcldtclL_ZSt7declvalIRKSD_EDTcl9__declvalISI_ELi0EEEvEE12get_impl_ptrclsr3stdE7declvalISI_EEEEv	24	static
/usr/bin/../lib64/gcc/x86_64-pc-linux-gnu/16.1.1/../../../../include/c++/16.1.1/bits/basic_string.h:928:_ZNSt7__cxx1112basic_stringIcSt11char_traitsIcESaIcEEaSERKS4_	24	static
_deps/json-src/include/nlohmann/detail/string_concat.hpp:100:_ZN8nlohmann16json_abi_v3_11_36detail11concat_intoINSt7__cxx1112basic_stringIcSt11char_traitsIcESaIcEEERA29_KcJPS9_ETnNSt9enable_ifIXsr24detect_string_can_appendIT_T0_EE5valueEiE4typeELi0EEEvRSE_OSF_DpOT1_	40	static
_deps/json-src/include/nlohmann/json.hpp:1446:_ZNK8nlohmann16json_abi_v3_11_310basic_jsonISt3mapSt6vectorNSt7__cxx1112basic_stringIcSt11char_traitsIcESaIcEEEblmdSaNS0_14adl_serializerES3_IhSaIhEEvE12get_impl_ptrEPKS9_	40	static
/usr/bin/../lib64/gcc/x86_64-pc-linux-gnu/16.1.1/../../../../include/c++/16.1.1/bits/basic_string.h:1764:_ZNSt7__cxx1112basic_stringIcSt11char_traitsIcESaIcEE6assignERKS4_	40	static
/usr/bin/../lib64/gcc/x86_64-pc-linux-gnu/16.1.1/../../../../include/c++/16.1.1/bits/basic_string.tcc:341:_ZNSt7__cxx1112basic_stringIcSt11char_traitsIcESaIcEE9_M_assignERKS4_	88	static
_deps/googletest-src/googletest/include/gtest/internal/gtest-internal.h:490:_ZN7testing8internal19GetNotDefaultOrNullEPFvvES2_	8	static
_deps/googletest-src/googletest/include/gtest/gtest.h:269:_ZN7testing4Test13SetUpTestCaseEv	8	static
_deps/googletest-src/googletest/include/gtest/gtest.h:255:_ZN7testing4Test14SetUpTestSuiteEv	8	static
_deps/googletest-src/googletest/include/gtest/internal/gtest-port.h:1082:_ZN7testing8internal8GTestLog9GetStreamEv	8	static
_deps/googletest-src/googletest/include/gtest/gtest.h:268:_ZN7testing4Test16TearDownTestCaseEv	8	static
_deps/googletest-src/googletest/include/gtest/gtest.h:263:_ZN7testing4Test17TearDownTestSuiteEv	8	static
_deps/googletest-src/googletest/include/gtest/gtest.h:1391:_ZN7testing8internal11CmpHelperEQIiiEENS_15AssertionResultEPKcS4_RKT_RKT0_	72	static
_deps/googletest-src/googletest/include/gtest/gtest.h:1374:_ZN7testing8internal18CmpHelperEQFailureIiiEENS_15AssertionResultEPKcS4_RKT_RKT0_	184	static
_deps/googletest-src/googletest/include/gtest/gtest-printers.h:463:_ZN7testing8internal33FormatForComparisonFailureMessageIiiEENSt7__cxx1112basic_stringIcSt11char_traitsIcESaIcEEERKT_RKT0_	40	static
_deps/googletest-src/googletest/include/gtest/gtest-printers.h:383:_ZN7testing8internal19FormatForComparisonIiiE6FormatB5cxx11ERKi	40	static
_deps/googletest-src/googletest/include/gtest/gtest-printers.h:1223:_ZN7testing13PrintToStringIiEENSt7__cxx1112basic_stringIcSt11char_traitsIcESaIcEEERKT_	488	static
_deps/googletest-src/googletest/include/gtest/gtest-printers.h:1064:_ZN7testing8internal21UniversalTersePrinterIiE5PrintERKiPSo	24	static
_deps/googletest-src/googletest/include/gtest/gtest-printers.h:1183:_ZN7testing8internal14UniversalPrintIiEEvRKT_PSo	24	static
_deps/googletest-src/googletest/include/gtest/gtest-printers.h:874:_ZN7testing8internal16UniversalPrinterIiE5PrintERKiPSo	24	static
_deps/googletest-src/googletest/include/gtest/gtest-printers.h:490:_ZN7testing8internal7PrintToIiEEvRKT_PSo	24	static
_deps/googletest-src/googletest/include/gtest/gtest-printers.h:352:_ZN7testing8internal17PrintWithFallbackIiEEvRKT_PSo	24	static
_deps/googletest-src/googletest/include/gtest/gtest-printers.h:248:_ZN7testing8internal52internal_stream_operator_without_lexical_name_lookup13StreamPrinter10PrintValueIivEEDTcvvlsdefp0_fp_ERKT_PSo	24	static
_deps/googletest-src/googletest/include/gtest/gtest.h:1443:_ZN7testing8internal18CmpHelperOpFailureIiiEENS_15AssertionResultEPKcS4_RKT_RKT0_S4_	280	static
_deps/googletest-src/googletest/include/gtest/gtest-assertion-result.h:191:_ZN7testing15AssertionResultlsIA12_cEERS0_RKT_	88	static
_deps/googletest-src/googletest/include/gtest/gtest-assertion-result.h:191:_ZN7testing15AssertionResultlsIPKcEERS0_RKT_	88	static
_deps/googletest-src/googletest/include/gtest/gtest-assertion-result.h:191:_ZN7testing15AssertionResultlsIA3_cEERS0_RKT_	88	static
_deps/googletest-src/googletest/include/gtest/gtest-assertion-result.h:191:_ZN7testing15AssertionResultlsINSt7__cxx1112basic_stringIcSt11char_traitsIcESaIcEEEEERS0_RKT_	88	static
_deps/googletest-src/googletest/include/gtest/gtest-assertion-result.h:191:_ZN7testing15AssertionResultlsIA5_cEERS0_RKT_	88	static
_deps/googletest-src/googletest/include/gtest/gtest-assertion-result.h:206:_ZN7testing15AssertionResult13AppendMessageERKNS_7MessageE	120	static
_deps/googletest-src/googletest/include/gtest/gtest-message.h:132:_ZN7testing7MessagelsIA12_cEERS0_RKT_	40	static
/usr/bin/../lib64/gcc/x86_64-pc-linux-gnu/16.1.1/../../../../include/c++/16.1.1/bits/unique_ptr.h:1085:_ZSt11make_uniqueINSt7__cxx1112basic_stringIcSt11char_traitsIcESaIcEEEJEENSt8__detail9_MakeUniqIT_E15__single_objectEDpOT0_	40	static
/usr/bin/../lib64/gcc/x86_64-pc-linux-gnu/16.1.1/../../../../include/c++/16.1.1/bits/unique_ptr.h:408:_ZNSt10unique_ptrINSt7__cxx1112basic_stringIcSt11char_traitsIcESaIcEEESt14default_deleteIS5_EEaSEOS8_	40	static
/usr/bin/../lib64/gcc/x86_64-pc-linux-gnu/16.1.1/../../../../include/c++/16.1.1/bits/unique_ptr.h:310:_ZNSt10unique_ptrINSt7__cxx1112basic_stringIcSt11char_traitsIcESaIcEEESt14default_deleteIS5_EEC2IS7_vEEPS5_	24	static
/usr/bin/../lib64/gcc/x86_64-pc-linux-gnu/16.1.1/../../../../include/c++/16.1.1/bits/unique_ptr.h:234:_ZNSt15__uniq_ptr_dataINSt7__cxx1112basic_stringIcSt11char_traitsIcESaIcEEESt14default_deleteIS5_ELb1ELb1EECI2St15__uniq_ptr_implIS5_S7_EEPS5_	24	static
/usr/bin/../lib64/gcc/x86_64-pc-linux-gnu/16.1.1/../../../../include/c++/16.1.1/bits/unique_ptr.h:169:_ZNSt15__uniq_ptr_implINSt7__cxx1112basic_stringIcSt11char_traitsIcESaIcEEESt14default_deleteIS5_EEC2EPS5_	40	static
/usr/bin/../lib64/gcc/x86_64-pc-linux-gnu/16.1.1/../../../../include/c++/16.1.1/tuple:963:_ZNSt5tupleIJPNSt7__cxx1112basic_stringIcSt11char_traitsIcESaIcEEESt14default_deleteIS5_EEEC2EvQfraa26is_default_constructible_vIT_E	24	static
/usr/bin/../lib64/gcc/x86_64-pc-linux-gnu/16.1.1/../../../../include/c++/16.1.1/tuple:302:_ZNSt11_Tuple_implILm0EJPNSt7__cxx1112basic_stringIcSt11char_traitsIcESaIcEEESt14default_deleteIS5_EEEC2Ev	24	static
/usr/bin/../lib64/gcc/x86_64-pc-linux-gnu/16.1.1/../../../../include/c++/16.1.1/tuple:560:_ZNSt11_Tuple_implILm1EJSt14default_deleteINSt7__cxx1112basic_stringIcSt11char_traitsIcESaIcEEEEEEC2Ev	24	static
/usr/bin/../lib64/gcc/x86_64-pc-linux-gnu/16.1.1/../../../../include/c++/16.1.1/tuple:202:_ZNSt10_Head_baseILm0EPNSt7__cxx1112basic_stringIcSt11char_traitsIcESaIcEEELb0EEC2Ev	8	static
/usr/bin/../lib64/gcc/x86_64-pc-linux-gnu/16.1.1/../../../../include/c++/16.1.1/tuple:93:_ZNSt10_Head_baseILm1ESt14default_deleteINSt7__cxx1112basic_stringIcSt11char_traitsIcESaIcEEEELb1EEC2Ev	8	static
/usr/bin/../lib64/gcc/x86_64-pc-linux-gnu/16.1.1/../../../../include/c++/16.1.1/bits/unique_ptr.h:236:_ZNSt15__uniq_ptr_dataINSt7__cxx1112basic_stringIcSt11char_traitsIcESaIcEEESt14default_deleteIS5_ELb1ELb1EEaSEOS8_	40	static
/usr/bin/../lib64/gcc/x86_64-pc-linux-gnu/16.1.1/../../../../include/c++/16.1.1/bits/unique_ptr.h:182:_ZNSt15__uniq_ptr_implINSt7__cxx1112basic_stringIcSt11char_traitsIcESaIcEEESt14default_deleteIS5_EEaSEOS8_	40	static
/usr/bin/../lib64/gcc/x86_64-pc-linux-gnu/16.1.1/../../../../include/c++/16.1.1/bits/unique_ptr.h:199:_ZNSt15__uniq_ptr_implINSt7__cxx1112basic_stringIcSt11char_traitsIcESaIcEEESt14default_deleteIS5_EE5resetEPS5_	56	static
/usr/bin/../lib64/gcc/x86_64-pc-linux-gnu/16.1.1/../../../../include/c++/16.1.1/bits/unique_ptr.h:208:_ZNSt15__uniq_ptr_implINSt7__cxx1112basic_stringIcSt11char_traitsIcESaIcEEESt14default_deleteIS5_EE7releaseEv	40	static
/usr/bin/../lib64/gcc/x86_64-pc-linux-gnu/16.1.1/../../../../include/c++/16.1.1/bits/unique_ptr.h:445:_ZNKSt10unique_ptrINSt7__cxx1118basic_stringstreamIcSt11char_traitsIcESaIcEEESt14default_deleteIS5_EEdeEv	24	static
/usr/bin/../lib64/gcc/x86_64-pc-linux-gnu/16.1.1/../../../../include/c++/16.1.1/bits/unique_ptr.h:471:_ZNKSt10unique_ptrINSt7__cxx1118basic_stringstreamIcSt11char_traitsIcESaIcEEESt14default_deleteIS5_EE3getEv	24	static
/usr/bin/../lib64/gcc/x86_64-pc-linux-gnu/16.1.1/../../../../include/c++/16.1.1/bits/unique_ptr.h:192:_ZNKSt15__uniq_ptr_implINSt7__cxx1118basic_stringstreamIcSt11char_traitsIcESaIcEEESt14default_deleteIS5_EE6_M_ptrEv	24	static
/usr/bin/../lib64/gcc/x86_64-pc-linux-gnu/16.1.1/../../../../include/c++/16.1.1/tuple:2505:_ZSt3getILm0EJPNSt7__cxx1118basic_stringstreamIcSt11char_traitsIcESaIcEEESt14default_deleteIS5_EEERKNSt13tuple_elementIXT_ESt5tupleIJDpT0_EEE4typeERKSD_	24	static
/usr/bin/../lib64/gcc/x86_64-pc-linux-gnu/16.1.1/../../../../include/c++/16.1.1/tuple:2488:_ZSt12__get_helperILm0EPNSt7__cxx1118basic_stringstreamIcSt11char_traitsIcESaIcEEEJSt14default_deleteIS5_EEERKT0_RKSt11_Tuple_implIXT_EJS9_DpT1_EE	24	static
/usr/bin/../lib64/gcc/x86_64-pc-linux-gnu/16.1.1/../../../../include/c++/16.1.1/tuple:294:_ZNSt11_Tuple_implILm0EJPNSt7__cxx1118basic_stringstreamIcSt11char_traitsIcESaIcEEESt14default_deleteIS5_EEE7_M_headERKS9_	24	static
/usr/bin/../lib64/gcc/x86_64-pc-linux-gnu/16.1.1/../../../../include/c++/16.1.1/tuple:249:_ZNSt10_Head_baseILm0EPNSt7__cxx1118basic_stringstreamIcSt11char_traitsIcESaIcEEELb0EE7_M_headERKS7_	8	static
_deps/googletest-src/googletest/include/gtest/gtest-message.h:181:_ZN7testing7MessagelsIKcEERS0_RKPT_	40	static
_deps/googletest-src/googletest/include/gtest/gtest-message.h:132:_ZN7testing7MessagelsIA3_cEERS0_RKT_	40	static
_deps/googletest-src/googletest/include/gtest/gtest-message.h:132:_ZN7testing7MessagelsINSt7__cxx1112basic_stringIcSt11char_traitsIcESaIcEEEEERS0_RKT_	40	static
_deps/googletest-src/googletest/include/gtest/gtest-message.h:132:_ZN7testing7MessagelsIA5_cEERS0_RKT_	40	static
tests/mlkem768.cc:0:_GLOBAL__sub_I_mlkem768.cc	8	static
