googletest-src/googlemock/src/gmock-cardinalities.cc:129:_ZN7testing11Cardinality25DescribeActualCallCountToEiPSo	104	static
googletest-src/googlemock/src/gmock-cardinalities.cc:94:_ZN7testing12_GLOBAL__N_111FormatTimesB5cxx11Ei	552	static
/usr/bin/../lib64/gcc/x86_64-pc-linux-gnu/16.1.1/../../../../include/c++/16.1.1/bits/basic_string.h:919:_ZNSt7__cxx1112basic_stringIcSt11char_traitsIcESaIcEED2Ev	24	static
googletest-src/googlemock/src/gmock-cardinalities.cc:139:_ZN7testing7AtLeastEi	40	static
googletest-src/googlemock/src/gmock-cardinalities.cc:148:_ZN7testing7BetweenEii	72	static
googletest-src/googlemock/src/gmock-cardinalities.cc:142:_ZN7testing6AtMostEi	40	static
googletest-src/googlemock/src/gmock-cardinalities.cc:145:_ZN7testing9AnyNumberEv	24	static
googletest-src/googlemock/src/gmock-cardinalities.cc:52:_ZN7testing12_GLOBAL__N_122BetweenCardinalityImplC2Eii	664	static
googletest-src/googlemock/include/gmock/gmock-cardinalities.h:98:_ZN7testing11CardinalityC2EPKNS_20CardinalityInterfaceE	24	static
googletest-src/googlemock/src/gmock-cardinalities.cc:153:_ZN7testing7ExactlyEi	40	static
googletest-src/googlemock/src/gmock-internal-utils.cc:59:_ZN7testing8internal19JoinAsKeyValueTupleERKSt6vectorIPKcSaIS3_EERKS1_INSt7__cxx1112basic_stringIcSt11char_traitsIcESaIcEEESaISD_EE	248	static
/usr/bin/../lib64/gcc/x86_64-pc-linux-gnu/16.1.1/../../../../include/c++/16.1.1/bits/stl_vector.h:1107:_ZNKSt6vectorIPKcSaIS1_EE4sizeEv	8	static
/usr/bin/../lib64/gcc/x86_64-pc-linux-gnu/16.1.1/../../../../include/c++/16.1.1/bits/stl_vector.h:1107:_ZNKSt6vectorINSt7__cxx1112basic_stringIcSt11char_traitsIcESaIcEEESaIS5_EE4sizeEv	8	static
googletest-src/googletest/include/gtest/internal/gtest-port.h:1082:_ZN7testing8internal8GTestLog9GetStreamEv	8	static
/usr/bin/../lib64/gcc/x86_64-pc-linux-gnu/16.1.1/../../../../include/c++/16.1.1/bits/stl_vector.h:1213:_ZNKSt6vectorINSt7__cxx1112basic_stringIcSt11char_traitsIcESaIcEEESaIS5_EE5emptyEv	88	static
/usr/bin/../lib64/gcc/x86_64-pc-linux-gnu/16.1.1/../../../../include/c++/16.1.1/bits/basic_string.h:730:_ZNSt7__cxx1112basic_stringIcSt11char_traitsIcESaIcEEC2IS3_EEPKcRKS3_	88	static
/usr/bin/../lib64/gcc/x86_64-pc-linux-gnu/16.1.1/../../../../include/c++/16.1.1/bits/basic_string.h:4016:_ZStplIcSt11char_traitsIcESaIcEENSt7__cxx1112basic_stringIT_T0_T1_EEPKS5_OS8_	56	static
googletest-src/googlemock/src/gmock-internal-utils.cc:65:_ZZN7testing8internal19JoinAsKeyValueTupleERKSt6vectorIPKcSaIS3_EERKS1_INSt7__cxx1112basic_stringIcSt11char_traitsIcESaIcEEESaISD_EEENK3$_0clB5cxx11Em	200	static
/usr/bin/../lib64/gcc/x86_64-pc-linux-gnu/16.1.1/../../../../include/c++/16.1.1/bits/basic_string.h:1511:_ZNSt7__cxx1112basic_stringIcSt11char_traitsIcESaIcEEpLEPKc	24	static
/usr/bin/../lib64/gcc/x86_64-pc-linux-gnu/16.1.1/../../../../include/c++/16.1.1/bits/basic_string.h:1501:_ZNSt7__cxx1112basic_stringIcSt11char_traitsIcESaIcEEpLERKS4_	24	static
googletest-src/googlemock/src/gmock-internal-utils.cc:81:_ZN7testing8internal28ConvertIdentifierNameToWordsB5cxx11EPKc	104	static
/usr/bin/../lib64/gcc/x86_64-pc-linux-gnu/16.1.1/../../../../include/c++/16.1.1/bits/basic_string.h:589:_ZNSt7__cxx1112basic_stringIcSt11char_traitsIcESaIcEEC2EvQ26is_default_constructible_vIT1_E	72	static
googletest-src/googletest/include/gtest/internal/gtest-port.h:1984:_ZN7testing8internal7IsUpperEc	24	static
googletest-src/googletest/include/gtest/internal/gtest-port.h:1969:_ZN7testing8internal7IsAlphaEc	24	static
googletest-src/googletest/include/gtest/internal/gtest-port.h:1978:_ZN7testing8internal7IsLowerEc	24	static
googletest-src/googletest/include/gtest/internal/gtest-port.h:1975:_ZN7testing8internal7IsDigitEc	24	static
googletest-src/googletest/include/gtest/internal/gtest-port.h:1972:_ZN7testing8internal7IsAlNumEc	24	static
/usr/bin/../lib64/gcc/x86_64-pc-linux-gnu/16.1.1/../../../../include/c++/16.1.1/bits/basic_string.h:1355:_ZNKSt7__cxx1112basic_stringIcSt11char_traitsIcESaIcEE5emptyEv	8	static
/usr/bin/../lib64/gcc/x86_64-pc-linux-gnu/16.1.1/../../../../include/c++/16.1.1/bits/basic_string.h:1521:_ZNSt7__cxx1112basic_stringIcSt11char_traitsIcESaIcEEpLEc	40	static
googletest-src/googletest/include/gtest/internal/gtest-port.h:2008:_ZN7testing8internal7ToLowerEc	24	static
googletest-src/googlemock/src/gmock-internal-utils.cc:117:_ZN7testing8internal18GetFailureReporterEv	40	static
googletest-src/googlemock/src/gmock-internal-utils.cc:102:_ZN7testing8internal25GoogleTestFailureReporterC2Ev	24	static
googletest-src/googlemock/src/gmock-internal-utils.cc:133:_ZN7testing8internal12LogIsVisibleENS0_11LogSeverityE	24	static
/usr/bin/../lib64/gcc/x86_64-pc-linux-gnu/16.1.1/../../../../include/c++/16.1.1/bits/basic_string.h:4117:_ZSteqIcSt11char_traitsIcESaIcEEbRKNSt7__cxx1112basic_stringIT_T0_T1_EEPKS5_	56	static
googletest-src/googlemock/src/gmock-internal-utils.cc:154:_ZN7testing8internal3LogENS0_11LogSeverityERKNSt7__cxx1112basic_stringIcSt11char_traitsIcESaIcEEEi	152	static
googletest-src/googletest/include/gtest/internal/gtest-port.h:1764:_ZN7testing8internal14GTestMutexLockC2EPNS0_9MutexBaseE	24	static
/usr/bin/../lib64/gcc/x86_64-pc-linux-gnu/16.1.1/../../../../include/c++/16.1.1/bits/basic_string.h:1371:_ZNKSt7__cxx1112basic_stringIcSt11char_traitsIcESaIcEEixEm	40	static
/usr/bin/../lib64/gcc/x86_64-pc-linux-gnu/16.1.1/../../../../include/c++/16.1.1/bits/basic_string.h:1118:_ZNKSt7__cxx1112basic_stringIcSt11char_traitsIcESaIcEE6rbeginEv	56	static
/usr/bin/../lib64/gcc/x86_64-pc-linux-gnu/16.1.1/../../../../include/c++/16.1.1/bits/stl_iterator.h:259:_ZNKSt16reverse_iteratorIN9__gnu_cxx17__normal_iteratorIPKcNSt7__cxx1112basic_stringIcSt11char_traitsIcESaIcEEEEEEdeEv	56	static
googletest-src/googletest/include/gtest/internal/gtest-port.h:1766:_ZN7testing8internal14GTestMutexLockD2Ev	24	static
googletest-src/googlemock/src/gmock-internal-utils.cc:191:_ZN7testing8internal18GetWithoutMatchersEv	24	static
googletest-src/googlemock/include/gmock/internal/gmock-internal-utils.h:301:_ZN7testing8internal15WithoutMatchersC2Ev	8	static
googletest-src/googlemock/src/gmock-internal-utils.cc:193:_ZN7testing8internal16IllegalDoDefaultEPKci	136	static
googletest-src/googlemock/include/gmock/internal/gmock-internal-utils.h:243:_ZN7testing8internal6AssertEbPKciRKNSt7__cxx1112basic_stringIcSt11char_traitsIcESaIcEEE	40	static
googletest-src/googlemock/src/gmock-internal-utils.cc:229:_ZN7testing8internal14Base64UnescapeERKNSt7__cxx1112basic_stringIcSt11char_traitsIcESaIcEEEPS6_	136	static
/usr/bin/../lib64/gcc/x86_64-pc-linux-gnu/16.1.1/../../../../include/c++/16.1.1/bits/basic_string.h:1346:_ZNSt7__cxx1112basic_stringIcSt11char_traitsIcESaIcEE5clearEv	24	static
/usr/bin/../lib64/gcc/x86_64-pc-linux-gnu/16.1.1/../../../../include/c++/16.1.1/bits/basic_string.h:1187:_ZNKSt7__cxx1112basic_stringIcSt11char_traitsIcESaIcEE4sizeEv	40	static
/usr/bin/../lib64/gcc/x86_64-pc-linux-gnu/16.1.1/../../../../include/c++/16.1.1/bits/basic_string.tcc:368:_ZNSt7__cxx1112basic_stringIcSt11char_traitsIcESaIcEE7reserveEm	72	static
/usr/bin/../lib64/gcc/x86_64-pc-linux-gnu/16.1.1/../../../../include/c++/16.1.1/bits/basic_string.h:1080:_ZNKSt7__cxx1112basic_stringIcSt11char_traitsIcESaIcEE5beginEv	72	static
/usr/bin/../lib64/gcc/x86_64-pc-linux-gnu/16.1.1/../../../../include/c++/16.1.1/bits/basic_string.h:1098:_ZNKSt7__cxx1112basic_stringIcSt11char_traitsIcESaIcEE3endEv	88	static
/usr/bin/../lib64/gcc/x86_64-pc-linux-gnu/16.1.1/../../../../include/c++/16.1.1/array:216:_ZNKSt5arrayIcLm256EEixEm	40	static
/usr/bin/../lib64/gcc/x86_64-pc-linux-gnu/16.1.1/../../../../include/c++/16.1.1/bits/basic_string.h:1748:_ZNSt7__cxx1112basic_stringIcSt11char_traitsIcESaIcEE9push_backEc	56	static
googletest-src/googlemock/src/gmock-matchers.cc:52:_ZN7testing8internal24FormatMatcherDescriptionEbPKcRKSt6vectorIS2_SaIS2_EERKS3_INSt7__cxx1112basic_stringIcSt11char_traitsIcESaIcEEESaISD_EE	232	static
/usr/bin/../lib64/gcc/x86_64-pc-linux-gnu/16.1.1/../../../../include/c++/16.1.1/bits/basic_string.h:4030:_ZStplIcSt11char_traitsIcESaIcEENSt7__cxx1112basic_stringIT_T0_T1_EEOS8_PKS5_	56	static
/usr/bin/../lib64/gcc/x86_64-pc-linux-gnu/16.1.1/../../../../include/c++/16.1.1/bits/basic_string.h:3911:_ZStplIcSt11char_traitsIcESaIcEENSt7__cxx1112basic_stringIT_T0_T1_EEPKS5_RKS8_	152	static
/usr/bin/../lib64/gcc/x86_64-pc-linux-gnu/16.1.1/../../../../include/c++/16.1.1/bits/basic_string.h:617:_ZNSt7__cxx1112basic_stringIcSt11char_traitsIcESaIcEEC2ERKS4_	184	static
googletest-src/googlemock/src/gmock-matchers.cc:228:_ZN7testing8internal24FindMaxBipartiteMatchingERKNS0_11MatchMatrixE	136	static
googletest-src/googlemock/src/gmock-matchers.cc:126:_ZN7testing8internal22MaxBipartiteMatchStateC2ERKNS0_11MatchMatrixE	168	static
googletest-src/googlemock/src/gmock-matchers.cc:132:_ZN7testing8internal22MaxBipartiteMatchState7ComputeEv	232	static
googletest-src/googlemock/src/gmock-matchers.cc:124:_ZN7testing8internal22MaxBipartiteMatchStateD2Ev	24	static
googletest-src/googlemock/src/gmock-matchers.cc:246:_ZN7testing8internal11MatchMatrix9NextGraphEv	88	static
googletest-src/googlemock/include/gmock/gmock-matchers.h:3572:_ZNK7testing8internal11MatchMatrix7LhsSizeEv	8	static
googletest-src/googlemock/include/gmock/gmock-matchers.h:3573:_ZNK7testing8internal11MatchMatrix7RhsSizeEv	8	static
/usr/bin/../lib64/gcc/x86_64-pc-linux-gnu/16.1.1/../../../../include/c++/16.1.1/bits/stl_vector.h:1251:_ZNSt6vectorIcSaIcEEixEm	40	static
googletest-src/googlemock/include/gmock/gmock-matchers.h:3591:_ZNK7testing8internal11MatchMatrix10SpaceIndexEmm	8	static
googletest-src/googlemock/src/gmock-matchers.cc:260:_ZN7testing8internal11MatchMatrix9RandomizeEv	72	static
googletest-src/googlemock/src/gmock-matchers.cc:269:_ZNK7testing8internal11MatchMatrix11DebugStringB5cxx11Ev	552	static
googletest-src/googlemock/include/gmock/gmock-matchers.h:3574:_ZNK7testing8internal11MatchMatrix7HasEdgeEmm	40	static
googletest-src/googlemock/src/gmock-matchers.cc:282:_ZNK7testing8internal35UnorderedElementsAreMatcherImplBase14DescribeToImplEPSo	168	static
googletest-src/googlemock/include/gmock/gmock-matchers.h:3652:_ZNK7testing8internal35UnorderedElementsAreMatcherImplBase11match_flagsEv	8	static
/usr/bin/../lib64/gcc/x86_64-pc-linux-gnu/16.1.1/../../../../include/c++/16.1.1/bits/stl_vector.h:1213:_ZNKSt6vectorIPKN7testing25MatcherDescriberInterfaceESaIS3_EE5emptyEv	88	static
/usr/bin/../lib64/gcc/x86_64-pc-linux-gnu/16.1.1/../../../../include/c++/16.1.1/bits/stl_vector.h:1107:_ZNKSt6vectorIPKN7testing25MatcherDescriberInterfaceESaIS3_EE4sizeEv	8	static
googletest-src/googletest/include/gtest/gtest-message.h:231:_ZN7testinglsERSoRKNS_7MessageE	120	static
googletest-src/googlemock/include/gmock/gmock-matchers.h:3648:_ZN7testing8internal35UnorderedElementsAreMatcherImplBase8ElementsEm	120	static
googletest-src/googletest/include/gtest/gtest-message.h:101:_ZN7testing7MessageD2Ev	24	static
/usr/bin/../lib64/gcc/x86_64-pc-linux-gnu/16.1.1/../../../../include/c++/16.1.1/bits/stl_vector.h:1270:_ZNKSt6vectorIPKN7testing25MatcherDescriberInterfaceESaIS3_EEixEm	40	static
googletest-src/googlemock/src/gmock-matchers.cc:323:_ZNK7testing8internal35UnorderedElementsAreMatcherImplBase22DescribeNegationToImplEPSo	184	static
googletest-src/googlemock/src/gmock-matchers.cc:369:_ZNK7testing8internal35UnorderedElementsAreMatcherImplBase17VerifyMatchMatrixERKSt6vectorINSt7__cxx1112basic_stringIcSt11char_traitsIcESaIcEEESaIS8_EERKNS0_11MatchMatrixEPNS_19MatchResultListenerE	520	static
googletest-src/googletest/include/gtest/gtest-matchers.h:101:_ZNK7testing19MatchResultListener12IsInterestedEv	8	static
googletest-src/googletest/include/gtest/gtest-matchers.h:89:_ZN7testing19MatchResultListenerlsIA11_cEERS0_RKT_	40	static
googletest-src/googletest/include/gtest/gtest-matchers.h:89:_ZN7testing19MatchResultListenerlsINS_7MessageEEERS0_RKT_	40	static
googletest-src/googletest/include/gtest/gtest-matchers.h:89:_ZN7testing19MatchResultListenerlsIA2_cEERS0_RKT_	40	static
/usr/bin/../lib64/gcc/x86_64-pc-linux-gnu/16.1.1/../../../../include/c++/16.1.1/bits/stl_vector.h:589:_ZNSt6vectorIcSaIcEEC2EmRKcRKS0_	72	static
/usr/bin/../lib64/gcc/x86_64-pc-linux-gnu/16.1.1/../../../../include/c++/16.1.1/bits/stl_vector.h:1107:_ZNKSt6vectorIcSaIcEE4sizeEv	8	static
googletest-src/googletest/include/gtest/gtest-matchers.h:89:_ZN7testing19MatchResultListenerlsIPKcEERS0_RKT_	40	static
googletest-src/googletest/include/gtest/gtest-matchers.h:89:_ZN7testing19MatchResultListenerlsIA10_cEERS0_RKT_	40	static
googletest-src/googletest/include/gtest/gtest-matchers.h:89:_ZN7testing19MatchResultListenerlsImEERS0_RKT_	40	static
googletest-src/googletest/include/gtest/gtest-matchers.h:89:_ZN7testing19MatchResultListenerlsIA3_cEERS0_RKT_	40	static
googletest-src/googletest/include/gtest/gtest-matchers.h:95:_ZN7testing19MatchResultListener6streamEv	8	static
googletest-src/googletest/include/gtest/gtest-matchers.h:89:_ZN7testing19MatchResultListenerlsINSt7__cxx1112basic_stringIcSt11char_traitsIcESaIcEEEEERS0_RKT_	40	static
/usr/bin/../lib64/gcc/x86_64-pc-linux-gnu/16.1.1/../../../../include/c++/16.1.1/bits/stl_vector.h:1270:_ZNKSt6vectorINSt7__cxx1112basic_stringIcSt11char_traitsIcESaIcEEESaIS5_EEixEm	40	static
/usr/bin/../lib64/gcc/x86_64-pc-linux-gnu/16.1.1/../../../../include/c++/16.1.1/bits/stl_vector.h:790:_ZNSt6vectorIcSaIcEED2Ev	72	static
googletest-src/googlemock/src/gmock-matchers.cc:436:_ZNK7testing8internal35UnorderedElementsAreMatcherImplBase11FindPairingERKNS0_11MatchMatrixEPNS_19MatchResultListenerE	376	static
/usr/bin/../lib64/gcc/x86_64-pc-linux-gnu/16.1.1/../../../../include/c++/16.1.1/bits/stl_vector.h:1107:_ZNKSt6vectorISt4pairImmESaIS1_EE4sizeEv	8	static
googletest-src/googletest/include/gtest/gtest-matchers.h:89:_ZN7testing19MatchResultListenerlsIA89_cEERS0_RKT_	40	static
googletest-src/googletest/include/gtest/gtest-matchers.h:89:_ZN7testing19MatchResultListenerlsIA5_cEERS0_RKT_	40	static
googletest-src/googletest/include/gtest/gtest-matchers.h:89:_ZN7testing19MatchResultListenerlsIA30_cEERS0_RKT_	40	static
googletest-src/googlemock/src/gmock-matchers.cc:232:_ZN7testing8internalL24LogElementMatcherPairVecERKSt6vectorISt4pairImmESaIS3_EEPSo	120	static
googletest-src/googletest/include/gtest/gtest-matchers.h:89:_ZN7testing19MatchResultListenerlsIA65_cEERS0_RKT_	40	static
googletest-src/googletest/include/gtest/gtest-matchers.h:89:_ZN7testing19MatchResultListenerlsIA13_cEERS0_RKT_	40	static
/usr/bin/../lib64/gcc/x86_64-pc-linux-gnu/16.1.1/../../../../include/c++/16.1.1/bits/stl_vector.h:1251:_ZNSt6vectorISt4pairImmESaIS1_EEixEm	40	static
googletest-src/googletest/include/gtest/gtest-matchers.h:89:_ZN7testing19MatchResultListenerlsIA25_cEERS0_RKT_	40	static
/usr/bin/../lib64/gcc/x86_64-pc-linux-gnu/16.1.1/../../../../include/c++/16.1.1/bits/stl_vector.h:790:_ZNSt6vectorISt4pairImmESaIS1_EED2Ev	72	static
googletest-src/googlemock/src/gmock-spec-builders.cc:73:_ZN7testing8internal15LogWithLocationENS0_11LogSeverityEPKciRKNSt7__cxx1112basic_stringIcSt11char_traitsIcESaIcEEE	552	static
googletest-src/googlemock/src/gmock-spec-builders.cc:83:_ZN7testing8internal15ExpectationBaseC2EPKciRKNSt7__cxx1112basic_stringIcSt11char_traitsIcESaIcEEE	104	static
googletest-src/googlemock/include/gmock/gmock-spec-builders.h:569:_ZN7testing14ExpectationSetC2Ev	24	static
/usr/bin/../lib64/gcc/x86_64-pc-linux-gnu/16.1.1/../../../../include/c++/16.1.1/bits/stl_vector.h:551:_ZNSt6vectorIPKvSaIS1_EEC2Ev	24	static
googletest-src/googletest/include/gtest/internal/gtest-port.h:1746:_ZN7testing8internal5MutexC2Ev	104	static
/usr/bin/../lib64/gcc/x86_64-pc-linux-gnu/16.1.1/../../../../include/c++/16.1.1/bits/stl_vector.h:790:_ZNSt6vectorIPKvSaIS1_EED2Ev	72	static
googletest-src/googlemock/include/gmock/gmock-spec-builders.h:560:_ZN7testing14ExpectationSetD2Ev	24	static
googletest-src/googlemock/include/gmock/gmock-cardinalities.h:91:_ZN7testing11CardinalityD2Ev	24	static
googletest-src/googlemock/src/gmock-spec-builders.cc:99:_ZN7testing8internal15ExpectationBaseD2Ev	24	static
googletest-src/googletest/include/gtest/internal/gtest-port.h:1750:_ZN7testing8internal5MutexD2Ev	56	static
googletest-src/googlemock/src/gmock-spec-builders.cc:99:_ZN7testing8internal15ExpectationBaseD0Ev	8	static
googletest-src/googlemock/src/gmock-spec-builders.cc:103:_ZN7testing8internal15ExpectationBase18SpecifyCardinalityERKNS_11CardinalityE	24	static
googletest-src/googlemock/include/gmock/gmock-cardinalities.h:91:_ZN7testing11CardinalityaSERKS0_	40	static
googletest-src/googlemock/src/gmock-spec-builders.cc:109:_ZN7testing8internal15ExpectationBase22RetireAllPreRequisitesEv	200	static
googletest-src/googlemock/include/gmock/gmock-spec-builders.h:774:_ZNK7testing8internal15ExpectationBase10is_retiredEv	24	static
/usr/bin/../lib64/gcc/x86_64-pc-linux-gnu/16.1.1/../../../../include/c++/16.1.1/bits/stl_vector.h:589:_ZNSt6vectorIPN7testing8internal15ExpectationBaseESaIS3_EEC2EmRKS3_RKS4_	72	static
/usr/bin/../lib64/gcc/x86_64-pc-linux-gnu/16.1.1/../../../../include/c++/16.1.1/bits/stl_vector.h:1213:_ZNKSt6vectorIPN7testing8internal15ExpectationBaseESaIS3_EE5emptyEv	88	static
/usr/bin/../lib64/gcc/x86_64-pc-linux-gnu/16.1.1/../../../../include/c++/16.1.1/bits/stl_vector.h:1358:_ZNSt6vectorIPN7testing8internal15ExpectationBaseESaIS3_EE4backEv	120	static
/usr/bin/../lib64/gcc/x86_64-pc-linux-gnu/16.1.1/../../../../include/c++/16.1.1/bits/stl_vector.h:1447:_ZNSt6vectorIPN7testing8internal15ExpectationBaseESaIS3_EE8pop_backEv	40	static
googletest-src/googlemock/include/gmock/gmock-spec-builders.h:605:_ZNK7testing14ExpectationSet5beginEv	24	static
/usr/bin/../lib64/gcc/x86_64-pc-linux-gnu/16.1.1/../../../../include/c++/16.1.1/bits/stl_tree.h:508:_ZSteqRKSt23_Rb_tree_const_iteratorIN7testing11ExpectationEES4_	8	static
googletest-src/googlemock/include/gmock/gmock-spec-builders.h:606:_ZNK7testing14ExpectationSet3endEv	24	static
/usr/bin/../lib64/gcc/x86_64-pc-linux-gnu/16.1.1/../../../../include/c++/16.1.1/bits/stl_tree.h:474:_ZNKSt23_Rb_tree_const_iteratorIN7testing11ExpectationEEptEv	24	static
googletest-src/googlemock/include/gmock/gmock-spec-builders.h:539:_ZNK7testing11Expectation16expectation_baseEv	8	static
/usr/bin/../lib64/gcc/x86_64-pc-linux-gnu/16.1.1/../../../../include/c++/16.1.1/bits/shared_ptr_base.h:1751:_ZNKSt12__shared_ptrIN7testing8internal15ExpectationBaseELN9__gnu_cxx12_Lock_policyE2EE3getEv	8	static
googletest-src/googlemock/include/gmock/gmock-spec-builders.h:780:_ZN7testing8internal15ExpectationBase6RetireEv	24	static
/usr/bin/../lib64/gcc/x86_64-pc-linux-gnu/16.1.1/../../../../include/c++/16.1.1/bits/stl_vector.h:1406:_ZNSt6vectorIPN7testing8internal15ExpectationBaseESaIS3_EE9push_backERKS3_	56	static
/usr/bin/../lib64/gcc/x86_64-pc-linux-gnu/16.1.1/../../../../include/c++/16.1.1/bits/stl_tree.h:478:_ZNSt23_Rb_tree_const_iteratorIN7testing11ExpectationEEppEv	24	static
/usr/bin/../lib64/gcc/x86_64-pc-linux-gnu/16.1.1/../../../../include/c++/16.1.1/bits/stl_vector.h:790:_ZNSt6vectorIPN7testing8internal15ExpectationBaseESaIS3_EED2Ev	72	static
googletest-src/googlemock/src/gmock-spec-builders.cc:136:_ZNK7testing8internal15ExpectationBase28AllPrerequisitesAreSatisfiedEv	216	static
googletest-src/googletest/include/gtest/internal/gtest-port.h:1707:_ZNK7testing8internal9MutexBase10AssertHeldEv	104	static
/usr/bin/../lib64/gcc/x86_64-pc-linux-gnu/16.1.1/../../../../include/c++/16.1.1/bits/stl_vector.h:589:_ZNSt6vectorIPKN7testing8internal15ExpectationBaseESaIS4_EEC2EmRKS4_RKS5_	72	static
/usr/bin/../lib64/gcc/x86_64-pc-linux-gnu/16.1.1/../../../../include/c++/16.1.1/bits/stl_vector.h:1213:_ZNKSt6vectorIPKN7testing8internal15ExpectationBaseESaIS4_EE5emptyEv	88	static
/usr/bin/../lib64/gcc/x86_64-pc-linux-gnu/16.1.1/../../../../include/c++/16.1.1/bits/stl_vector.h:1358:_ZNSt6vectorIPKN7testing8internal15ExpectationBaseESaIS4_EE4backEv	120	static
/usr/bin/../lib64/gcc/x86_64-pc-linux-gnu/16.1.1/../../../../include/c++/16.1.1/bits/stl_vector.h:1447:_ZNSt6vectorIPKN7testing8internal15ExpectationBaseESaIS4_EE8pop_backEv	40	static
googletest-src/googlemock/include/gmock/gmock-spec-builders.h:790:_ZNK7testing8internal15ExpectationBase11IsSatisfiedEv	24	static
/usr/bin/../lib64/gcc/x86_64-pc-linux-gnu/16.1.1/../../../../include/c++/16.1.1/bits/stl_vector.h:1406:_ZNSt6vectorIPKN7testing8internal15ExpectationBaseESaIS4_EE9push_backERKS4_	56	static
/usr/bin/../lib64/gcc/x86_64-pc-linux-gnu/16.1.1/../../../../include/c++/16.1.1/bits/stl_vector.h:790:_ZNSt6vectorIPKN7testing8internal15ExpectationBaseESaIS4_EED2Ev	72	static
googletest-src/googlemock/src/gmock-spec-builders.cc:156:_ZNK7testing8internal15ExpectationBase28FindUnsatisfiedPrerequisitesEPNS_14ExpectationSetE	216	static
/usr/bin/../lib64/gcc/x86_64-pc-linux-gnu/16.1.1/../../../../include/c++/16.1.1/bits/stl_tree.h:470:_ZNKSt23_Rb_tree_const_iteratorIN7testing11ExpectationEEdeEv	24	static
googletest-src/googlemock/include/gmock/gmock-spec-builders.h:598:_ZN7testing14ExpectationSetpLERKNS_11ExpectationE	56	static
googletest-src/googlemock/src/gmock-spec-builders.cc:187:_ZNK7testing8internal15ExpectationBase19DescribeCallCountToEPSo	72	static
googletest-src/googlemock/include/gmock/gmock-spec-builders.h:697:_ZNK7testing8internal15ExpectationBase11cardinalityEv	8	static
googletest-src/googlemock/include/gmock/gmock-cardinalities.h:125:_ZNK7testing11Cardinality10DescribeToEPSo	24	static
googletest-src/googlemock/include/gmock/gmock-spec-builders.h:817:_ZNK7testing8internal15ExpectationBase10call_countEv	24	static
googletest-src/googlemock/include/gmock/gmock-spec-builders.h:802:_ZNK7testing8internal15ExpectationBase15IsOverSaturatedEv	24	static
googletest-src/googlemock/include/gmock/gmock-spec-builders.h:796:_ZNK7testing8internal15ExpectationBase11IsSaturatedEv	24	static
googletest-src/googlemock/src/gmock-spec-builders.cc:211:_ZNK7testing8internal15ExpectationBase25CheckActionCountIfNotDoneEv	616	static
/usr/bin/../lib64/gcc/x86_64-pc-linux-gnu/16.1.1/../../../../include/c++/16.1.1/bits/stl_vector.h:1107:_ZNKSt6vectorIPKvSaIS1_EE4sizeEv	8	static
googletest-src/googlemock/include/gmock/gmock-cardinalities.h:103:_ZNK7testing11Cardinality22ConservativeUpperBoundEv	24	static
googletest-src/googlemock/include/gmock/gmock-cardinalities.h:102:_ZNK7testing11Cardinality22ConservativeLowerBoundEv	24	static
googletest-src/googlemock/include/gmock/gmock-spec-builders.h:700:_ZNK7testing8internal15ExpectationBase18DescribeLocationToEPSo	136	static
googletest-src/googlemock/include/gmock/gmock-spec-builders.h:695:_ZNK7testing8internal15ExpectationBase11source_textEv	24	static
googletest-src/googlemock/src/gmock-spec-builders.cc:262:_ZN7testing8internal15ExpectationBase12UntypedTimesERKNS_11CardinalityE	216	static
googletest-src/googlemock/include/gmock/gmock-spec-builders.h:748:_ZNK7testing8internal15ExpectationBase18ExpectSpecPropertyEbRKNSt7__cxx1112basic_stringIcSt11char_traitsIcESaIcEEE	40	static
googletest-src/googlemock/src/gmock-all.cc:0:__cxx_global_var_init	8	static
googletest-src/googletest/include/gtest/internal/gtest-port.h:1798:_ZN7testing8internal11ThreadLocalIPNS_8SequenceEEC2Ev	40	static
googletest-src/googletest/include/gtest/internal/gtest-port.h:1804:_ZN7testing8internal11ThreadLocalIPNS_8SequenceEED2Ev	72	static
googletest-src/googlemock/src/gmock-spec-builders.cc:284:_ZN7testing8internal23ReportUninterestingCallENS0_12CallReactionERKNSt7__cxx1112basic_stringIcSt11char_traitsIcESaIcEEE	104	static
/usr/bin/../lib64/gcc/x86_64-pc-linux-gnu/16.1.1/../../../../include/c++/16.1.1/bits/basic_string.h:3947:_ZStplIcSt11char_traitsIcESaIcEENSt7__cxx1112basic_stringIT_T0_T1_EERKS8_PKS5_	152	static
googletest-src/googlemock/include/gmock/internal/gmock-internal-utils.h:256:_ZN7testing8internal6ExpectEbPKciRKNSt7__cxx1112basic_stringIcSt11char_traitsIcESaIcEEE	40	static
googletest-src/googlemock/src/gmock-spec-builders.cc:309:_ZN7testing8internal25UntypedFunctionMockerBaseC2Ev	24	static
/usr/bin/../lib64/gcc/x86_64-pc-linux-gnu/16.1.1/../../../../include/c++/16.1.1/bits/stl_vector.h:551:_ZNSt6vectorISt10shared_ptrIN7testing8internal15ExpectationBaseEESaIS4_EEC2Ev	24	static
googletest-src/googlemock/src/gmock-spec-builders.cc:312:_ZN7testing8internal25UntypedFunctionMockerBaseD2Ev	24	static
/usr/bin/../lib64/gcc/x86_64-pc-linux-gnu/16.1.1/../../../../include/c++/16.1.1/bits/stl_vector.h:790:_ZNSt6vectorISt10shared_ptrIN7testing8internal15ExpectationBaseEESaIS4_EED2Ev	72	static
googletest-src/googlemock/src/gmock-spec-builders.cc:312:_ZN7testing8internal25UntypedFunctionMockerBaseD0Ev	8	static
googletest-src/googlemock/src/gmock-spec-builders.cc:318:_ZN7testing8internal25UntypedFunctionMockerBase13RegisterOwnerEPKv	56	static
googletest-src/googlemock/src/gmock-spec-builders.cc:679:_ZN7testing4Mock8RegisterEPKvPNS_8internal25UntypedFunctionMockerBaseE	120	static
googletest-src/googlemock/src/gmock-spec-builders.cc:330:_ZN7testing8internal25UntypedFunctionMockerBase15SetOwnerAndNameEPKvPKc	72	static
googletest-src/googlemock/src/gmock-spec-builders.cc:342:_ZNK7testing8internal25UntypedFunctionMockerBase10MockObjectEv	152	static
googletest-src/googlemock/src/gmock-spec-builders.cc:359:_ZNK7testing8internal25UntypedFunctionMockerBase4NameEv	152	static
googletest-src/googlemock/src/gmock-spec-builders.cc:376:_ZN7testing8internal25UntypedFunctionMockerBase11GetHandleOfEPNS0_15ExpectationBaseE	264	static
/usr/bin/../lib64/gcc/x86_64-pc-linux-gnu/16.1.1/../../../../include/c++/16.1.1/bits/stl_vector.h:988:_ZNSt6vectorISt10shared_ptrIN7testing8internal15ExpectationBaseEESaIS4_EE5beginEv	56	static
/usr/bin/../lib64/gcc/x86_64-pc-linux-gnu/16.1.1/../../../../include/c++/16.1.1/bits/stl_vector.h:1008:_ZNSt6vectorISt10shared_ptrIN7testing8internal15ExpectationBaseEESaIS4_EE3endEv	56	static
googletest-src/googlemock/src/gmock-spec-builders.cc:395:_ZN7testing8internal25UntypedFunctionMockerBase32VerifyAndClearExpectationsLockedEv	744	static
googletest-src/googlemock/include/gmock/gmock-spec-builders.h:787:_ZNK7testing8internal15ExpectationBase14GetDescriptionB5cxx11Ev	8	static
googletest-src/googlemock/include/gmock/gmock-spec-builders.h:693:_ZNK7testing8internal15ExpectationBase4fileEv	8	static
googletest-src/googlemock/include/gmock/gmock-spec-builders.h:694:_ZNK7testing8internal15ExpectationBase4lineEv	8	static
/usr/bin/../lib64/gcc/x86_64-pc-linux-gnu/16.1.1/../../../../include/c++/16.1.1/bits/stl_vector.h:1834:_ZNSt6vectorISt10shared_ptrIN7testing8internal15ExpectationBaseEESaIS4_EE4swapERS6_	104	static
googletest-src/googletest/include/gtest/internal/gtest-port.h:1696:_ZN7testing8internal9MutexBase6UnlockEv	88	static
/usr/bin/../lib64/gcc/x86_64-pc-linux-gnu/16.1.1/../../../../include/c++/16.1.1/bits/stl_vector.h:1853:_ZNSt6vectorISt10shared_ptrIN7testing8internal15ExpectationBaseEESaIS4_EE5clearEv	24	static
googletest-src/googletest/include/gtest/internal/gtest-port.h:1689:_ZN7testing8internal9MutexBase4LockEv	104	static
googletest-src/googlemock/src/gmock-all.cc:0:__cxx_global_var_init.78	8	static
googletest-src/googlemock/src/gmock-spec-builders.cc:482:_ZN7testing12_GLOBAL__N_118MockObjectRegistryC2Ev	24	static
googletest-src/googlemock/src/gmock-spec-builders.cc:491:_ZN7testing12_GLOBAL__N_118MockObjectRegistryD2Ev	200	static
googletest-src/googlemock/src/gmock-spec-builders.cc:570:_ZN7testing4Mock23AllowUninterestingCallsEm	24	static
googletest-src/googlemock/src/gmock-spec-builders.cc:559:_ZN7testing12_GLOBAL__N_131SetReactionOnUninterestingCallsEmNS_8internal12CallReactionE	88	static
googletest-src/googlemock/src/gmock-spec-builders.cc:577:_ZN7testing4Mock22WarnUninterestingCallsEm	24	static
googletest-src/googlemock/src/gmock-spec-builders.cc:584:_ZN7testing4Mock22FailUninterestingCallsEm	24	static
googletest-src/googlemock/src/gmock-spec-builders.cc:591:_ZN7testing4Mock22UnregisterCallReactionEm	72	static
googletest-src/googlemock/src/gmock-spec-builders.cc:552:_ZN7testing12_GLOBAL__N_128UninterestingCallReactionMapEv	40	static
/usr/bin/../lib64/gcc/x86_64-pc-linux-gnu/16.1.1/../../../../include/c++/16.1.1/bits/unordered_map.h:910:_ZNSt13unordered_mapImN7testing8internal12CallReactionESt4hashImESt8equal_toImESaISt4pairIKmS2_EEE5eraseERS8_	24	static
googletest-src/googlemock/src/gmock-spec-builders.cc:599:_ZN7testing4Mock31GetReactionOnUninterestingCallsEPKv	120	static
/usr/bin/../lib64/gcc/x86_64-pc-linux-gnu/16.1.1/../../../../include/c++/16.1.1/bits/unordered_map.h:1064:_ZNKSt13unordered_mapImN7testing8internal12CallReactionESt4hashImESt8equal_toImESaISt4pairIKmS2_EEE5countERS8_	24	static
googletest-src/googlemock/src/gmock-spec-builders.cc:446:_ZN7testing8internalL17intToCallReactionEi	8	static
/usr/bin/../lib64/gcc/x86_64-pc-linux-gnu/16.1.1/../../../../include/c++/16.1.1/bits/unordered_map.h:1146:_ZNSt13unordered_mapImN7testing8internal12CallReactionESt4hashImESt8equal_toImESaISt4pairIKmS2_EEEixEOm	24	static
googletest-src/googlemock/src/gmock-spec-builders.cc:612:_ZN7testing4Mock9AllowLeakEPKv	72	static
googletest-src/googlemock/src/gmock-spec-builders.cc:540:_ZN7testing12_GLOBAL__N_118MockObjectRegistry6statesEv	8	static
/usr/bin/../lib64/gcc/x86_64-pc-linux-gnu/16.1.1/../../../../include/c++/16.1.1/bits/stl_map.h:531:_ZNSt3mapIPKvN7testing12_GLOBAL__N_115MockObjectStateESt4lessIS1_ESaISt4pairIKS1_S4_EEEixERS8_	120	static
googletest-src/googlemock/src/gmock-spec-builders.cc:621:_ZN7testing4Mock26VerifyAndClearExpectationsEPv	56	static
googletest-src/googlemock/src/gmock-spec-builders.cc:640:_ZN7testing4Mock32VerifyAndClearExpectationsLockedEPv	72	static
googletest-src/googlemock/src/gmock-spec-builders.cc:630:_ZN7testing4Mock14VerifyAndClearEPv	56	static
googletest-src/googlemock/src/gmock-spec-builders.cc:728:_ZN7testing4Mock25ClearDefaultActionsLockedEPv	56	static
/usr/bin/../lib64/gcc/x86_64-pc-linux-gnu/16.1.1/../../../../include/c++/16.1.1/bits/stl_map.h:1460:_ZNKSt3mapIPKvN7testing12_GLOBAL__N_115MockObjectStateESt4lessIS1_ESaISt4pairIKS1_S4_EEE5countERS8_	72	static
/usr/bin/../lib64/gcc/x86_64-pc-linux-gnu/16.1.1/../../../../include/c++/16.1.1/bits/stl_set.h:369:_ZNKSt3setIPN7testing8internal25UntypedFunctionMockerBaseESt4lessIS3_ESaIS3_EE5beginEv	24	static
/usr/bin/../lib64/gcc/x86_64-pc-linux-gnu/16.1.1/../../../../include/c++/16.1.1/bits/stl_tree.h:508:_ZSteqRKSt23_Rb_tree_const_iteratorIPN7testing8internal25UntypedFunctionMockerBaseEES6_	8	static
/usr/bin/../lib64/gcc/x86_64-pc-linux-gnu/16.1.1/../../../../include/c++/16.1.1/bits/stl_set.h:378:_ZNKSt3setIPN7testing8internal25UntypedFunctionMockerBaseESt4lessIS3_ESaIS3_EE3endEv	24	static
/usr/bin/../lib64/gcc/x86_64-pc-linux-gnu/16.1.1/../../../../include/c++/16.1.1/bits/stl_tree.h:470:_ZNKSt23_Rb_tree_const_iteratorIPN7testing8internal25UntypedFunctionMockerBaseEEdeEv	24	static
/usr/bin/../lib64/gcc/x86_64-pc-linux-gnu/16.1.1/../../../../include/c++/16.1.1/bits/stl_tree.h:478:_ZNSt23_Rb_tree_const_iteratorIPN7testing8internal25UntypedFunctionMockerBaseEEppEv	24	static
googletest-src/googlemock/src/gmock-spec-builders.cc:665:_ZN7testing4Mock7IsNaggyEPv	24	static
googletest-src/googlemock/src/gmock-spec-builders.cc:669:_ZN7testing4Mock6IsNiceEPv	24	static
googletest-src/googlemock/src/gmock-spec-builders.cc:673:_ZN7testing4Mock8IsStrictEPv	24	static
/usr/bin/../lib64/gcc/x86_64-pc-linux-gnu/16.1.1/../../../../include/c++/16.1.1/bits/stl_set.h:534:_ZNSt3setIPN7testing8internal25UntypedFunctionMockerBaseESt4lessIS3_ESaIS3_EE6insertERKS3_	104	static
googletest-src/googlemock/src/gmock-spec-builders.cc:689:_ZN7testing4Mock31RegisterUseByOnCallOrExpectCallEPKvPKci	136	static
googletest-src/googletest/include/gtest/gtest.h:540:_ZNK7testing8TestInfo15test_suite_nameEv	24	static
/usr/bin/../lib64/gcc/x86_64-pc-linux-gnu/16.1.1/../../../../include/c++/16.1.1/bits/basic_string.h:939:_ZNSt7__cxx1112basic_stringIcSt11char_traitsIcESaIcEEaSEPKc	24	static
googletest-src/googletest/include/gtest/gtest.h:548:_ZNK7testing8TestInfo4nameEv	24	static
googletest-src/googlemock/src/gmock-spec-builders.cc:710:_ZN7testing4Mock16UnregisterLockedEPNS_8internal25UntypedFunctionMockerBaseE	72	static
/usr/bin/../lib64/gcc/x86_64-pc-linux-gnu/16.1.1/../../../../include/c++/16.1.1/bits/stl_map.h:392:_ZNSt3mapIPKvN7testing12_GLOBAL__N_115MockObjectStateESt4lessIS1_ESaISt4pairIKS1_S4_EEE5beginEv	24	static
/usr/bin/../lib64/gcc/x86_64-pc-linux-gnu/16.1.1/../../../../include/c++/16.1.1/bits/stl_tree.h:430:_ZSteqRKSt17_Rb_tree_iteratorISt4pairIKPKvN7testing12_GLOBAL__N_115MockObjectStateEEESA_	8	static
/usr/bin/../lib64/gcc/x86_64-pc-linux-gnu/16.1.1/../../../../include/c++/16.1.1/bits/stl_map.h:410:_ZNSt3mapIPKvN7testing12_GLOBAL__N_115MockObjectStateESt4lessIS1_ESaISt4pairIKS1_S4_EEE3endEv	24	static
/usr/bin/../lib64/gcc/x86_64-pc-linux-gnu/16.1.1/../../../../include/c++/16.1.1/bits/stl_tree.h:396:_ZNKSt17_Rb_tree_iteratorISt4pairIKPKvN7testing12_GLOBAL__N_115MockObjectStateEEEptEv	24	static
/usr/bin/../lib64/gcc/x86_64-pc-linux-gnu/16.1.1/../../../../include/c++/16.1.1/bits/stl_set.h:774:_ZNSt3setIPN7testing8internal25UntypedFunctionMockerBaseESt4lessIS3_ESaIS3_EE5eraseERKS3_	24	static
/usr/bin/../lib64/gcc/x86_64-pc-linux-gnu/16.1.1/../../../../include/c++/16.1.1/bits/stl_set.h:439:_ZNKSt3setIPN7testing8internal25UntypedFunctionMockerBaseESt4lessIS3_ESaIS3_EE5emptyEv	24	static
/usr/bin/../lib64/gcc/x86_64-pc-linux-gnu/16.1.1/../../../../include/c++/16.1.1/bits/stl_map.h:1270:_ZNSt3mapIPKvN7testing12_GLOBAL__N_115MockObjectStateESt4lessIS1_ESaISt4pairIKS1_S4_EEE5eraseB5cxx11ESt17_Rb_tree_iteratorIS9_E	56	static
/usr/bin/../lib64/gcc/x86_64-pc-linux-gnu/16.1.1/../../../../include/c++/16.1.1/bits/stl_tree.h:400:_ZNSt17_Rb_tree_iteratorISt4pairIKPKvN7testing12_GLOBAL__N_115MockObjectStateEEEppEv	24	static
googletest-src/googlemock/src/gmock-spec-builders.cc:750:_ZN7testing11ExpectationC2Ev	24	static
/usr/bin/../lib64/gcc/x86_64-pc-linux-gnu/16.1.1/../../../../include/c++/16.1.1/bits/shared_ptr.h:201:_ZNSt10shared_ptrIN7testing8internal15ExpectationBaseEEC2Ev	24	static
googletest-src/googlemock/src/gmock-spec-builders.cc:752:_ZN7testing11ExpectationC2ERKSt10shared_ptrINS_8internal15ExpectationBaseEE	24	static
/usr/bin/../lib64/gcc/x86_64-pc-linux-gnu/16.1.1/../../../../include/c++/16.1.1/bits/shared_ptr.h:203:_ZNSt10shared_ptrIN7testing8internal15ExpectationBaseEEC2ERKS3_	24	static
googletest-src/googlemock/src/gmock-spec-builders.cc:756:_ZN7testing11ExpectationD2Ev	24	static
/usr/bin/../lib64/gcc/x86_64-pc-linux-gnu/16.1.1/../../../../include/c++/16.1.1/bits/shared_ptr.h:175:_ZNSt10shared_ptrIN7testing8internal15ExpectationBaseEED2Ev	24	static
googletest-src/googlemock/src/gmock-spec-builders.cc:759:_ZNK7testing8Sequence14AddExpectationERKNS_11ExpectationE	56	static
/usr/bin/../lib64/gcc/x86_64-pc-linux-gnu/16.1.1/../../../../include/c++/16.1.1/bits/shared_ptr_base.h:1436:_ZNKSt19__shared_ptr_accessIN7testing11ExpectationELN9__gnu_cxx12_Lock_policyE2ELb0ELb0EEdeEv	40	static
googletest-src/googlemock/include/gmock/gmock-spec-builders.h:511:_ZNK7testing11ExpectationneERKS0_	24	static
/usr/bin/../lib64/gcc/x86_64-pc-linux-gnu/16.1.1/../../../../include/c++/16.1.1/bits/shared_ptr.h:560:_ZSteqIN7testing8internal15ExpectationBaseEEbRKSt10shared_ptrIT_EDn	24	static
/usr/bin/../lib64/gcc/x86_64-pc-linux-gnu/16.1.1/../../../../include/c++/16.1.1/bits/shared_ptr_base.h:1440:_ZNKSt19__shared_ptr_accessIN7testing11ExpectationELN9__gnu_cxx12_Lock_policyE2ELb0ELb0EEptEv	24	static
/usr/bin/../lib64/gcc/x86_64-pc-linux-gnu/16.1.1/../../../../include/c++/16.1.1/bits/shared_ptr_base.h:1440:_ZNKSt19__shared_ptr_accessIN7testing8internal15ExpectationBaseELN9__gnu_cxx12_Lock_policyE2ELb0ELb0EEptEv	24	static
googletest-src/googlemock/include/gmock/gmock-spec-builders.h:488:_ZN7testing11ExpectationaSERKS0_	40	static
googletest-src/googlemock/src/gmock-spec-builders.cc:770:_ZN7testing10InSequenceC2Ev	72	static
googletest-src/googletest/include/gtest/internal/gtest-port.h:1815:_ZNK7testing8internal11ThreadLocalIPNS_8SequenceEE3getEv	24	static
googletest-src/googletest/include/gtest/internal/gtest-port.h:1816:_ZN7testing8internal11ThreadLocalIPNS_8SequenceEE3setERKS3_	40	static
googletest-src/googlemock/include/gmock/gmock-spec-builders.h:618:_ZN7testing8SequenceC2Ev	56	static
googletest-src/googlemock/src/gmock-spec-builders.cc:781:_ZN7testing10InSequenceD2Ev	56	static
/home/jonas/wt/libcrux/wip/combined_extraction/c/build/_deps/googletest-src/googlemock/src/gmock-all.cc:__clang_call_terminate	8	static
googletest-src/googlemock/include/gmock/gmock-spec-builders.h:615:_ZN7testing8SequenceD2Ev	24	static
googletest-src/googlemock/src/gmock-all.cc:0:__cxx_global_var_init.79	88	static
googletest-src/googlemock/src/gmock.cc:203:_ZN7testing14InitGoogleMockEPiPPc	24	static
googletest-src/googlemock/src/gmock.cc:145:_ZN7testing8internal18InitGoogleMockImplIcEEvPiPPT_	168	static
googletest-src/googlemock/src/gmock.cc:209:_ZN7testing14InitGoogleMockEPiPPw	24	static
googletest-src/googlemock/src/gmock.cc:145:_ZN7testing8internal18InitGoogleMockImplIwEEvPiPPT_	168	static
googletest-src/googlemock/src/gmock.cc:215:_ZN7testing14InitGoogleMockEv	56	static
/usr/bin/../lib64/gcc/x86_64-pc-linux-gnu/16.1.1/../../../../include/c++/16.1.1/bits/basic_string.h:295:_ZNSt7__cxx1112basic_stringIcSt11char_traitsIcESaIcEE10_M_disposeEv	24	static
/usr/bin/../lib64/gcc/x86_64-pc-linux-gnu/16.1.1/../../../../include/c++/16.1.1/bits/basic_string.h:196:_ZNSt7__cxx1112basic_stringIcSt11char_traitsIcESaIcEE12_Alloc_hiderD2Ev	8	static
/usr/bin/../lib64/gcc/x86_64-pc-linux-gnu/16.1.1/../../../../include/c++/16.1.1/bits/basic_string.h:277:_ZNKSt7__cxx1112basic_stringIcSt11char_traitsIcESaIcEE11_M_is_localEv	40	static
/usr/bin/../lib64/gcc/x86_64-pc-linux-gnu/16.1.1/../../../../include/c++/16.1.1/bits/basic_string.h:303:_ZNSt7__cxx1112basic_stringIcSt11char_traitsIcESaIcEE10_M_destroyEm	88	static
/usr/bin/../lib64/gcc/x86_64-pc-linux-gnu/16.1.1/../../../../include/c++/16.1.1/bits/basic_string.h:237:_ZNKSt7__cxx1112basic_stringIcSt11char_traitsIcESaIcEE7_M_dataEv	8	static
/usr/bin/../lib64/gcc/x86_64-pc-linux-gnu/16.1.1/../../../../include/c++/16.1.1/bits/basic_string.h:253:_ZNKSt7__cxx1112basic_stringIcSt11char_traitsIcESaIcEE13_M_local_dataEv	24	static
/usr/bin/../lib64/gcc/x86_64-pc-linux-gnu/16.1.1/../../../../include/c++/16.1.1/bits/ptr_traits.h:134:_ZNSt19__ptr_traits_ptr_toIPKcS0_Lb0EE10pointer_toERS0_	8	static
/usr/bin/../lib64/gcc/x86_64-pc-linux-gnu/16.1.1/../../../../include/c++/16.1.1/bits/basic_string.h:363:_ZNSt7__cxx1112basic_stringIcSt11char_traitsIcESaIcEE16_M_get_allocatorEv	8	static
/usr/bin/../lib64/gcc/x86_64-pc-linux-gnu/16.1.1/../../../../include/c++/16.1.1/bits/new_allocator.h:167:_ZNSt15__new_allocatorIcE10deallocateEPcm	40	static
googletest-src/googlemock/include/gmock/gmock-cardinalities.h:66:_ZN7testing20CardinalityInterfaceC2Ev	8	static
googletest-src/googlemock/src/gmock-cardinalities.cc:50:_ZN7testing12_GLOBAL__N_122BetweenCardinalityImplD2Ev	24	static
googletest-src/googlemock/src/gmock-cardinalities.cc:50:_ZN7testing12_GLOBAL__N_122BetweenCardinalityImplD0Ev	24	static
googletest-src/googlemock/src/gmock-cardinalities.cc:72:_ZNK7testing12_GLOBAL__N_122BetweenCardinalityImpl22ConservativeLowerBoundEv	8	static
googletest-src/googlemock/src/gmock-cardinalities.cc:73:_ZNK7testing12_GLOBAL__N_122BetweenCardinalityImpl22ConservativeUpperBoundEv	8	static
googletest-src/googlemock/src/gmock-cardinalities.cc:75:_ZNK7testing12_GLOBAL__N_122BetweenCardinalityImpl22IsSatisfiedByCallCountEi	8	static
googletest-src/googlemock/src/gmock-cardinalities.cc:79:_ZNK7testing12_GLOBAL__N_122BetweenCardinalityImpl22IsSaturatedByCallCountEi	8	static
googletest-src/googlemock/src/gmock-cardinalities.cc:107:_ZNK7testing12_GLOBAL__N_122BetweenCardinalityImpl10DescribeToEPSo	216	static
googletest-src/googlemock/include/gmock/gmock-cardinalities.h:68:_ZN7testing20CardinalityInterfaceD2Ev	8	static
googletest-src/googlemock/include/gmock/gmock-cardinalities.h:68:_ZN7testing20CardinalityInterfaceD0Ev	8	static
googletest-src/googlemock/include/gmock/gmock-cardinalities.h:72:_ZNK7testing20CardinalityInterface22ConservativeLowerBoundEv	8	static
googletest-src/googlemock/include/gmock/gmock-cardinalities.h:73:_ZNK7testing20CardinalityInterface22ConservativeUpperBoundEv	8	static
/usr/bin/../lib64/gcc/x86_64-pc-linux-gnu/16.1.1/../../../../include/c++/16.1.1/bits/shared_ptr.h:213:_ZNSt10shared_ptrIKN7testing20CardinalityInterfaceEEC2IS2_vEEPT_	24	static
/usr/bin/../lib64/gcc/x86_64-pc-linux-gnu/16.1.1/../../../../include/c++/16.1.1/bits/shared_ptr_base.h:1554:_ZNSt12__shared_ptrIKN7testing20CardinalityInterfaceELN9__gnu_cxx12_Lock_policyE2EEC2IS2_vEEPT_	40	static
/usr/bin/../lib64/gcc/x86_64-pc-linux-gnu/16.1.1/../../../../include/c++/16.1.1/bits/shared_ptr_base.h:991:_ZNSt14__shared_countILN9__gnu_cxx12_Lock_policyE2EEC2IPKN7testing20CardinalityInterfaceEEET_St17integral_constantIbLb0EE	40	static
/usr/bin/../lib64/gcc/x86_64-pc-linux-gnu/16.1.1/../../../../include/c++/16.1.1/bits/shared_ptr_base.h:1865:_ZNSt12__shared_ptrIKN7testing20CardinalityInterfaceELN9__gnu_cxx12_Lock_policyE2EE31_M_enable_shared_from_this_withIS2_S1_EENSt9enable_ifIXntsr15__has_esft_baseIT0_EE5valueEvE4typeEPT_	8	static
/usr/bin/../lib64/gcc/x86_64-pc-linux-gnu/16.1.1/../../../../include/c++/16.1.1/bits/shared_ptr_base.h:977:_ZNSt14__shared_countILN9__gnu_cxx12_Lock_policyE2EEC2IPKN7testing20CardinalityInterfaceEEET_	72	static
/usr/bin/../lib64/gcc/x86_64-pc-linux-gnu/16.1.1/../../../../include/c++/16.1.1/bits/shared_ptr_base.h:482:_ZNSt15_Sp_counted_ptrIPKN7testing20CardinalityInterfaceELN9__gnu_cxx12_Lock_policyE2EEC2ES3_	40	static
/usr/bin/../lib64/gcc/x86_64-pc-linux-gnu/16.1.1/../../../../include/c++/16.1.1/bits/shared_ptr_base.h:128:_ZNSt16_Sp_counted_baseILN9__gnu_cxx12_Lock_policyE2EEC2Ev	8	static
/usr/bin/../lib64/gcc/x86_64-pc-linux-gnu/16.1.1/../../../../include/c++/16.1.1/bits/shared_ptr_base.h:478:_ZNSt15_Sp_counted_ptrIPKN7testing20CardinalityInterfaceELN9__gnu_cxx12_Lock_policyE2EED2Ev	24	static
/usr/bin/../lib64/gcc/x86_64-pc-linux-gnu/16.1.1/../../../../include/c++/16.1.1/bits/shared_ptr_base.h:478:_ZNSt15_Sp_counted_ptrIPKN7testing20CardinalityInterfaceELN9__gnu_cxx12_Lock_policyE2EED0Ev	24	static
/usr/bin/../lib64/gcc/x86_64-pc-linux-gnu/16.1.1/../../../../include/c++/16.1.1/bits/shared_ptr_base.h:486:_ZNSt15_Sp_counted_ptrIPKN7testing20CardinalityInterfaceELN9__gnu_cxx12_Lock_policyE2EE10_M_disposeEv	24	static
/usr/bin/../lib64/gcc/x86_64-pc-linux-gnu/16.1.1/../../../../include/c++/16.1.1/bits/shared_ptr_base.h:490:_ZNSt15_Sp_counted_ptrIPKN7testing20CardinalityInterfaceELN9__gnu_cxx12_Lock_policyE2EE10_M_destroyEv	24	static
/usr/bin/../lib64/gcc/x86_64-pc-linux-gnu/16.1.1/../../../../include/c++/16.1.1/bits/shared_ptr_base.h:494:_ZNSt15_Sp_counted_ptrIPKN7testing20CardinalityInterfaceELN9__gnu_cxx12_Lock_policyE2EE14_M_get_deleterERKSt9type_info	8	static
/usr/bin/../lib64/gcc/x86_64-pc-linux-gnu/16.1.1/../../../../include/c++/16.1.1/bits/shared_ptr_base.h:132:_ZNSt16_Sp_counted_baseILN9__gnu_cxx12_Lock_policyE2EED2Ev	8	static
/usr/bin/../lib64/gcc/x86_64-pc-linux-gnu/16.1.1/../../../../include/c++/16.1.1/bits/shared_ptr_base.h:132:_ZNSt16_Sp_counted_baseILN9__gnu_cxx12_Lock_policyE2EED0Ev	8	static
/usr/bin/../lib64/gcc/x86_64-pc-linux-gnu/16.1.1/../../../../include/c++/16.1.1/bits/shared_ptr_base.h:142:_ZNSt16_Sp_counted_baseILN9__gnu_cxx12_Lock_policyE2EE10_M_destroyEv	24	static
/usr/bin/../lib64/gcc/x86_64-pc-linux-gnu/16.1.1/../../../../include/c++/16.1.1/bits/stl_vector.h:998:_ZNKSt6vectorINSt7__cxx1112basic_stringIcSt11char_traitsIcESaIcEEESaIS5_EE5beginEv	56	static
/usr/bin/../lib64/gcc/x86_64-pc-linux-gnu/16.1.1/../../../../include/c++/16.1.1/bits/stl_vector.h:1018:_ZNKSt6vectorINSt7__cxx1112basic_stringIcSt11char_traitsIcESaIcEEESaIS5_EE3endEv	56	static
/usr/bin/../lib64/gcc/x86_64-pc-linux-gnu/16.1.1/../../../../include/c++/16.1.1/bits/basic_string.h:242:_ZNSt7__cxx1112basic_stringIcSt11char_traitsIcESaIcEE13_M_local_dataEv	24	static
/usr/bin/../lib64/gcc/x86_64-pc-linux-gnu/16.1.1/../../../../include/c++/16.1.1/bits/basic_string.h:203:_ZNSt7__cxx1112basic_stringIcSt11char_traitsIcESaIcEE12_Alloc_hiderC2EPcRKS3_	8	static
/usr/bin/../lib64/gcc/x86_64-pc-linux-gnu/16.1.1/../../../../include/c++/16.1.1/bits/char_traits.h:390:_ZNSt11char_traitsIcE6lengthEPKc	24	static
/usr/bin/../lib64/gcc/x86_64-pc-linux-gnu/16.1.1/../../../../include/c++/16.1.1/bits/basic_string.tcc:228:_ZNSt7__cxx1112basic_stringIcSt11char_traitsIcESaIcEE12_M_constructIPKcEEvT_S8_St20forward_iterator_tag	120	static
/usr/bin/../lib64/gcc/x86_64-pc-linux-gnu/16.1.1/../../../../include/c++/16.1.1/bits/ptr_traits.h:134:_ZNSt19__ptr_traits_ptr_toIPccLb0EE10pointer_toERc	8	static
/usr/bin/../lib64/gcc/x86_64-pc-linux-gnu/16.1.1/../../../../include/c++/16.1.1/bits/basic_string.h:227:_ZNSt7__cxx1112basic_stringIcSt11char_traitsIcESaIcEE7_M_dataEPc	8	static
/usr/bin/../lib64/gcc/x86_64-pc-linux-gnu/16.1.1/../../../../include/c++/16.1.1/bits/basic_string.tcc:144:_ZNSt7__cxx1112basic_stringIcSt11char_traitsIcESaIcEE9_M_createERmm	56	static
/usr/bin/../lib64/gcc/x86_64-pc-linux-gnu/16.1.1/../../../../include/c++/16.1.1/bits/basic_string.h:264:_ZNSt7__cxx1112basic_stringIcSt11char_traitsIcESaIcEE11_M_capacityEm	8	static
/usr/bin/../lib64/gcc/x86_64-pc-linux-gnu/16.1.1/../../../../include/c++/16.1.1/bits/basic_string.tcc:245:_ZZNSt7__cxx1112basic_stringIcSt11char_traitsIcESaIcEE12_M_constructIPKcEEvT_S8_St20forward_iterator_tagEN6_GuardC2EPS4_	8	static
/usr/bin/../lib64/gcc/x86_64-pc-linux-gnu/16.1.1/../../../../include/c++/16.1.1/bits/basic_string.h:487:_ZNSt7__cxx1112basic_stringIcSt11char_traitsIcESaIcEE13_S_copy_charsIPKcEEvPcT_S9_	40	static
/usr/bin/../lib64/gcc/x86_64-pc-linux-gnu/16.1.1/../../../../include/c++/16.1.1/bits/basic_string.h:269:_ZNSt7__cxx1112basic_stringIcSt11char_traitsIcESaIcEE13_M_set_lengthEm	56	static
/usr/bin/../lib64/gcc/x86_64-pc-linux-gnu/16.1.1/../../../../include/c++/16.1.1/bits/basic_string.tcc:248:_ZZNSt7__cxx1112basic_stringIcSt11char_traitsIcESaIcEE12_M_constructIPKcEEvT_S8_St20forward_iterator_tagEN6_GuardD2Ev	24	static
/usr/bin/../lib64/gcc/x86_64-pc-linux-gnu/16.1.1/../../../../include/c++/16.1.1/bits/basic_string.h:1205:_ZNKSt7__cxx1112basic_stringIcSt11char_traitsIcESaIcEE8max_sizeEv	72	static
/usr/bin/../lib64/gcc/x86_64-pc-linux-gnu/16.1.1/../../../../include/c++/16.1.1/bits/basic_string.h:139:_ZNSt7__cxx1112basic_stringIcSt11char_traitsIcESaIcEE11_S_allocateERS3_m	72	static
/usr/bin/../lib64/gcc/x86_64-pc-linux-gnu/16.1.1/../../../../include/c++/16.1.1/bits/basic_string.h:368:_ZNKSt7__cxx1112basic_stringIcSt11char_traitsIcESaIcEE16_M_get_allocatorEv	8	static
/usr/bin/../lib64/gcc/x86_64-pc-linux-gnu/16.1.1/../../../../include/c++/16.1.1/bits/stl_algobase.h:232:_ZSt3minImERKT_S2_S2_	8	static
/usr/bin/../lib64/gcc/x86_64-pc-linux-gnu/16.1.1/../../../../include/c++/16.1.1/bits/new_allocator.h:129:_ZNSt15__new_allocatorIcE8allocateEmPKv	40	static
/usr/bin/../lib64/gcc/x86_64-pc-linux-gnu/16.1.1/../../../../include/c++/16.1.1/bits/basic_string.h:452:_ZNSt7__cxx1112basic_stringIcSt11char_traitsIcESaIcEE7_S_copyEPcPKcm	40	static
/usr/bin/../lib64/gcc/x86_64-pc-linux-gnu/16.1.1/../../../../include/c++/16.1.1/bits/char_traits.h:348:_ZNSt11char_traitsIcE6assignERcRKc	8	static
/usr/bin/../lib64/gcc/x86_64-pc-linux-gnu/16.1.1/../../../../include/c++/16.1.1/bits/char_traits.h:424:_ZNSt11char_traitsIcE4copyEPcPKcm	56	static
/usr/bin/../lib64/gcc/x86_64-pc-linux-gnu/16.1.1/../../../../include/c++/16.1.1/bits/basic_string.h:232:_ZNSt7__cxx1112basic_stringIcSt11char_traitsIcESaIcEE9_M_lengthEm	8	static
/usr/bin/../lib64/gcc/x86_64-pc-linux-gnu/16.1.1/../../../../include/c++/16.1.1/bits/basic_string.h:2240:_ZNSt7__cxx1112basic_stringIcSt11char_traitsIcESaIcEE6insertEmPKc	56	static
/usr/bin/../lib64/gcc/x86_64-pc-linux-gnu/16.1.1/../../../../include/c++/16.1.1/bits/basic_string.h:766:_ZNSt7__cxx1112basic_stringIcSt11char_traitsIcESaIcEEC2EOS4_	104	static
/usr/bin/../lib64/gcc/x86_64-pc-linux-gnu/16.1.1/../../../../include/c++/16.1.1/bits/basic_string.h:2482:_ZNSt7__cxx1112basic_stringIcSt11char_traitsIcESaIcEE7replaceEmmPKcm	72	static
/usr/bin/../lib64/gcc/x86_64-pc-linux-gnu/16.1.1/../../../../include/c++/16.1.1/bits/basic_string.tcc:575:_ZNSt7__cxx1112basic_stringIcSt11char_traitsIcESaIcEE10_M_replaceEmmPKcm	104	static
/usr/bin/../lib64/gcc/x86_64-pc-linux-gnu/16.1.1/../../../../include/c++/16.1.1/bits/basic_string.h:413:_ZNKSt7__cxx1112basic_stringIcSt11char_traitsIcESaIcEE8_M_checkEmPKc	72	static
/usr/bin/../lib64/gcc/x86_64-pc-linux-gnu/16.1.1/../../../../include/c++/16.1.1/bits/basic_string.h:434:_ZNKSt7__cxx1112basic_stringIcSt11char_traitsIcESaIcEE8_M_limitEmm	72	static
/usr/bin/../lib64/gcc/x86_64-pc-linux-gnu/16.1.1/../../../../include/c++/16.1.1/bits/basic_string.h:424:_ZNKSt7__cxx1112basic_stringIcSt11char_traitsIcESaIcEE15_M_check_lengthEmmPKc	56	static
/usr/bin/../lib64/gcc/x86_64-pc-linux-gnu/16.1.1/../../../../include/c++/16.1.1/bits/basic_string.h:1301:_ZNKSt7__cxx1112basic_stringIcSt11char_traitsIcESaIcEE8capacityEv	56	static
/usr/bin/../lib64/gcc/x86_64-pc-linux-gnu/16.1.1/../../../../include/c++/16.1.1/bits/basic_string.h:442:_ZNKSt7__cxx1112basic_stringIcSt11char_traitsIcESaIcEE11_M_disjunctEPKc	88	static
/usr/bin/../lib64/gcc/x86_64-pc-linux-gnu/16.1.1/../../../../include/c++/16.1.1/bits/basic_string.h:462:_ZNSt7__cxx1112basic_stringIcSt11char_traitsIcESaIcEE7_S_moveEPcPKcm	40	static
/usr/bin/../lib64/gcc/x86_64-pc-linux-gnu/16.1.1/../../../../include/c++/16.1.1/bits/basic_string.tcc:543:_ZNSt7__cxx1112basic_stringIcSt11char_traitsIcESaIcEE15_M_replace_coldEPcmPKcmm	72	static
/usr/bin/../lib64/gcc/x86_64-pc-linux-gnu/16.1.1/../../../../include/c++/16.1.1/bits/basic_string.tcc:389:_ZNSt7__cxx1112basic_stringIcSt11char_traitsIcESaIcEE9_M_mutateEmmPKcm	104	static
/usr/bin/../lib64/gcc/x86_64-pc-linux-gnu/16.1.1/../../../../include/c++/16.1.1/bits/stl_function.h:451:_ZNKSt4lessIPKcEclES1_S1_	8	static
/usr/bin/../lib64/gcc/x86_64-pc-linux-gnu/16.1.1/../../../../include/c++/16.1.1/bits/char_traits.h:412:_ZNSt11char_traitsIcE4moveEPcPKcm	56	static
/usr/bin/../lib64/gcc/x86_64-pc-linux-gnu/16.1.1/../../../../include/c++/16.1.1/bits/basic_string.h:1199:_ZNKSt7__cxx1112basic_stringIcSt11char_traitsIcESaIcEE6lengthEv	24	static
/usr/bin/../lib64/gcc/x86_64-pc-linux-gnu/16.1.1/../../../../include/c++/16.1.1/bits/basic_string.h:207:_ZNSt7__cxx1112basic_stringIcSt11char_traitsIcESaIcEE12_Alloc_hiderC2EPcOS3_	8	static
/usr/bin/../lib64/gcc/x86_64-pc-linux-gnu/16.1.1/../../../../include/c++/16.1.1/bits/basic_string.h:3977:_ZStplIcSt11char_traitsIcESaIcEENSt7__cxx1112basic_stringIT_T0_T1_EEOS8_RKS8_	56	static
/usr/bin/../lib64/gcc/x86_64-pc-linux-gnu/16.1.1/../../../../include/c++/16.1.1/bits/stl_vector.h:1270:_ZNKSt6vectorIPKcSaIS1_EEixEm	40	static
/usr/bin/../lib64/gcc/x86_64-pc-linux-gnu/16.1.1/../../../../include/c++/16.1.1/bits/basic_string.h:1559:_ZNSt7__cxx1112basic_stringIcSt11char_traitsIcESaIcEE6appendERKS4_	40	static
/usr/bin/../lib64/gcc/x86_64-pc-linux-gnu/16.1.1/../../../../include/c++/16.1.1/bits/basic_string.h:1590:_ZNSt7__cxx1112basic_stringIcSt11char_traitsIcESaIcEE6appendEPKcm	40	static
/usr/bin/../lib64/gcc/x86_64-pc-linux-gnu/16.1.1/../../../../include/c++/16.1.1/bits/basic_string.tcc:477:_ZNSt7__cxx1112basic_stringIcSt11char_traitsIcESaIcEE9_M_appendEPKcm	72	static
/usr/bin/../lib64/gcc/x86_64-pc-linux-gnu/16.1.1/../../../../include/c++/16.1.1/bits/basic_string.h:1604:_ZNSt7__cxx1112basic_stringIcSt11char_traitsIcESaIcEE6appendEPKc	40	static
googletest-src/googlemock/include/gmock/internal/gmock-internal-utils.h:223:_ZN7testing8internal24FailureReporterInterfaceC2Ev	8	static
googletest-src/googlemock/src/gmock-internal-utils.cc:102:_ZN7testing8internal25GoogleTestFailureReporterD2Ev	24	static
googletest-src/googlemock/src/gmock-internal-utils.cc:102:_ZN7testing8internal25GoogleTestFailureReporterD0Ev	24	static
googletest-src/googlemock/src/gmock-internal-utils.cc:104:_ZN7testing8internal25GoogleTestFailureReporter13ReportFailureENS0_24FailureReporterInterface11FailureTypeEPKciRKNSt7__cxx1112basic_stringIcSt11char_traitsIcESaIcEEE	120	static
googletest-src/googlemock/include/gmock/internal/gmock-internal-utils.h:228:_ZN7testing8internal24FailureReporterInterfaceD2Ev	8	static
googletest-src/googlemock/include/gmock/internal/gmock-internal-utils.h:228:_ZN7testing8internal24FailureReporterInterfaceD0Ev	8	static
/usr/bin/../lib64/gcc/x86_64-pc-linux-gnu/16.1.1/../../../../include/c++/16.1.1/bits/basic_string.h:2897:_ZNKSt7__cxx1112basic_stringIcSt11char_traitsIcESaIcEE5c_strEv	24	static
googletest-src/googletest/include/gtest/internal/gtest-port.h:2195:_ZN7testing8internal5posix5AbortEv	8	static
/usr/bin/../lib64/gcc/x86_64-pc-linux-gnu/16.1.1/../../../../include/c++/16.1.1/bits/char_traits.h:371:_ZNSt11char_traitsIcE7compareEPKcS2_m	40	static
/usr/bin/../lib64/gcc/x86_64-pc-linux-gnu/16.1.1/../../../../include/c++/16.1.1/bits/basic_string.h:2910:_ZNKSt7__cxx1112basic_stringIcSt11char_traitsIcESaIcEE4dataEv	24	static
/usr/bin/../lib64/gcc/x86_64-pc-linux-gnu/16.1.1/../../../../include/c++/16.1.1/bits/stl_iterator.h:190:_ZNSt16reverse_iteratorIN9__gnu_cxx17__normal_iteratorIPKcNSt7__cxx1112basic_stringIcSt11char_traitsIcESaIcEEEEEEC2ESA_	40	static
/usr/bin/../lib64/gcc/x86_64-pc-linux-gnu/16.1.1/../../../../include/c++/16.1.1/bits/basic_string.h:3868:_ZSt12__str_concatINSt7__cxx1112basic_stringIcSt11char_traitsIcESaIcEEEET_PKNS6_10value_typeENS6_9size_typeES9_SA_RKNS6_14allocator_typeE	200	static
/usr/bin/../lib64/gcc/x86_64-pc-linux-gnu/16.1.1/../../../../include/c++/16.1.1/bits/basic_string.h:2931:_ZNKSt7__cxx1112basic_stringIcSt11char_traitsIcESaIcEE13get_allocatorEv	72	static
/usr/bin/../lib64/gcc/x86_64-pc-linux-gnu/16.1.1/../../../../include/c++/16.1.1/bits/basic_string.h:605:_ZNSt7__cxx1112basic_stringIcSt11char_traitsIcESaIcEEC2ERKS3_	40	static
/usr/bin/../lib64/gcc/x86_64-pc-linux-gnu/16.1.1/../../../../include/c++/16.1.1/bits/basic_string.tcc:287:_ZNSt7__cxx1112basic_stringIcSt11char_traitsIcESaIcEE12_M_constructILb1EEEvPKcm	56	static
/usr/bin/../lib64/gcc/x86_64-pc-linux-gnu/16.1.1/../../../../include/c++/16.1.1/bits/stl_vector.h:589:_ZNSt6vectorImSaImEEC2EmRKmRKS0_	72	static
/usr/bin/../lib64/gcc/x86_64-pc-linux-gnu/16.1.1/../../../../include/c++/16.1.1/bits/stl_vector.h:790:_ZNSt6vectorImSaImEED2Ev	72	static
/usr/bin/../lib64/gcc/x86_64-pc-linux-gnu/16.1.1/../../../../include/c++/16.1.1/bits/stl_vector.h:2203:_ZNSt6vectorImSaImEE17_S_check_init_lenEmRKS0_	104	static
/usr/bin/../lib64/gcc/x86_64-pc-linux-gnu/16.1.1/../../../../include/c++/16.1.1/bits/stl_vector.h:339:_ZNSt12_Vector_baseImSaImEEC2EmRKS0_	56	static
/usr/bin/../lib64/gcc/x86_64-pc-linux-gnu/16.1.1/../../../../include/c++/16.1.1/bits/stl_vector.h:1987:_ZNSt6vectorImSaImEE18_M_fill_initializeEmRKm	72	static
/usr/bin/../lib64/gcc/x86_64-pc-linux-gnu/16.1.1/../../../../include/c++/16.1.1/bits/stl_vector.h:373:_ZNSt12_Vector_baseImSaImEED2Ev	40	static
/usr/bin/../lib64/gcc/x86_64-pc-linux-gnu/16.1.1/../../../../include/c++/16.1.1/bits/stl_vector.h:2212:_ZNSt6vectorImSaImEE11_S_max_sizeERKS0_	56	static
/usr/bin/../lib64/gcc/x86_64-pc-linux-gnu/16.1.1/../../../../include/c++/16.1.1/bits/stl_vector.h:152:_ZNSt12_Vector_baseImSaImEE12_Vector_implC2ERKS0_	56	static
/usr/bin/../lib64/gcc/x86_64-pc-linux-gnu/16.1.1/../../../../include/c++/16.1.1/bits/stl_vector.h:405:_ZNSt12_Vector_baseImSaImEE17_M_create_storageEm	40	static
/usr/bin/../lib64/gcc/x86_64-pc-linux-gnu/16.1.1/../../../../include/c++/16.1.1/bits/stl_vector.h:139:_ZNSt12_Vector_baseImSaImEE12_Vector_implD2Ev	8	static
/usr/bin/../lib64/gcc/x86_64-pc-linux-gnu/16.1.1/../../../../include/c++/16.1.1/bits/stl_vector.h:105:_ZNSt12_Vector_baseImSaImEE17_Vector_impl_dataC2Ev	8	static
/usr/bin/../lib64/gcc/x86_64-pc-linux-gnu/16.1.1/../../../../include/c++/16.1.1/bits/stl_vector.h:386:_ZNSt12_Vector_baseImSaImEE11_M_allocateEm	72	static
/usr/bin/../lib64/gcc/x86_64-pc-linux-gnu/16.1.1/../../../../include/c++/16.1.1/bits/new_allocator.h:129:_ZNSt15__new_allocatorImE8allocateEmPKv	40	static
/usr/bin/../lib64/gcc/x86_64-pc-linux-gnu/16.1.1/../../../../include/c++/16.1.1/bits/stl_uninitialized.h:771:_ZSt24__uninitialized_fill_n_aIPmmmmET_S1_T0_RKT1_RSaIT2_E	40	static
/usr/bin/../lib64/gcc/x86_64-pc-linux-gnu/16.1.1/../../../../include/c++/16.1.1/bits/stl_vector.h:307:_ZNSt12_Vector_baseImSaImEE19_M_get_Tp_allocatorEv	8	static
/usr/bin/../lib64/gcc/x86_64-pc-linux-gnu/16.1.1/../../../../include/c++/16.1.1/bits/stl_uninitialized.h:550:_ZSt20uninitialized_fill_nIPmmmET_S1_T0_RKT1_	40	static
/usr/bin/../lib64/gcc/x86_64-pc-linux-gnu/16.1.1/../../../../include/c++/16.1.1/bits/stl_uninitialized.h:477:_ZSt18__do_uninit_fill_nIPmmmET_S1_T0_RKT1_	88	static
/usr/bin/../lib64/gcc/x86_64-pc-linux-gnu/16.1.1/../../../../include/c++/16.1.1/bits/stl_uninitialized.h:113:_ZNSt19_UninitDestroyGuardIPmvEC2ERS0_	8	static
/usr/bin/../lib64/gcc/x86_64-pc-linux-gnu/16.1.1/../../../../include/c++/16.1.1/bits/stl_construct.h:123:_ZSt10_ConstructImJRKmEEvPT_DpOT0_	8	static
/usr/bin/../lib64/gcc/x86_64-pc-linux-gnu/16.1.1/../../../../include/c++/16.1.1/bits/stl_uninitialized.h:131:_ZNSt19_UninitDestroyGuardIPmvE7releaseEv	8	static
/usr/bin/../lib64/gcc/x86_64-pc-linux-gnu/16.1.1/../../../../include/c++/16.1.1/bits/stl_uninitialized.h:118:_ZNSt19_UninitDestroyGuardIPmvED2Ev	24	static
/usr/bin/../lib64/gcc/x86_64-pc-linux-gnu/16.1.1/../../../../include/c++/16.1.1/bits/stl_construct.h:219:_ZSt8_DestroyIPmEvT_S1_	8	static
/usr/bin/../lib64/gcc/x86_64-pc-linux-gnu/16.1.1/../../../../include/c++/16.1.1/bits/stl_vector.h:394:_ZNSt12_Vector_baseImSaImEE13_M_deallocateEPmm	88	static
/usr/bin/../lib64/gcc/x86_64-pc-linux-gnu/16.1.1/../../../../include/c++/16.1.1/bits/new_allocator.h:167:_ZNSt15__new_allocatorImE10deallocateEPmm	40	static
/usr/bin/../lib64/gcc/x86_64-pc-linux-gnu/16.1.1/../../../../include/c++/16.1.1/bits/stl_vector.h:551:_ZNSt6vectorIcSaIcEEC2Ev	24	static
/usr/bin/../lib64/gcc/x86_64-pc-linux-gnu/16.1.1/../../../../include/c++/16.1.1/bits/stl_vector.h:1251:_ZNSt6vectorImSaImEEixEm	40	static
/usr/bin/../lib64/gcc/x86_64-pc-linux-gnu/16.1.1/../../../../include/c++/16.1.1/bits/stl_vector.h:865:_ZNSt6vectorIcSaIcEE6assignEmRKc	40	static
googletest-src/googlemock/src/gmock-matchers.cc:184:_ZN7testing8internal22MaxBipartiteMatchState10TryAugmentEmPSt6vectorIcSaIcEE	88	static
/usr/bin/../lib64/gcc/x86_64-pc-linux-gnu/16.1.1/../../../../include/c++/16.1.1/bits/stl_vector.h:551:_ZNSt6vectorISt4pairImmESaIS1_EEC2Ev	24	static
/usr/bin/../lib64/gcc/x86_64-pc-linux-gnu/16.1.1/../../../../include/c++/16.1.1/bits/stl_vector.h:1107:_ZNKSt6vectorImSaImEE4sizeEv	8	static
/usr/bin/../lib64/gcc/x86_64-pc-linux-gnu/16.1.1/../../../../include/c++/16.1.1/bits/stl_vector.h:1423:_ZNSt6vectorISt4pairImmESaIS1_EE9push_backEOS1_	24	static
/usr/bin/../lib64/gcc/x86_64-pc-linux-gnu/16.1.1/../../../../include/c++/16.1.1/bits/stl_pair.h:465:_ZNSt4pairImmEC2IRmS2_Qaacl16_S_constructibleITL0__TL0_0_EEntcl10_S_danglesIS3_S4_EEEEOT_OT0_	8	static
/usr/bin/../lib64/gcc/x86_64-pc-linux-gnu/16.1.1/../../../../include/c++/16.1.1/bits/stl_vector.h:321:_ZNSt12_Vector_baseIcSaIcEEC2Ev	24	static
/usr/bin/../lib64/gcc/x86_64-pc-linux-gnu/16.1.1/../../../../include/c++/16.1.1/bits/stl_vector.h:143:_ZNSt12_Vector_baseIcSaIcEE12_Vector_implC2EvQ26is_default_constructible_vIN9__gnu_cxx14__alloc_traitsIT0_NS5_10value_typeEE6rebindIT_E5otherEE	40	static
/usr/bin/../lib64/gcc/x86_64-pc-linux-gnu/16.1.1/../../../../include/c++/16.1.1/bits/vector.tcc:275:_ZNSt6vectorIcSaIcEE14_M_fill_assignEmRKc	392	static
/usr/bin/../lib64/gcc/x86_64-pc-linux-gnu/16.1.1/../../../../include/c++/16.1.1/bits/stl_vector.h:1198:_ZNKSt6vectorIcSaIcEE8capacityEv	8	static
/usr/bin/../lib64/gcc/x86_64-pc-linux-gnu/16.1.1/../../../../include/c++/16.1.1/bits/stl_vector.h:307:_ZNSt12_Vector_baseIcSaIcEE19_M_get_Tp_allocatorEv	8	static
/usr/bin/../lib64/gcc/x86_64-pc-linux-gnu/16.1.1/../../../../include/c++/16.1.1/bits/stl_vector.h:128:_ZNSt12_Vector_baseIcSaIcEE17_Vector_impl_data12_M_swap_dataERS2_	72	static
/usr/bin/../lib64/gcc/x86_64-pc-linux-gnu/16.1.1/../../../../include/c++/16.1.1/bits/stl_vector.h:988:_ZNSt6vectorIcSaIcEE5beginEv	56	static
/usr/bin/../lib64/gcc/x86_64-pc-linux-gnu/16.1.1/../../../../include/c++/16.1.1/bits/stl_vector.h:1008:_ZNSt6vectorIcSaIcEE3endEv	56	static
/usr/bin/../lib64/gcc/x86_64-pc-linux-gnu/16.1.1/../../../../include/c++/16.1.1/bits/stl_uninitialized.h:771:_ZSt24__uninitialized_fill_n_aIPcmccET_S1_T0_RKT1_RSaIT2_E	40	static
/usr/bin/../lib64/gcc/x86_64-pc-linux-gnu/16.1.1/../../../../include/c++/16.1.1/bits/stl_vector.h:2229:_ZNSt6vectorIcSaIcEE15_M_erase_at_endEPc	88	static
/usr/bin/../lib64/gcc/x86_64-pc-linux-gnu/16.1.1/../../../../include/c++/16.1.1/bits/stl_vector.h:105:_ZNSt12_Vector_baseIcSaIcEE17_Vector_impl_dataC2Ev	8	static
/usr/bin/../lib64/gcc/x86_64-pc-linux-gnu/16.1.1/../../../../include/c++/16.1.1/bits/stl_vector.h:119:_ZNSt12_Vector_baseIcSaIcEE17_Vector_impl_data12_M_copy_dataERKS2_	8	static
/usr/bin/../lib64/gcc/x86_64-pc-linux-gnu/16.1.1/../../../../include/c++/16.1.1/bits/stl_algobase.h:935:_ZSt9__fill_a1IccEN9__gnu_cxx11__enable_ifIXaasr9__is_byteIT_EE7__valueoosr10__are_sameIS2_T0_EE7__valuesr20__memcpyable_integerIS3_EE7__widthEvE6__typeEPS2_S6_RKS3_	56	static
/usr/bin/../lib64/gcc/x86_64-pc-linux-gnu/16.1.1/../../../../include/c++/16.1.1/bits/stl_uninitialized.h:550:_ZSt20uninitialized_fill_nIPcmcET_S1_T0_RKT1_	56	static
/usr/bin/../lib64/gcc/x86_64-pc-linux-gnu/16.1.1/../../../../include/c++/16.1.1/bits/stl_construct.h:219:_ZSt8_DestroyIPcEvT_S1_	8	static
/usr/bin/../lib64/gcc/x86_64-pc-linux-gnu/16.1.1/../../../../include/c++/16.1.1/bits/stl_algobase.h:1021:_ZSt17__size_to_integerm	8	static
/usr/bin/../lib64/gcc/x86_64-pc-linux-gnu/16.1.1/../../../../include/c++/16.1.1/bits/stl_vector.h:321:_ZNSt12_Vector_baseISt4pairImmESaIS1_EEC2Ev	24	static
/usr/bin/../lib64/gcc/x86_64-pc-linux-gnu/16.1.1/../../../../include/c++/16.1.1/bits/stl_vector.h:143:_ZNSt12_Vector_baseISt4pairImmESaIS1_EE12_Vector_implC2EvQ26is_default_constructible_vIN9__gnu_cxx14__alloc_traitsIT0_NS7_10value_typeEE6rebindIT_E5otherEE	40	static
/usr/bin/../lib64/gcc/x86_64-pc-linux-gnu/16.1.1/../../../../include/c++/16.1.1/bits/stl_vector.h:105:_ZNSt12_Vector_baseISt4pairImmESaIS1_EE17_Vector_impl_dataC2Ev	8	static
/usr/bin/../lib64/gcc/x86_64-pc-linux-gnu/16.1.1/../../../../include/c++/16.1.1/bits/vector.tcc:116:_ZNSt6vectorISt4pairImmESaIS1_EE12emplace_backIJS1_EEERS1_DpOT_	56	static
/usr/bin/../lib64/gcc/x86_64-pc-linux-gnu/16.1.1/../../../../include/c++/16.1.1/bits/vector.tcc:566:_ZNSt6vectorISt4pairImmESaIS1_EE17_M_realloc_appendIJS1_EEEvDpOT_	200	static
/usr/bin/../lib64/gcc/x86_64-pc-linux-gnu/16.1.1/../../../../include/c++/16.1.1/bits/stl_vector.h:1358:_ZNSt6vectorISt4pairImmESaIS1_EE4backEv	120	static
/usr/bin/../lib64/gcc/x86_64-pc-linux-gnu/16.1.1/../../../../include/c++/16.1.1/bits/stl_construct.h:96:_ZSt12construct_atISt4pairImmEJS1_EQaant20is_unbounded_array_vIT_ErqXgsnwcvPvLi0E_S2_pispclsr3stdE7declvalIT0_EEEEEPS2_S5_DpOS4_	8	static
/usr/bin/../lib64/gcc/x86_64-pc-linux-gnu/16.1.1/../../../../include/c++/16.1.1/bits/stl_vector.h:2192:_ZNKSt6vectorISt4pairImmESaIS1_EE12_M_check_lenEmPKc	120	static
/usr/bin/../lib64/gcc/x86_64-pc-linux-gnu/16.1.1/../../../../include/c++/16.1.1/bits/stl_vector.h:386:_ZNSt12_Vector_baseISt4pairImmESaIS1_EE11_M_allocateEm	72	static
/usr/bin/../lib64/gcc/x86_64-pc-linux-gnu/16.1.1/../../../../include/c++/16.1.1/bits/stl_vector.h:1865:_ZNSt6vectorISt4pairImmESaIS1_EE12_Guard_allocC2EPS1_mRSt12_Vector_baseIS1_S2_E	8	static
/usr/bin/../lib64/gcc/x86_64-pc-linux-gnu/16.1.1/../../../../include/c++/16.1.1/bits/stl_uninitialized.h:1404:_ZSt12__relocate_aIPSt4pairImmES2_SaIS1_EET0_T_S5_S4_RT1_	72	static
/usr/bin/../lib64/gcc/x86_64-pc-linux-gnu/16.1.1/../../../../include/c++/16.1.1/bits/stl_vector.h:307:_ZNSt12_Vector_baseISt4pairImmESaIS1_EE19_M_get_Tp_allocatorEv	8	static
/usr/bin/../lib64/gcc/x86_64-pc-linux-gnu/16.1.1/../../../../include/c++/16.1.1/bits/stl_vector.h:1870:_ZNSt6vectorISt4pairImmESaIS1_EE12_Guard_allocD2Ev	24	static
/usr/bin/../lib64/gcc/x86_64-pc-linux-gnu/16.1.1/../../../../include/c++/16.1.1/bits/stl_vector.h:1118:_ZNKSt6vectorISt4pairImmESaIS1_EE8max_sizeEv	24	static
/usr/bin/../lib64/gcc/x86_64-pc-linux-gnu/16.1.1/../../../../include/c++/16.1.1/bits/stl_algobase.h:256:_ZSt3maxImERKT_S2_S2_	8	static
/usr/bin/../lib64/gcc/x86_64-pc-linux-gnu/16.1.1/../../../../include/c++/16.1.1/bits/stl_vector.h:2212:_ZNSt6vectorISt4pairImmESaIS1_EE11_S_max_sizeERKS2_	56	static
/usr/bin/../lib64/gcc/x86_64-pc-linux-gnu/16.1.1/../../../../include/c++/16.1.1/bits/stl_vector.h:312:_ZNKSt12_Vector_baseISt4pairImmESaIS1_EE19_M_get_Tp_allocatorEv	8	static
/usr/bin/../lib64/gcc/x86_64-pc-linux-gnu/16.1.1/../../../../include/c++/16.1.1/bits/new_allocator.h:129:_ZNSt15__new_allocatorISt4pairImmEE8allocateEmPKv	40	static
/usr/bin/../lib64/gcc/x86_64-pc-linux-gnu/16.1.1/../../../../include/c++/16.1.1/bits/stl_uninitialized.h:1354:_ZSt14__relocate_a_1IPSt4pairImmES2_SaIS1_EET0_T_S5_S4_RT1_	56	static
/usr/bin/../lib64/gcc/x86_64-pc-linux-gnu/16.1.1/../../../../include/c++/16.1.1/bits/stl_uninitialized.h:1331:_ZSt19__relocate_object_aISt4pairImmES1_SaIS1_EEvPT_PT0_RT1_	72	static
/usr/bin/../lib64/gcc/x86_64-pc-linux-gnu/16.1.1/../../../../include/c++/16.1.1/bits/stl_construct.h:80:_ZSt10destroy_atISt4pairImmEEvPT_	8	static
/usr/bin/../lib64/gcc/x86_64-pc-linux-gnu/16.1.1/../../../../include/c++/16.1.1/bits/stl_vector.h:394:_ZNSt12_Vector_baseISt4pairImmESaIS1_EE13_M_deallocateEPS1_m	88	static
/usr/bin/../lib64/gcc/x86_64-pc-linux-gnu/16.1.1/../../../../include/c++/16.1.1/bits/new_allocator.h:167:_ZNSt15__new_allocatorISt4pairImmEE10deallocateEPS1_m	40	static
/usr/bin/../lib64/gcc/x86_64-pc-linux-gnu/16.1.1/../../../../include/c++/16.1.1/bits/stl_vector.h:1213:_ZNKSt6vectorISt4pairImmESaIS1_EE5emptyEv	88	static
/usr/bin/../lib64/gcc/x86_64-pc-linux-gnu/16.1.1/../../../../include/c++/16.1.1/bits/stl_vector.h:1008:_ZNSt6vectorISt4pairImmESaIS1_EE3endEv	56	static
/usr/bin/../lib64/gcc/x86_64-pc-linux-gnu/16.1.1/../../../../include/c++/16.1.1/bits/stl_vector.h:998:_ZNKSt6vectorISt4pairImmESaIS1_EE5beginEv	56	static
/usr/bin/../lib64/gcc/x86_64-pc-linux-gnu/16.1.1/../../../../include/c++/16.1.1/bits/stl_vector.h:1018:_ZNKSt6vectorISt4pairImmESaIS1_EE3endEv	56	static
/usr/bin/../lib64/gcc/x86_64-pc-linux-gnu/16.1.1/../../../../include/c++/16.1.1/bits/stl_vector.h:1270:_ZNKSt6vectorIcSaIcEEixEm	40	static
/usr/bin/../lib64/gcc/x86_64-pc-linux-gnu/16.1.1/../../../../include/c++/16.1.1/bits/stl_vector.h:998:_ZNKSt6vectorIPKN7testing25MatcherDescriberInterfaceESaIS3_EE5beginEv	56	static
/usr/bin/../lib64/gcc/x86_64-pc-linux-gnu/16.1.1/../../../../include/c++/16.1.1/bits/stl_vector.h:1018:_ZNKSt6vectorIPKN7testing25MatcherDescriberInterfaceESaIS3_EE3endEv	56	static
googletest-src/googletest/include/gtest/gtest-message.h:132:_ZN7testing7MessagelsImEERS0_RKT_	40	static
googletest-src/googletest/include/gtest/gtest-message.h:132:_ZN7testing7MessagelsIA9_cEERS0_RKT_	40	static
googletest-src/googletest/include/gtest/gtest-message.h:181:_ZN7testing7MessagelsIKcEERS0_RKPT_	40	static
googletest-src/googletest/include/gtest/gtest-message.h:112:_ZN7testing7MessageC2ERKS0_	120	static
/usr/bin/../lib64/gcc/x86_64-pc-linux-gnu/16.1.1/../../../../include/c++/16.1.1/bits/unique_ptr.h:445:_ZNKSt10unique_ptrINSt7__cxx1118basic_stringstreamIcSt11char_traitsIcESaIcEEESt14default_deleteIS5_EEdeEv	24	static
/usr/bin/../lib64/gcc/x86_64-pc-linux-gnu/16.1.1/../../../../include/c++/16.1.1/bits/unique_ptr.h:471:_ZNKSt10unique_ptrINSt7__cxx1118basic_stringstreamIcSt11char_traitsIcESaIcEEESt14default_deleteIS5_EE3getEv	24	static
/usr/bin/../lib64/gcc/x86_64-pc-linux-gnu/16.1.1/../../../../include/c++/16.1.1/bits/unique_ptr.h:192:_ZNKSt15__uniq_ptr_implINSt7__cxx1118basic_stringstreamIcSt11char_traitsIcESaIcEEESt14default_deleteIS5_EE6_M_ptrEv	24	static
/usr/bin/../lib64/gcc/x86_64-pc-linux-gnu/16.1.1/../../../../include/c++/16.1.1/tuple:2505:_ZSt3getILm0EJPNSt7__cxx1118basic_stringstreamIcSt11char_traitsIcESaIcEEESt14default_deleteIS5_EEERKNSt13tuple_elementIXT_ESt5tupleIJDpT0_EEE4typeERKSD_	24	static
/usr/bin/../lib64/gcc/x86_64-pc-linux-gnu/16.1.1/../../../../include/c++/16.1.1/tuple:2488:_ZSt12__get_helperILm0EPNSt7__cxx1118basic_stringstreamIcSt11char_traitsIcESaIcEEEJSt14default_deleteIS5_EEERKT0_RKSt11_Tuple_implIXT_EJS9_DpT1_EE	24	static
/usr/bin/../lib64/gcc/x86_64-pc-linux-gnu/16.1.1/../../../../include/c++/16.1.1/tuple:294:_ZNSt11_Tuple_implILm0EJPNSt7__cxx1118basic_stringstreamIcSt11char_traitsIcESaIcEEESt14default_deleteIS5_EEE7_M_headERKS9_	24	static
/usr/bin/../lib64/gcc/x86_64-pc-linux-gnu/16.1.1/../../../../include/c++/16.1.1/tuple:249:_ZNSt10_Head_baseILm0EPNSt7__cxx1118basic_stringstreamIcSt11char_traitsIcESaIcEEELb0EE7_M_headERKS7_	8	static
/usr/bin/../lib64/gcc/x86_64-pc-linux-gnu/16.1.1/../../../../include/c++/16.1.1/bits/unique_ptr.h:310:_ZNSt10unique_ptrINSt7__cxx1118basic_stringstreamIcSt11char_traitsIcESaIcEEESt14default_deleteIS5_EEC2IS7_vEEPS5_	24	static
/usr/bin/../lib64/gcc/x86_64-pc-linux-gnu/16.1.1/../../../../include/c++/16.1.1/bits/unique_ptr.h:392:_ZNSt10unique_ptrINSt7__cxx1118basic_stringstreamIcSt11char_traitsIcESaIcEEESt14default_deleteIS5_EED2Ev	40	static
/usr/bin/../lib64/gcc/x86_64-pc-linux-gnu/16.1.1/../../../../include/c++/16.1.1/bits/unique_ptr.h:234:_ZNSt15__uniq_ptr_dataINSt7__cxx1118basic_stringstreamIcSt11char_traitsIcESaIcEEESt14default_deleteIS5_ELb1ELb1EECI2St15__uniq_ptr_implIS5_S7_EEPS5_	24	static
/usr/bin/../lib64/gcc/x86_64-pc-linux-gnu/16.1.1/../../../../include/c++/16.1.1/bits/unique_ptr.h:169:_ZNSt15__uniq_ptr_implINSt7__cxx1118basic_stringstreamIcSt11char_traitsIcESaIcEEESt14default_deleteIS5_EEC2EPS5_	40	static
/usr/bin/../lib64/gcc/x86_64-pc-linux-gnu/16.1.1/../../../../include/c++/16.1.1/tuple:963:_ZNSt5tupleIJPNSt7__cxx1118basic_stringstreamIcSt11char_traitsIcESaIcEEESt14default_deleteIS5_EEEC2EvQfraa26is_default_constructible_vIT_E	24	static
/usr/bin/../lib64/gcc/x86_64-pc-linux-gnu/16.1.1/../../../../include/c++/16.1.1/bits/unique_ptr.h:190:_ZNSt15__uniq_ptr_implINSt7__cxx1118basic_stringstreamIcSt11char_traitsIcESaIcEEESt14default_deleteIS5_EE6_M_ptrEv	24	static
/usr/bin/../lib64/gcc/x86_64-pc-linux-gnu/16.1.1/../../../../include/c++/16.1.1/tuple:302:_ZNSt11_Tuple_implILm0EJPNSt7__cxx1118basic_stringstreamIcSt11char_traitsIcESaIcEEESt14default_deleteIS5_EEEC2Ev	24	static
/usr/bin/../lib64/gcc/x86_64-pc-linux-gnu/16.1.1/../../../../include/c++/16.1.1/tuple:560:_ZNSt11_Tuple_implILm1EJSt14default_deleteINSt7__cxx1118basic_stringstreamIcSt11char_traitsIcESaIcEEEEEEC2Ev	24	static
/usr/bin/../lib64/gcc/x86_64-pc-linux-gnu/16.1.1/../../../../include/c++/16.1.1/tuple:202:_ZNSt10_Head_baseILm0EPNSt7__cxx1118basic_stringstreamIcSt11char_traitsIcESaIcEEELb0EEC2Ev	8	static
/usr/bin/../lib64/gcc/x86_64-pc-linux-gnu/16.1.1/../../../../include/c++/16.1.1/tuple:93:_ZNSt10_Head_baseILm1ESt14default_deleteINSt7__cxx1118basic_stringstreamIcSt11char_traitsIcESaIcEEEELb1EEC2Ev	8	static
/usr/bin/../lib64/gcc/x86_64-pc-linux-gnu/16.1.1/../../../../include/c++/16.1.1/tuple:2499:_ZSt3getILm0EJPNSt7__cxx1118basic_stringstreamIcSt11char_traitsIcESaIcEEESt14default_deleteIS5_EEERNSt13tuple_elementIXT_ESt5tupleIJDpT0_EEE4typeERSD_	24	static
/usr/bin/../lib64/gcc/x86_64-pc-linux-gnu/16.1.1/../../../../include/c++/16.1.1/tuple:2483:_ZSt12__get_helperILm0EPNSt7__cxx1118basic_stringstreamIcSt11char_traitsIcESaIcEEEJSt14default_deleteIS5_EEERT0_RSt11_Tuple_implIXT_EJS9_DpT1_EE	24	static
/usr/bin/../lib64/gcc/x86_64-pc-linux-gnu/16.1.1/../../../../include/c++/16.1.1/tuple:291:_ZNSt11_Tuple_implILm0EJPNSt7__cxx1118basic_stringstreamIcSt11char_traitsIcESaIcEEESt14default_deleteIS5_EEE7_M_headERS9_	24	static
/usr/bin/../lib64/gcc/x86_64-pc-linux-gnu/16.1.1/../../../../include/c++/16.1.1/tuple:246:_ZNSt10_Head_baseILm0EPNSt7__cxx1118basic_stringstreamIcSt11char_traitsIcESaIcEEELb0EE7_M_headERS7_	8	static
/usr/bin/../lib64/gcc/x86_64-pc-linux-gnu/16.1.1/../../../../include/c++/16.1.1/bits/unique_ptr.h:477:_ZNSt10unique_ptrINSt7__cxx1118basic_stringstreamIcSt11char_traitsIcESaIcEEESt14default_deleteIS5_EE11get_deleterEv	24	static
/usr/bin/../lib64/gcc/x86_64-pc-linux-gnu/16.1.1/../../../../include/c++/16.1.1/bits/unique_ptr.h:86:_ZNKSt14default_deleteINSt7__cxx1118basic_stringstreamIcSt11char_traitsIcESaIcEEEEclEPS5_	40	static
/usr/bin/../lib64/gcc/x86_64-pc-linux-gnu/16.1.1/../../../../include/c++/16.1.1/bits/unique_ptr.h:194:_ZNSt15__uniq_ptr_implINSt7__cxx1118basic_stringstreamIcSt11char_traitsIcESaIcEEESt14default_deleteIS5_EE10_M_deleterEv	24	static
/usr/bin/../lib64/gcc/x86_64-pc-linux-gnu/16.1.1/../../../../include/c++/16.1.1/tuple:2499:_ZSt3getILm1EJPNSt7__cxx1118basic_stringstreamIcSt11char_traitsIcESaIcEEESt14default_deleteIS5_EEERNSt13tuple_elementIXT_ESt5tupleIJDpT0_EEE4typeERSD_	24	static
/usr/bin/../lib64/gcc/x86_64-pc-linux-gnu/16.1.1/../../../../include/c++/16.1.1/tuple:2483:_ZSt12__get_helperILm1ESt14default_deleteINSt7__cxx1118basic_stringstreamIcSt11char_traitsIcESaIcEEEEJEERT0_RSt11_Tuple_implIXT_EJS8_DpT1_EE	24	static
/usr/bin/../lib64/gcc/x86_64-pc-linux-gnu/16.1.1/../../../../include/c++/16.1.1/tuple:554:_ZNSt11_Tuple_implILm1EJSt14default_deleteINSt7__cxx1118basic_stringstreamIcSt11char_traitsIcESaIcEEEEEE7_M_headERS8_	24	static
/usr/bin/../lib64/gcc/x86_64-pc-linux-gnu/16.1.1/../../../../include/c++/16.1.1/tuple:137:_ZNSt10_Head_baseILm1ESt14default_deleteINSt7__cxx1118basic_stringstreamIcSt11char_traitsIcESaIcEEEELb1EE7_M_headERS8_	8	static
/usr/bin/../lib64/gcc/x86_64-pc-linux-gnu/16.1.1/../../../../include/c++/16.1.1/bits/stl_vector.h:2203:_ZNSt6vectorIcSaIcEE17_S_check_init_lenEmRKS0_	104	static
/usr/bin/../lib64/gcc/x86_64-pc-linux-gnu/16.1.1/../../../../include/c++/16.1.1/bits/stl_vector.h:339:_ZNSt12_Vector_baseIcSaIcEEC2EmRKS0_	56	static
/usr/bin/../lib64/gcc/x86_64-pc-linux-gnu/16.1.1/../../../../include/c++/16.1.1/bits/stl_vector.h:1987:_ZNSt6vectorIcSaIcEE18_M_fill_initializeEmRKc	72	static
/usr/bin/../lib64/gcc/x86_64-pc-linux-gnu/16.1.1/../../../../include/c++/16.1.1/bits/stl_vector.h:373:_ZNSt12_Vector_baseIcSaIcEED2Ev	40	static
/usr/bin/../lib64/gcc/x86_64-pc-linux-gnu/16.1.1/../../../../include/c++/16.1.1/bits/stl_vector.h:2212:_ZNSt6vectorIcSaIcEE11_S_max_sizeERKS0_	56	static
/usr/bin/../lib64/gcc/x86_64-pc-linux-gnu/16.1.1/../../../../include/c++/16.1.1/bits/stl_vector.h:152:_ZNSt12_Vector_baseIcSaIcEE12_Vector_implC2ERKS0_	56	static
/usr/bin/../lib64/gcc/x86_64-pc-linux-gnu/16.1.1/../../../../include/c++/16.1.1/bits/stl_vector.h:405:_ZNSt12_Vector_baseIcSaIcEE17_M_create_storageEm	40	static
/usr/bin/../lib64/gcc/x86_64-pc-linux-gnu/16.1.1/../../../../include/c++/16.1.1/bits/stl_vector.h:139:_ZNSt12_Vector_baseIcSaIcEE12_Vector_implD2Ev	8	static
/usr/bin/../lib64/gcc/x86_64-pc-linux-gnu/16.1.1/../../../../include/c++/16.1.1/bits/stl_vector.h:386:_ZNSt12_Vector_baseIcSaIcEE11_M_allocateEm	72	static
/usr/bin/../lib64/gcc/x86_64-pc-linux-gnu/16.1.1/../../../../include/c++/16.1.1/bits/stl_vector.h:394:_ZNSt12_Vector_baseIcSaIcEE13_M_deallocateEPcm	88	static
/usr/bin/../lib64/gcc/x86_64-pc-linux-gnu/16.1.1/../../../../include/c++/16.1.1/bits/stl_vector.h:373:_ZNSt12_Vector_baseISt4pairImmESaIS1_EED2Ev	40	static
/usr/bin/../lib64/gcc/x86_64-pc-linux-gnu/16.1.1/../../../../include/c++/16.1.1/bits/stl_construct.h:219:_ZSt8_DestroyIPSt4pairImmEEvT_S3_	8	static
/usr/bin/../lib64/gcc/x86_64-pc-linux-gnu/16.1.1/../../../../include/c++/16.1.1/bits/stl_vector.h:139:_ZNSt12_Vector_baseISt4pairImmESaIS1_EE12_Vector_implD2Ev	8	static
/usr/bin/../lib64/gcc/x86_64-pc-linux-gnu/16.1.1/../../../../include/c++/16.1.1/bits/stl_set.h:173:_ZNSt3setIN7testing11ExpectationENS1_4LessESaIS1_EEC2Ev	24	static
/usr/bin/../lib64/gcc/x86_64-pc-linux-gnu/16.1.1/../../../../include/c++/16.1.1/bits/stl_tree.h:1573:_ZNSt8_Rb_treeIN7testing11ExpectationES1_St9_IdentityIS1_ENS1_4LessESaIS1_EEC2Ev	24	static
/usr/bin/../lib64/gcc/x86_64-pc-linux-gnu/16.1.1/../../../../include/c++/16.1.1/bits/stl_tree.h:1310:_ZNSt8_Rb_treeIN7testing11ExpectationES1_St9_IdentityIS1_ENS1_4LessESaIS1_EE13_Rb_tree_implIS4_Lb1EEC2Ev	40	static
/usr/bin/../lib64/gcc/x86_64-pc-linux-gnu/16.1.1/../../../../include/c++/16.1.1/bits/stl_tree.h:144:_ZNSt20_Rb_tree_key_compareIN7testing11Expectation4LessEEC2Ev	8	static
/usr/bin/../lib64/gcc/x86_64-pc-linux-gnu/16.1.1/../../../../include/c++/16.1.1/bits/stl_tree.h:171:_ZNSt15_Rb_tree_headerC2Ev	24	static
/usr/bin/../lib64/gcc/x86_64-pc-linux-gnu/16.1.1/../../../../include/c++/16.1.1/bits/stl_tree.h:204:_ZNSt15_Rb_tree_header8_M_resetEv	8	static
/usr/bin/../lib64/gcc/x86_64-pc-linux-gnu/16.1.1/../../../../include/c++/16.1.1/bits/stl_vector.h:321:_ZNSt12_Vector_baseIPKvSaIS1_EEC2Ev	24	static
/usr/bin/../lib64/gcc/x86_64-pc-linux-gnu/16.1.1/../../../../include/c++/16.1.1/bits/stl_vector.h:143:_ZNSt12_Vector_baseIPKvSaIS1_EE12_Vector_implC2EvQ26is_default_constructible_vIN9__gnu_cxx14__alloc_traitsIT0_NS7_10value_typeEE6rebindIT_E5otherEE	40	static
/usr/bin/../lib64/gcc/x86_64-pc-linux-gnu/16.1.1/../../../../include/c++/16.1.1/bits/stl_vector.h:105:_ZNSt12_Vector_baseIPKvSaIS1_EE17_Vector_impl_dataC2Ev	8	static
/usr/bin/../lib64/gcc/x86_64-pc-linux-gnu/16.1.1/../../../../include/c++/16.1.1/bits/stl_vector.h:307:_ZNSt12_Vector_baseIPKvSaIS1_EE19_M_get_Tp_allocatorEv	8	static
/usr/bin/../lib64/gcc/x86_64-pc-linux-gnu/16.1.1/../../../../include/c++/16.1.1/bits/stl_vector.h:373:_ZNSt12_Vector_baseIPKvSaIS1_EED2Ev	40	static
/usr/bin/../lib64/gcc/x86_64-pc-linux-gnu/16.1.1/../../../../include/c++/16.1.1/bits/stl_construct.h:219:_ZSt8_DestroyIPPKvEvT_S3_	8	static
/usr/bin/../lib64/gcc/x86_64-pc-linux-gnu/16.1.1/../../../../include/c++/16.1.1/bits/stl_vector.h:394:_ZNSt12_Vector_baseIPKvSaIS1_EE13_M_deallocateEPS1_m	88	static
/usr/bin/../lib64/gcc/x86_64-pc-linux-gnu/16.1.1/../../../../include/c++/16.1.1/bits/stl_vector.h:139:_ZNSt12_Vector_baseIPKvSaIS1_EE12_Vector_implD2Ev	8	static
/usr/bin/../lib64/gcc/x86_64-pc-linux-gnu/16.1.1/../../../../include/c++/16.1.1/bits/new_allocator.h:167:_ZNSt15__new_allocatorIPKvE10deallocateEPS1_m	40	static
/usr/bin/../lib64/gcc/x86_64-pc-linux-gnu/16.1.1/../../../../include/c++/16.1.1/bits/stl_set.h:306:_ZNSt3setIN7testing11ExpectationENS1_4LessESaIS1_EED2Ev	24	static
/usr/bin/../lib64/gcc/x86_64-pc-linux-gnu/16.1.1/../../../../include/c++/16.1.1/bits/stl_tree.h:1628:_ZNSt8_Rb_treeIN7testing11ExpectationES1_St9_IdentityIS1_ENS1_4LessESaIS1_EED2Ev	24	static
/usr/bin/../lib64/gcc/x86_64-pc-linux-gnu/16.1.1/../../../../include/c++/16.1.1/bits/stl_tree.h:2624:_ZNSt8_Rb_treeIN7testing11ExpectationES1_St9_IdentityIS1_ENS1_4LessESaIS1_EE8_M_eraseEPSt13_Rb_tree_nodeIS1_E	40	static
/usr/bin/../lib64/gcc/x86_64-pc-linux-gnu/16.1.1/../../../../include/c++/16.1.1/bits/stl_tree.h:1381:_ZNKSt8_Rb_treeIN7testing11ExpectationES1_St9_IdentityIS1_ENS1_4LessESaIS1_EE13_M_begin_nodeEv	40	static
/usr/bin/../lib64/gcc/x86_64-pc-linux-gnu/16.1.1/../../../../include/c++/16.1.1/bits/stl_tree.h:1303:_ZNSt8_Rb_treeIN7testing11ExpectationES1_St9_IdentityIS1_ENS1_4LessESaIS1_EE13_Rb_tree_implIS4_Lb1EED2Ev	8	static
/usr/bin/../lib64/gcc/x86_64-pc-linux-gnu/16.1.1/../../../../include/c++/16.1.1/bits/stl_tree.h:1438:_ZNSt8_Rb_treeIN7testing11ExpectationES1_St9_IdentityIS1_ENS1_4LessESaIS1_EE8_S_rightEPSt13_Rb_tree_nodeIS1_E	24	static
/usr/bin/../lib64/gcc/x86_64-pc-linux-gnu/16.1.1/../../../../include/c++/16.1.1/bits/stl_tree.h:1426:_ZNSt8_Rb_treeIN7testing11ExpectationES1_St9_IdentityIS1_ENS1_4LessESaIS1_EE7_S_leftEPSt13_Rb_tree_nodeIS1_E	24	static
/usr/bin/../lib64/gcc/x86_64-pc-linux-gnu/16.1.1/../../../../include/c++/16.1.1/bits/stl_tree.h:1271:_ZNSt8_Rb_treeIN7testing11ExpectationES1_St9_IdentityIS1_ENS1_4LessESaIS1_EE12_M_drop_nodeEPSt13_Rb_tree_nodeIS1_E	40	static
/usr/bin/../lib64/gcc/x86_64-pc-linux-gnu/16.1.1/../../../../include/c++/16.1.1/bits/stl_tree.h:239:_ZNSt13_Rb_tree_nodeIN7testing11ExpectationEE11_M_node_ptrEv	8	static
[...]
/usr/bin/../lib64/gcc/x86_64-pc-linux-gnu/16.1.1/../../../../include/c++/16.1.1/tuple:2499:_ZSt3getILm0EJRKPKvEERNSt13tuple_elementIXT_ESt5tupleIJDpT0_EEE4typeERS8_	24	static
googletest-src/googlemock/src/gmock-spec-builders.cc:465:_ZN7testing12_GLOBAL__N_115MockObjectStateC2Ev	24	static
/usr/bin/../lib64/gcc/x86_64-pc-linux-gnu/16.1.1/../../../../include/c++/16.1.1/tuple:2483:_ZSt12__get_helperILm0ERKPKvJEERT0_RSt11_Tuple_implIXT_EJS4_DpT1_EE	24	static
/usr/bin/../lib64/gcc/x86_64-pc-linux-gnu/16.1.1/../../../../include/c++/16.1.1/tuple:554:_ZNSt11_Tuple_implILm0EJRKPKvEE7_M_headERS4_	24	static
/usr/bin/../lib64/gcc/x86_64-pc-linux-gnu/16.1.1/../../../../include/c++/16.1.1/tuple:246:_ZNSt10_Head_baseILm0ERKPKvLb0EE7_M_headERS4_	8	static
/usr/bin/../lib64/gcc/x86_64-pc-linux-gnu/16.1.1/../../../../include/c++/16.1.1/bits/stl_set.h:173:_ZNSt3setIPN7testing8internal25UntypedFunctionMockerBaseESt4lessIS3_ESaIS3_EEC2Ev	24	static
/usr/bin/../lib64/gcc/x86_64-pc-linux-gnu/16.1.1/../../../../include/c++/16.1.1/bits/stl_tree.h:1573:_ZNSt8_Rb_treeIPN7testing8internal25UntypedFunctionMockerBaseES3_St9_IdentityIS3_ESt4lessIS3_ESaIS3_EEC2Ev	24	static
/usr/bin/../lib64/gcc/x86_64-pc-linux-gnu/16.1.1/../../../../include/c++/16.1.1/bits/stl_tree.h:1310:_ZNSt8_Rb_treeIPN7testing8internal25UntypedFunctionMockerBaseES3_St9_IdentityIS3_ESt4lessIS3_ESaIS3_EE13_Rb_tree_implIS7_Lb1EEC2Ev	40	static
/usr/bin/../lib64/gcc/x86_64-pc-linux-gnu/16.1.1/../../../../include/c++/16.1.1/bits/stl_tree.h:144:_ZNSt20_Rb_tree_key_compareISt4lessIPN7testing8internal25UntypedFunctionMockerBaseEEEC2Ev	8	static
/usr/bin/../lib64/gcc/x86_64-pc-linux-gnu/16.1.1/../../../../include/c++/16.1.1/bits/stl_tree.h:1676:_ZNKSt8_Rb_treeIPKvSt4pairIKS1_N7testing12_GLOBAL__N_115MockObjectStateEESt10_Select1stIS7_ESt4lessIS1_ESaIS7_EE4sizeEv	8	static
/usr/bin/../lib64/gcc/x86_64-pc-linux-gnu/16.1.1/../../../../include/c++/16.1.1/bits/stl_tree.h:1369:_ZNSt8_Rb_treeIPKvSt4pairIKS1_N7testing12_GLOBAL__N_115MockObjectStateEESt10_Select1stIS7_ESt4lessIS1_ESaIS7_EE12_M_rightmostEv	8	static
/usr/bin/../lib64/gcc/x86_64-pc-linux-gnu/16.1.1/../../../../include/c++/16.1.1/bits/stl_pair.h:465:_ZNSt4pairIPSt18_Rb_tree_node_baseS1_EC2IS1_RS1_Qaacl16_S_constructibleITL0__TL0_0_EEntcl10_S_danglesIS5_S6_EEEEOT_OT0_	8	static
/usr/bin/../lib64/gcc/x86_64-pc-linux-gnu/16.1.1/../../../../include/c++/16.1.1/bits/stl_tree.h:2802:_ZNSt8_Rb_treeIPKvSt4pairIKS1_N7testing12_GLOBAL__N_115MockObjectStateEESt10_Select1stIS7_ESt4lessIS1_ESaIS7_EE24_M_get_insert_unique_posERS3_	136	static
/usr/bin/../lib64/gcc/x86_64-pc-linux-gnu/16.1.1/../../../../include/c++/16.1.1/bits/stl_tree.h:1361:_ZNSt8_Rb_treeIPKvSt4pairIKS1_N7testing12_GLOBAL__N_115MockObjectStateEESt10_Select1stIS7_ESt4lessIS1_ESaIS7_EE11_M_leftmostEv	8	static
/usr/bin/../lib64/gcc/x86_64-pc-linux-gnu/16.1.1/../../../../include/c++/16.1.1/bits/stl_tree.h:415:_ZNSt17_Rb_tree_iteratorISt4pairIKPKvN7testing12_GLOBAL__N_115MockObjectStateEEEmmEv	24	static
/usr/bin/../lib64/gcc/x86_64-pc-linux-gnu/16.1.1/../../../../include/c++/16.1.1/bits/stl_tree.h:1418:_ZNSt8_Rb_treeIPKvSt4pairIKS1_N7testing12_GLOBAL__N_115MockObjectStateEESt10_Select1stIS7_ESt4lessIS1_ESaIS7_EE6_S_keyEPSt13_Rb_tree_nodeIS7_E	24	static
/usr/bin/../lib64/gcc/x86_64-pc-linux-gnu/16.1.1/../../../../include/c++/16.1.1/bits/stl_tree.h:3170:_ZNSt8_Rb_treeIPKvSt4pairIKS1_N7testing12_GLOBAL__N_115MockObjectStateEESt10_Select1stIS7_ESt4lessIS1_ESaIS7_EE14_M_insert_nodeEPSt18_Rb_tree_node_baseSF_PSt13_Rb_tree_nodeIS7_E	120	static
/usr/bin/../lib64/gcc/x86_64-pc-linux-gnu/16.1.1/../../../../include/c++/16.1.1/bits/stl_tree.h:689:_ZNSt9__rb_tree12_Node_traitsISt4pairIKPKvN7testing12_GLOBAL__N_115MockObjectStateEEPS8_E23_S_insert_and_rebalanceEbPSt18_Rb_tree_node_baseSC_RSB_	40	static
/usr/bin/../lib64/gcc/x86_64-pc-linux-gnu/16.1.1/../../../../include/c++/16.1.1/tuple:564:_ZNSt11_Tuple_implILm0EJRKPKvEEC2ES3_	24	static
/usr/bin/../lib64/gcc/x86_64-pc-linux-gnu/16.1.1/../../../../include/c++/16.1.1/tuple:205:_ZNSt10_Head_baseILm0ERKPKvLb0EEC2ES3_	8	static
/usr/bin/../lib64/gcc/x86_64-pc-linux-gnu/16.1.1/../../../../include/c++/16.1.1/bits/stl_tree.h:3379:_ZNKSt8_Rb_treeIPKvSt4pairIKS1_N7testing12_GLOBAL__N_115MockObjectStateEESt10_Select1stIS7_ESt4lessIS1_ESaIS7_EE4findERS3_	88	static
/usr/bin/../lib64/gcc/x86_64-pc-linux-gnu/16.1.1/../../../../include/c++/16.1.1/bits/stl_tree.h:1652:_ZNKSt8_Rb_treeIPKvSt4pairIKS1_N7testing12_GLOBAL__N_115MockObjectStateEESt10_Select1stIS7_ESt4lessIS1_ESaIS7_EE3endEv	40	static
/usr/bin/../lib64/gcc/x86_64-pc-linux-gnu/16.1.1/../../../../include/c++/16.1.1/bits/stl_tree.h:463:_ZNSt23_Rb_tree_const_iteratorISt4pairIKPKvN7testing12_GLOBAL__N_115MockObjectStateEEEC2EPSt18_Rb_tree_node_base	8	static
/usr/bin/../lib64/gcc/x86_64-pc-linux-gnu/16.1.1/../../../../include/c++/16.1.1/bits/stl_tree.h:1644:_ZNKSt8_Rb_treeIPN7testing8internal25UntypedFunctionMockerBaseES3_St9_IdentityIS3_ESt4lessIS3_ESaIS3_EE5beginEv	40	static
/usr/bin/../lib64/gcc/x86_64-pc-linux-gnu/16.1.1/../../../../include/c++/16.1.1/bits/stl_tree.h:463:_ZNSt23_Rb_tree_const_iteratorIPN7testing8internal25UntypedFunctionMockerBaseEEC2EPSt18_Rb_tree_node_base	8	static
/usr/bin/../lib64/gcc/x86_64-pc-linux-gnu/16.1.1/../../../../include/c++/16.1.1/bits/stl_tree.h:1652:_ZNKSt8_Rb_treeIPN7testing8internal25UntypedFunctionMockerBaseES3_St9_IdentityIS3_ESt4lessIS3_ESaIS3_EE3endEv	40	static
/usr/bin/../lib64/gcc/x86_64-pc-linux-gnu/16.1.1/../../../../include/c++/16.1.1/bits/stl_tree.h:1390:_ZNKSt8_Rb_treeIPN7testing8internal25UntypedFunctionMockerBaseES3_St9_IdentityIS3_ESt4lessIS3_ESaIS3_EE6_M_endEv	24	static
/usr/bin/../lib64/gcc/x86_64-pc-linux-gnu/16.1.1/../../../../include/c++/16.1.1/bits/stl_tree.h:234:_ZNKSt13_Rb_tree_nodeIPN7testing8internal25UntypedFunctionMockerBaseEE9_M_valptrEv	24	static
/usr/bin/../lib64/gcc/x86_64-pc-linux-gnu/16.1.1/../../../../include/c++/16.1.1/ext/aligned_buffer.h:82:_ZNK9__gnu_cxx16__aligned_membufIPN7testing8internal25UntypedFunctionMockerBaseEE6_M_ptrEv	24	static
/usr/bin/../lib64/gcc/x86_64-pc-linux-gnu/16.1.1/../../../../include/c++/16.1.1/ext/aligned_buffer.h:74:_ZNK9__gnu_cxx16__aligned_membufIPN7testing8internal25UntypedFunctionMockerBaseEE7_M_addrEv	8	static
/usr/bin/../lib64/gcc/x86_64-pc-linux-gnu/16.1.1/../../../../include/c++/16.1.1/bits/stl_tree.h:2906:_ZNSt8_Rb_treeIPN7testing8internal25UntypedFunctionMockerBaseES3_St9_IdentityIS3_ESt4lessIS3_ESaIS3_EE16_M_insert_uniqueIRKS3_EESt4pairISt17_Rb_tree_iteratorIS3_EbEOT_	136	static
/usr/bin/../lib64/gcc/x86_64-pc-linux-gnu/16.1.1/../../../../include/c++/16.1.1/bits/stl_pair.h:465:_ZNSt4pairISt23_Rb_tree_const_iteratorIPN7testing8internal25UntypedFunctionMockerBaseEEbEC2IRSt17_Rb_tree_iteratorIS4_ERbQaacl16_S_constructibleITL0__TL0_0_EEntcl10_S_danglesISC_SD_EEEEOT_OT0_	40	static
/usr/bin/../lib64/gcc/x86_64-pc-linux-gnu/16.1.1/../../../../include/c++/16.1.1/bits/stl_tree.h:2802:_ZNSt8_Rb_treeIPN7testing8internal25UntypedFunctionMockerBaseES3_St9_IdentityIS3_ESt4lessIS3_ESaIS3_EE24_M_get_insert_unique_posERKS3_	136	static
/usr/bin/../lib64/gcc/x86_64-pc-linux-gnu/16.1.1/../../../../include/c++/16.1.1/bits/stl_function.h:1254:_ZNKSt9_IdentityIPN7testing8internal25UntypedFunctionMockerBaseEEclERKS3_	8	static
/usr/bin/../lib64/gcc/x86_64-pc-linux-gnu/16.1.1/../../../../include/c++/16.1.1/bits/stl_tree.h:1130:_ZNSt8_Rb_treeIPN7testing8internal25UntypedFunctionMockerBaseES3_St9_IdentityIS3_ESt4lessIS3_ESaIS3_EE11_Alloc_nodeC2ERS9_	8	static
/usr/bin/../lib64/gcc/x86_64-pc-linux-gnu/16.1.1/../../../../include/c++/16.1.1/bits/stl_tree.h:2509:_ZNSt8_Rb_treeIPN7testing8internal25UntypedFunctionMockerBaseES3_St9_IdentityIS3_ESt4lessIS3_ESaIS3_EE10_M_insert_IRKS3_NS9_11_Alloc_nodeEEESt17_Rb_tree_iteratorIS3_EPSt18_Rb_tree_node_baseSH_OT_RT0_	136	static
/usr/bin/../lib64/gcc/x86_64-pc-linux-gnu/16.1.1/../../../../include/c++/16.1.1/bits/stl_pair.h:465:_ZNSt4pairISt17_Rb_tree_iteratorIPN7testing8internal25UntypedFunctionMockerBaseEEbEC2IS5_bQaacl16_S_constructibleITL0__TL0_0_EEntcl10_S_danglesIS8_S9_EEEEOT_OT0_	8	static
/usr/bin/../lib64/gcc/x86_64-pc-linux-gnu/16.1.1/../../../../include/c++/16.1.1/bits/stl_tree.h:388:_ZNSt17_Rb_tree_iteratorIPN7testing8internal25UntypedFunctionMockerBaseEEC2EPSt18_Rb_tree_node_base	8	static
/usr/bin/../lib64/gcc/x86_64-pc-linux-gnu/16.1.1/../../../../include/c++/16.1.1/bits/stl_tree.h:1377:_ZNKSt8_Rb_treeIPN7testing8internal25UntypedFunctionMockerBaseES3_St9_IdentityIS3_ESt4lessIS3_ESaIS3_EE8_M_beginEv	8	static
/usr/bin/../lib64/gcc/x86_64-pc-linux-gnu/16.1.1/../../../../include/c++/16.1.1/bits/stl_tree.h:1397:_ZNKSt8_Rb_treeIPN7testing8internal25UntypedFunctionMockerBaseES3_St9_IdentityIS3_ESt4lessIS3_ESaIS3_EE14_M_key_compareIS3_S3_EEbRKT_RKT0_	40	static
/usr/bin/../lib64/gcc/x86_64-pc-linux-gnu/16.1.1/../../../../include/c++/16.1.1/bits/stl_tree.h:1414:_ZNSt8_Rb_treeIPN7testing8internal25UntypedFunctionMockerBaseES3_St9_IdentityIS3_ESt4lessIS3_ESaIS3_EE6_S_keyEPSt18_Rb_tree_node_base	24	static
/usr/bin/../lib64/gcc/x86_64-pc-linux-gnu/16.1.1/../../../../include/c++/16.1.1/bits/stl_tree.h:1422:_ZNSt8_Rb_treeIPN7testing8internal25UntypedFunctionMockerBaseES3_St9_IdentityIS3_ESt4lessIS3_ESaIS3_EE7_S_leftEPSt18_Rb_tree_node_base	8	static
/usr/bin/../lib64/gcc/x86_64-pc-linux-gnu/16.1.1/../../../../include/c++/16.1.1/bits/stl_tree.h:1434:_ZNSt8_Rb_treeIPN7testing8internal25UntypedFunctionMockerBaseES3_St9_IdentityIS3_ESt4lessIS3_ESaIS3_EE8_S_rightEPSt18_Rb_tree_node_base	8	static
/usr/bin/../lib64/gcc/x86_64-pc-linux-gnu/16.1.1/../../../../include/c++/16.1.1/bits/stl_tree.h:430:_ZSteqRKSt17_Rb_tree_iteratorIPN7testing8internal25UntypedFunctionMockerBaseEES6_	8	static
/usr/bin/../lib64/gcc/x86_64-pc-linux-gnu/16.1.1/../../../../include/c++/16.1.1/bits/stl_tree.h:1640:_ZNSt8_Rb_treeIPN7testing8internal25UntypedFunctionMockerBaseES3_St9_IdentityIS3_ESt4lessIS3_ESaIS3_EE5beginEv	40	static
/usr/bin/../lib64/gcc/x86_64-pc-linux-gnu/16.1.1/../../../../include/c++/16.1.1/bits/stl_tree.h:415:_ZNSt17_Rb_tree_iteratorIPN7testing8internal25UntypedFunctionMockerBaseEEmmEv	24	static
/usr/bin/../lib64/gcc/x86_64-pc-linux-gnu/16.1.1/../../../../include/c++/16.1.1/bits/stl_function.h:451:_ZNKSt4lessIPN7testing8internal25UntypedFunctionMockerBaseEEclES3_S3_	8	static
/usr/bin/../lib64/gcc/x86_64-pc-linux-gnu/16.1.1/../../../../include/c++/16.1.1/bits/stl_tree.h:1410:_ZNSt8_Rb_treeIPN7testing8internal25UntypedFunctionMockerBaseES3_St9_IdentityIS3_ESt4lessIS3_ESaIS3_EE6_S_keyERKSt13_Rb_tree_nodeIS3_E	40	static
/usr/bin/../lib64/gcc/x86_64-pc-linux-gnu/16.1.1/../../../../include/c++/16.1.1/bits/stl_tree.h:1135:_ZNKSt8_Rb_treeIPN7testing8internal25UntypedFunctionMockerBaseES3_St9_IdentityIS3_ESt4lessIS3_ESaIS3_EE11_Alloc_nodeclIRKS3_EEPSt13_Rb_tree_nodeIS3_EOT_	24	static
/usr/bin/../lib64/gcc/x86_64-pc-linux-gnu/16.1.1/../../../../include/c++/16.1.1/bits/stl_tree.h:689:_ZNSt9__rb_tree12_Node_traitsIPN7testing8internal25UntypedFunctionMockerBaseEPS4_E23_S_insert_and_rebalanceEbPSt18_Rb_tree_node_baseS8_RS7_	40	static
/usr/bin/../lib64/gcc/x86_64-pc-linux-gnu/16.1.1/../../../../include/c++/16.1.1/bits/stl_tree.h:1251:_ZNSt8_Rb_treeIPN7testing8internal25UntypedFunctionMockerBaseES3_St9_IdentityIS3_ESt4lessIS3_ESaIS3_EE14_M_create_nodeIJRKS3_EEEPSt13_Rb_tree_nodeIS3_EDpOT_	40	static
/usr/bin/../lib64/gcc/x86_64-pc-linux-gnu/16.1.1/../../../../include/c++/16.1.1/bits/stl_tree.h:1167:_ZNSt8_Rb_treeIPN7testing8internal25UntypedFunctionMockerBaseES3_St9_IdentityIS3_ESt4lessIS3_ESaIS3_EE11_M_get_nodeEv	56	static
/usr/bin/../lib64/gcc/x86_64-pc-linux-gnu/16.1.1/../../../../include/c++/16.1.1/bits/stl_tree.h:1232:_ZNSt8_Rb_treeIPN7testing8internal25UntypedFunctionMockerBaseES3_St9_IdentityIS3_ESt4lessIS3_ESaIS3_EE17_M_construct_nodeIJRKS3_EEEvPSt13_Rb_tree_nodeIS3_EDpOT_	72	static
/usr/bin/../lib64/gcc/x86_64-pc-linux-gnu/16.1.1/../../../../include/c++/16.1.1/bits/new_allocator.h:129:_ZNSt15__new_allocatorISt13_Rb_tree_nodeIPN7testing8internal25UntypedFunctionMockerBaseEEE8allocateEmPKv	40	static
/usr/bin/../lib64/gcc/x86_64-pc-linux-gnu/16.1.1/../../../../include/c++/16.1.1/bits/stl_construct.h:96:_ZSt12construct_atIPN7testing8internal25UntypedFunctionMockerBaseEJRKS3_EQaant20is_unbounded_array_vIT_ErqXgsnwcvPvLi0E_S6_pispclsr3stdE7declvalIT0_EEEEEPS6_S9_DpOS8_	8	static
/usr/bin/../lib64/gcc/x86_64-pc-linux-gnu/16.1.1/../../../../include/c++/16.1.1/bits/stl_tree.h:466:_ZNSt23_Rb_tree_const_iteratorIPN7testing8internal25UntypedFunctionMockerBaseEEC2ERKSt17_Rb_tree_iteratorIS3_E	8	static
/usr/bin/../lib64/gcc/x86_64-pc-linux-gnu/16.1.1/../../../../include/c++/16.1.1/bits/stl_tree.h:3352:_ZNSt8_Rb_treeIPN7testing8internal25UntypedFunctionMockerBaseES3_St9_IdentityIS3_ESt4lessIS3_ESaIS3_EE15_M_erase_uniqueERKS3_	88	static
/usr/bin/../lib64/gcc/x86_64-pc-linux-gnu/16.1.1/../../../../include/c++/16.1.1/bits/stl_tree.h:3367:_ZNSt8_Rb_treeIPN7testing8internal25UntypedFunctionMockerBaseES3_St9_IdentityIS3_ESt4lessIS3_ESaIS3_EE4findERKS3_	88	static
/usr/bin/../lib64/gcc/x86_64-pc-linux-gnu/16.1.1/../../../../include/c++/16.1.1/bits/stl_tree.h:1648:_ZNSt8_Rb_treeIPN7testing8internal25UntypedFunctionMockerBaseES3_St9_IdentityIS3_ESt4lessIS3_ESaIS3_EE3endEv	40	static
/usr/bin/../lib64/gcc/x86_64-pc-linux-gnu/16.1.1/../../../../include/c++/16.1.1/bits/stl_tree.h:3302:_ZNSt8_Rb_treeIPN7testing8internal25UntypedFunctionMockerBaseES3_St9_IdentityIS3_ESt4lessIS3_ESaIS3_EE12_M_erase_auxESt23_Rb_tree_const_iteratorIS3_E	40	static
/usr/bin/../lib64/gcc/x86_64-pc-linux-gnu/16.1.1/../../../../include/c++/16.1.1/bits/stl_tree.h:2641:_ZNKSt8_Rb_treeIPN7testing8internal25UntypedFunctionMockerBaseES3_St9_IdentityIS3_ESt4lessIS3_ESaIS3_EE14_M_lower_boundEPSt18_Rb_tree_node_baseSB_RKS3_	56	static
/usr/bin/../lib64/gcc/x86_64-pc-linux-gnu/16.1.1/../../../../include/c++/16.1.1/bits/stl_tree.h:698:_ZNSt9__rb_tree12_Node_traitsIPN7testing8internal25UntypedFunctionMockerBaseEPS4_E22_S_rebalance_for_eraseEPSt18_Rb_tree_node_baseRS7_	24	static
/usr/bin/../lib64/gcc/x86_64-pc-linux-gnu/16.1.1/../../../../include/c++/16.1.1/bits/stl_tree.h:1672:_ZNKSt8_Rb_treeIPN7testing8internal25UntypedFunctionMockerBaseES3_St9_IdentityIS3_ESt4lessIS3_ESaIS3_EE5emptyEv	8	static
/usr/bin/../lib64/gcc/x86_64-pc-linux-gnu/16.1.1/../../../../include/c++/16.1.1/bits/stl_tree.h:1848:_ZNSt8_Rb_treeIPKvSt4pairIKS1_N7testing12_GLOBAL__N_115MockObjectStateEESt10_Select1stIS7_ESt4lessIS1_ESaIS7_EE5eraseB5cxx11ESt17_Rb_tree_iteratorIS7_E	72	static
/usr/bin/../lib64/gcc/x86_64-pc-linux-gnu/16.1.1/../../../../include/c++/16.1.1/bits/stl_tree.h:3302:_ZNSt8_Rb_treeIPKvSt4pairIKS1_N7testing12_GLOBAL__N_115MockObjectStateEESt10_Select1stIS7_ESt4lessIS1_ESaIS7_EE12_M_erase_auxESt23_Rb_tree_const_iteratorIS7_E	40	static
/usr/bin/../lib64/gcc/x86_64-pc-linux-gnu/16.1.1/../../../../include/c++/16.1.1/bits/stl_tree.h:698:_ZNSt9__rb_tree12_Node_traitsISt4pairIKPKvN7testing12_GLOBAL__N_115MockObjectStateEEPS8_E22_S_rebalance_for_eraseEPSt18_Rb_tree_node_baseRSB_	24	static
/usr/bin/../lib64/gcc/x86_64-pc-linux-gnu/16.1.1/../../../../include/c++/16.1.1/bits/shared_ptr_base.h:1448:_ZNKSt19__shared_ptr_accessIN7testing11ExpectationELN9__gnu_cxx12_Lock_policyE2ELb0ELb0EE6_M_getEv	24	static
/usr/bin/../lib64/gcc/x86_64-pc-linux-gnu/16.1.1/../../../../include/c++/16.1.1/bits/shared_ptr_base.h:1751:_ZNKSt12__shared_ptrIN7testing11ExpectationELN9__gnu_cxx12_Lock_policyE2EE3getEv	8	static
/usr/bin/../lib64/gcc/x86_64-pc-linux-gnu/16.1.1/../../../../include/c++/16.1.1/bits/shared_ptr_base.h:1755:_ZNKSt12__shared_ptrIN7testing8internal15ExpectationBaseELN9__gnu_cxx12_Lock_policyE2EEcvbEv	8	static
/usr/bin/../lib64/gcc/x86_64-pc-linux-gnu/16.1.1/../../../../include/c++/16.1.1/bits/shared_ptr_base.h:1448:_ZNKSt19__shared_ptr_accessIN7testing8internal15ExpectationBaseELN9__gnu_cxx12_Lock_policyE2ELb0ELb0EE6_M_getEv	24	static
googletest-src/googletest/include/gtest/internal/gtest-port.h:1814:_ZNK7testing8internal11ThreadLocalIPNS_8SequenceEE7pointerEv	24	static
googletest-src/googletest/include/gtest/internal/gtest-port.h:1842:_ZNK7testing8internal11ThreadLocalIPNS_8SequenceEE16GetOrCreateValueEv	136	static
googletest-src/googletest/include/gtest/internal/gtest-port.h:1190:_ZN7testing8internal27CheckedDowncastToActualTypeINS0_11ThreadLocalIPNS_8SequenceEE11ValueHolderENS0_26ThreadLocalValueHolderBaseEEEPT_PT0_	88	static
googletest-src/googletest/include/gtest/internal/gtest-port.h:1825:_ZN7testing8internal11ThreadLocalIPNS_8SequenceEE11ValueHolder7pointerEv	8	static
/usr/bin/../lib64/gcc/x86_64-pc-linux-gnu/16.1.1/../../../../include/c++/16.1.1/bits/unique_ptr.h:462:_ZNKSt10unique_ptrIN7testing8internal11ThreadLocalIPNS0_8SequenceEE18ValueHolderFactoryESt14default_deleteIS6_EEptEv	24	static
/usr/bin/../lib64/gcc/x86_64-pc-linux-gnu/16.1.1/../../../../include/c++/16.1.1/bits/unique_ptr.h:471:_ZNKSt10unique_ptrIN7testing8internal11ThreadLocalIPNS0_8SequenceEE18ValueHolderFactoryESt14default_deleteIS6_EE3getEv	24	static
/usr/bin/../lib64/gcc/x86_64-pc-linux-gnu/16.1.1/../../../../include/c++/16.1.1/bits/unique_ptr.h:192:_ZNKSt15__uniq_ptr_implIN7testing8internal11ThreadLocalIPNS0_8SequenceEE18ValueHolderFactoryESt14default_deleteIS6_EE6_M_ptrEv	24	static
/usr/bin/../lib64/gcc/x86_64-pc-linux-gnu/16.1.1/../../../../include/c++/16.1.1/tuple:2505:_ZSt3getILm0EJPN7testing8internal11ThreadLocalIPNS0_8SequenceEE18ValueHolderFactoryESt14default_deleteIS6_EEERKNSt13tuple_elementIXT_ESt5tupleIJDpT0_EEE4typeERKSE_	24	static
/usr/bin/../lib64/gcc/x86_64-pc-linux-gnu/16.1.1/../../../../include/c++/16.1.1/tuple:2488:_ZSt12__get_helperILm0EPN7testing8internal11ThreadLocalIPNS0_8SequenceEE18ValueHolderFactoryEJSt14default_deleteIS6_EEERKT0_RKSt11_Tuple_implIXT_EJSA_DpT1_EE	24	static
/usr/bin/../lib64/gcc/x86_64-pc-linux-gnu/16.1.1/../../../../include/c++/16.1.1/tuple:294:_ZNSt11_Tuple_implILm0EJPN7testing8internal11ThreadLocalIPNS0_8SequenceEE18ValueHolderFactoryESt14default_deleteIS6_EEE7_M_headERKSA_	24	static
/usr/bin/../lib64/gcc/x86_64-pc-linux-gnu/16.1.1/../../../../include/c++/16.1.1/tuple:249:_ZNSt10_Head_baseILm0EPN7testing8internal11ThreadLocalIPNS0_8SequenceEE18ValueHolderFactoryELb0EE7_M_headERKS8_	8	static
googletest-src/googletest/include/gtest/internal/gtest-port.h:1813:_ZN7testing8internal11ThreadLocalIPNS_8SequenceEE7pointerEv	24	static
googletest-src/googletest/include/gtest/gtest-message.h:242:_ZN7testing8internal18StreamableToStringIPcEENSt7__cxx1112basic_stringIcSt11char_traitsIcESaIcEEERKT_	104	static
googletest-src/googlemock/src/gmock.cc:95:_ZN7testing8internalL19ParseGoogleMockFlagEPKcS2_Pb	56	static
googletest-src/googlemock/src/gmock.cc:114:_ZN7testing8internalL19ParseGoogleMockFlagINSt7__cxx1112basic_stringIcSt11char_traitsIcESaIcEEEEEbPKcS9_PT_	56	static
/usr/bin/../lib64/gcc/x86_64-pc-linux-gnu/16.1.1/../../../../include/c++/16.1.1/bits/basic_string.h:928:_ZNSt7__cxx1112basic_stringIcSt11char_traitsIcESaIcEEaSERKS4_	24	static
googletest-src/googlemock/src/gmock.cc:127:_ZN7testing8internalL19ParseGoogleMockFlagEPKcS2_Pi	120	static
googletest-src/googletest/include/gtest/gtest-message.h:181:_ZN7testing7MessagelsIcEERS0_RKPT_	40	static
googletest-src/googlemock/src/gmock.cc:62:_ZN7testing8internalL24ParseGoogleMockFlagValueEPKcS2_b	216	static
/usr/bin/../lib64/gcc/x86_64-pc-linux-gnu/16.1.1/../../../../include/c++/16.1.1/bits/basic_string.h:1764:_ZNSt7__cxx1112basic_stringIcSt11char_traitsIcESaIcEE6assignERKS4_	40	static
/usr/bin/../lib64/gcc/x86_64-pc-linux-gnu/16.1.1/../../../../include/c++/16.1.1/bits/basic_string.tcc:341:_ZNSt7__cxx1112basic_stringIcSt11char_traitsIcESaIcEE9_M_assignERKS4_	88	static
googletest-src/googletest/include/gtest/gtest-message.h:132:_ZN7testing7MessagelsIA21_cEERS0_RKT_	40	static
googletest-src/googletest/include/gtest/gtest-message.h:242:_ZN7testing8internal18StreamableToStringIPwEENSt7__cxx1112basic_stringIcSt11char_traitsIcESaIcEEERKT_	104	static
googletest-src/googlemock/src/gmock-all.cc:0:_GLOBAL__sub_I_gmock_all.cc	8	static
