googletest-src/googletest/src/gtest-assertion-result.cc:45:_ZN7testing15AssertionResultC2ERKS0_	88	static
/usr/bin/../lib64/gcc/x86_64-pc-linux-gnu/16.1.1/../../../../include/c++/16.1.1/bits/unique_ptr.h:879:_ZStneINSt7__cxx1112basic_stringIcSt11char_traitsIcESaIcEEESt14default_deleteIS5_EEbRKSt10unique_ptrIT_T0_EDn	24	static
/usr/bin/../lib64/gcc/x86_64-pc-linux-gnu/16.1.1/../../../../include/c++/16.1.1/bits/unique_ptr.h:445:_ZNKSt10unique_ptrINSt7__cxx1112basic_stringIcSt11char_traitsIcESaIcEEESt14default_deleteIS5_EEdeEv	24	static
/usr/bin/../lib64/gcc/x86_64-pc-linux-gnu/16.1.1/../../../../include/c++/16.1.1/bits/basic_string.h:617:_ZNSt7__cxx1112basic_stringIcSt11char_traitsIcESaIcEEC2ERKS4_	184	static
/usr/bin/../lib64/gcc/x86_64-pc-linux-gnu/16.1.1/../../../../include/c++/16.1.1/bits/unique_ptr.h:310:_ZNSt10unique_ptrINSt7__cxx1112basic_stringIcSt11char_traitsIcESaIcEEESt14default_deleteIS5_EEC2IS7_vEEPS5_	24	static
googletest-src/googletest/src/gtest-assertion-result.cc:52:_ZN7testing15AssertionResult4swapERS0_	40	static
/usr/bin/../lib64/gcc/x86_64-pc-linux-gnu/16.1.1/../../../../include/c++/16.1.1/bits/move.h:230:_ZSt4swapIbENSt9enable_ifIXsr6__and_ISt6__not_ISt15__is_tuple_likeIT_EESt21is_move_constructibleIS3_ESt18is_move_assignableIS3_EEE5valueEvE4typeERS3_SC_	8	static
/usr/bin/../lib64/gcc/x86_64-pc-linux-gnu/16.1.1/../../../../include/c++/16.1.1/bits/unique_ptr.h:829:_ZSt4swapINSt7__cxx1112basic_stringIcSt11char_traitsIcESaIcEEESt14default_deleteIS5_EENSt9enable_ifIXsr14__is_swappableIT0_EE5valueEvE4typeERSt10unique_ptrIT_S9_ESF_	24	static
googletest-src/googletest/src/gtest-assertion-result.cc:59:_ZNK7testing15AssertionResultntEv	104	static
googletest-src/googletest/include/gtest/gtest-assertion-result.h:155:_ZN7testing15AssertionResultC2IbEERKT_PNSt9enable_ifIXntsr3std14is_convertibleIS2_S0_EE5valueEvE4typeE	40	static
googletest-src/googletest/include/gtest/gtest-assertion-result.h:191:_ZN7testing15AssertionResultlsINSt7__cxx1112basic_stringIcSt11char_traitsIcESaIcEEEEERS0_RKT_	88	static
googletest-src/googletest/include/gtest/gtest-assertion-result.h:133:_ZN7testing15AssertionResultD2Ev	24	static
googletest-src/googletest/src/gtest-assertion-result.cc:66:_ZN7testing16AssertionSuccessEv	40	static
googletest-src/googletest/src/gtest-assertion-result.cc:69:_ZN7testing16AssertionFailureEv	40	static
googletest-src/googletest/src/gtest-assertion-result.cc:73:_ZN7testing16AssertionFailureERKNS_7MessageE	104	static
googletest-src/googletest/include/gtest/gtest-assertion-result.h:191:_ZN7testing15AssertionResultlsINS_7MessageEEERS0_RKT_	88	static
googletest-src/googletest/src/gtest-all.cc:0:__cxx_global_var_init	88	static
googletest-src/googletest/src/gtest-port.cc:1423:_ZN7testing8internal18StringFromGTestEnvEPKcS2_	136	static
/usr/bin/../lib64/gcc/x86_64-pc-linux-gnu/16.1.1/../../../../include/c++/16.1.1/bits/basic_string.h:730:_ZNSt7__cxx1112basic_stringIcSt11char_traitsIcESaIcEEC2IS3_EEPKcRKS3_	88	static
/usr/bin/../lib64/gcc/x86_64-pc-linux-gnu/16.1.1/../../../../include/c++/16.1.1/bits/basic_string.h:919:_ZNSt7__cxx1112basic_stringIcSt11char_traitsIcESaIcEED2Ev	24	static
googletest-src/googletest/src/gtest-all.cc:0:__cxx_global_var_init.1	8	static
googletest-src/googletest/src/gtest-port.cc:1366:_ZN7testing8internal16BoolFromGTestEnvEPKcb	120	static
googletest-src/googletest/src/gtest-all.cc:0:__cxx_global_var_init.3	88	static
googletest-src/googletest/src/gtest-death-test.cc:155:_ZN7testing8internal16InDeathTestChildEv	24	static
/usr/bin/../lib64/gcc/x86_64-pc-linux-gnu/16.1.1/../../../../include/c++/16.1.1/bits/basic_string.h:4117:_ZSteqIcSt11char_traitsIcESaIcEEbRKNSt7__cxx1112basic_stringIT_T0_T1_EEPKS5_	56	static
/usr/bin/../lib64/gcc/x86_64-pc-linux-gnu/16.1.1/../../../../include/c++/16.1.1/bits/basic_string.h:1355:_ZNKSt7__cxx1112basic_stringIcSt11char_traitsIcESaIcEE5emptyEv	8	static
googletest-src/googletest/src/gtest-death-test.cc:174:_ZN7testing14ExitedWithCodeC2Ei	8	static
googletest-src/googletest/src/gtest-death-test.cc:177:_ZNK7testing14ExitedWithCodeclEi	8	static
googletest-src/googletest/src/gtest-death-test.cc:191:_ZN7testing14KilledBySignalC2Ei	8	static
googletest-src/googletest/src/gtest-death-test.cc:194:_ZNK7testing14KilledBySignalclEi	8	static
googletest-src/googletest/src/gtest-death-test.cc:239:_ZN7testing8internal20ExitedUnsuccessfullyEi	40	static
googletest-src/googletest/src/gtest-death-test.cc:346:_ZN7testing8internal23GetLastErrnoDescriptionB5cxx11Ev	120	static
googletest-src/googletest/include/gtest/internal/gtest-port.h:2167:_ZN7testing8internal5posix8StrErrorEi	24	static
googletest-src/googletest/src/gtest-death-test.cc:377:_ZN7testing8internal9DeathTestC2Ev	120	static
googletest-src/googletest/src/gtest-internal-inl.h:978:_ZN7testing8internal15GetUnitTestImplEv	8	static
googletest-src/googletest/src/gtest-internal-inl.h:757:_ZN7testing8internal12UnitTestImpl17current_test_infoEv	8	static
googletest-src/googletest/src/gtest-death-test.cc:293:_ZN7testing8internalL14DeathTestAbortERKNSt7__cxx1112basic_stringIcSt11char_traitsIcESaIcEEE	56	static
googletest-src/googletest/src/gtest-death-test.cc:388:_ZN7testing8internal9DeathTest6CreateEPKcNS_7MatcherIRKNSt7__cxx1112basic_stringIcSt11char_traitsIcESaIcEEEEES3_iPPS1_	136	static
googletest-src/googletest/src/gtest-internal-inl.h:785:_ZN7testing8internal12UnitTestImpl18death_test_factoryEv	24	static
googletest-src/googletest/include/gtest/gtest-matchers.h:494:_ZN7testing7MatcherIRKNSt7__cxx1112basic_stringIcSt11char_traitsIcESaIcEEEEC2EOS9_	40	static
googletest-src/googletest/include/gtest/gtest-matchers.h:494:_ZN7testing7MatcherIRKNSt7__cxx1112basic_stringIcSt11char_traitsIcESaIcEEEED2Ev	24	static
googletest-src/googletest/src/gtest-death-test.cc:395:_ZN7testing8internal9DeathTest11LastMessageEv	8	static
/usr/bin/../lib64/gcc/x86_64-pc-linux-gnu/16.1.1/../../../../include/c++/16.1.1/bits/basic_string.h:2897:_ZNKSt7__cxx1112basic_stringIcSt11char_traitsIcESaIcEE5c_strEv	24	static
googletest-src/googletest/src/gtest-death-test.cc:399:_ZN7testing8internal9DeathTest27set_last_death_test_messageERKNSt7__cxx1112basic_stringIcSt11char_traitsIcESaIcEEE	24	static
/usr/bin/../lib64/gcc/x86_64-pc-linux-gnu/16.1.1/../../../../include/c++/16.1.1/bits/basic_string.h:928:_ZNSt7__cxx1112basic_stringIcSt11char_traitsIcESaIcEEaSERKS4_	24	static
googletest-src/googletest/src/gtest-all.cc:0:__cxx_global_var_init.7	8	static
/usr/bin/../lib64/gcc/x86_64-pc-linux-gnu/16.1.1/../../../../include/c++/16.1.1/bits/basic_string.h:589:_ZNSt7__cxx1112basic_stringIcSt11char_traitsIcESaIcEEC2Ev	72	static
googletest-src/googletest/src/gtest-death-test.cc:470:_ZN7testing8internal13DeathTestImpl26ReadAndInterpretStatusByteEv	488	static
googletest-src/googletest/include/gtest/internal/gtest-port.h:2156:_ZN7testing8internal5posix4ReadEiPvj	40	static
googletest-src/googletest/src/gtest-death-test.cc:430:_ZNK7testing8internal13DeathTestImpl7read_fdEv	8	static
googletest-src/googletest/src/gtest-death-test.cc:429:_ZN7testing8internal13DeathTestImpl11set_outcomeENS0_16DeathTestOutcomeE	8	static
googletest-src/googletest/src/gtest-death-test.cc:354:_ZN7testing8internalL21FailFromInternalErrorEi	456	static
googletest-src/googletest/include/gtest/internal/gtest-port.h:1082:_ZN7testing8internal8GTestLog9GetStreamEv	8	static
googletest-src/googletest/include/gtest/internal/gtest-port.h:2162:_ZN7testing8internal5posix5CloseEi	24	static
/usr/bin/../lib64/gcc/x86_64-pc-linux-gnu/16.1.1/../../../../include/c++/16.1.1/bits/basic_string.h:4030:_ZStplIcSt11char_traitsIcESaIcEENSt7__cxx1112basic_stringIT_T0_T1_EEOS8_PKS5_	56	static
/usr/bin/../lib64/gcc/x86_64-pc-linux-gnu/16.1.1/../../../../include/c++/16.1.1/bits/basic_string.h:3991:_ZStplIcSt11char_traitsIcESaIcEENSt7__cxx1112basic_stringIT_T0_T1_EEOS8_S9_	88	static
googletest-src/googletest/include/gtest/gtest-message.h:242:_ZN7testing8internal18StreamableToStringIiEENSt7__cxx1112basic_stringIcSt11char_traitsIcESaIcEEERKT_	104	static
googletest-src/googletest/include/gtest/internal/gtest-internal.h:823:_ZN7testing8internal11AlwaysFalseEv	8	static
googletest-src/googletest/src/gtest-death-test.cc:431:_ZN7testing8internal13DeathTestImpl11set_read_fdEi	8	static
googletest-src/googletest/src/gtest-death-test.cc:511:_ZN7testing8internal13DeathTestImpl12GetErrorLogsB5cxx11Ev	40	static
googletest-src/googletest/src/gtest-port.cc:1236:_ZN7testing8internal17GetCapturedStderrB5cxx11Ev	24	static
googletest-src/googletest/src/gtest-death-test.cc:517:_ZN7testing8internal13DeathTestImpl5AbortENS0_9DeathTest11AbortReasonE	360	static
googletest-src/googletest/include/gtest/internal/gtest-port.h:2159:_ZN7testing8internal5posix5WriteEiPKvj	40	static
googletest-src/googletest/src/gtest-death-test.cc:432:_ZNK7testing8internal13DeathTestImpl8write_fdEv	8	static
googletest-src/googletest/src/gtest-death-test.cc:576:_ZN7testing8internal13DeathTestImpl6PassedEb	952	static
googletest-src/googletest/src/gtest-death-test.cc:424:_ZNK7testing8internal13DeathTestImpl7spawnedEv	8	static
googletest-src/googletest/include/gtest/gtest-message.h:132:_ZN7testing7MessagelsIA13_cEERS0_RKT_	40	static
googletest-src/googletest/include/gtest/gtest-message.h:181:_ZN7testing7MessagelsIKcEERS0_RKPT_	40	static
googletest-src/googletest/src/gtest-death-test.cc:423:_ZNK7testing8internal13DeathTestImpl9statementEv	8	static
googletest-src/googletest/include/gtest/gtest-message.h:132:_ZN7testing7MessagelsIA2_cEERS0_RKT_	40	static
googletest-src/googletest/src/gtest-death-test.cc:428:_ZNK7testing8internal13DeathTestImpl7outcomeEv	8	static
googletest-src/googletest/include/gtest/gtest-message.h:132:_ZN7testing7MessagelsIA28_cEERS0_RKT_	40	static
googletest-src/googletest/include/gtest/gtest-message.h:132:_ZN7testing7MessagelsINSt7__cxx1112basic_stringIcSt11char_traitsIcESaIcEEEEERS0_RKT_	40	static
googletest-src/googletest/src/gtest-death-test.cc:540:_ZN7testing8internalL21FormatDeathTestOutputERKNSt7__cxx1112basic_stringIcSt11char_traitsIcESaIcEEE	168	static
googletest-src/googletest/include/gtest/gtest-message.h:132:_ZN7testing7MessagelsIA33_cEERS0_RKT_	40	static
googletest-src/googletest/include/gtest/gtest-message.h:132:_ZN7testing7MessagelsIA47_cEERS0_RKT_	40	static
googletest-src/googletest/include/gtest/gtest-matchers.h:238:_ZNK7testing8internal11MatcherBaseIRKNSt7__cxx1112basic_stringIcSt11char_traitsIcESaIcEEEE7MatchesES9_	88	static
googletest-src/googletest/include/gtest/gtest-matchers.h:244:_ZNK7testing8internal11MatcherBaseIRKNSt7__cxx1112basic_stringIcSt11char_traitsIcESaIcEEEE10DescribeToEPSo	88	static
googletest-src/googletest/include/gtest/gtest-message.h:132:_ZN7testing7MessagelsIA51_cEERS0_RKT_	40	static
googletest-src/googletest/src/gtest-death-test.cc:213:_ZN7testing8internalL11ExitSummaryB5cxx11Ei	104	static
googletest-src/googletest/src/gtest-death-test.cc:426:_ZNK7testing8internal13DeathTestImpl6statusEv	8	static
googletest-src/googletest/src/gtest.cc:1327:_ZNK7testing7Message9GetStringB5cxx11Ev	40	static
googletest-src/googletest/include/gtest/gtest-message.h:101:_ZN7testing7MessageD2Ev	24	static
googletest-src/googletest/src/gtest-death-test.cc:1072:_ZN7testing8internal16ForkingDeathTestC2EPKcNS_7MatcherIRKNSt7__cxx1112basic_stringIcSt11char_traitsIcESaIcEEEEE	120	static
googletest-src/googletest/src/gtest-death-test.cc:408:_ZN7testing8internal13DeathTestImplC2EPKcNS_7MatcherIRKNSt7__cxx1112basic_stringIcSt11char_traitsIcESaIcEEEEE	72	static
googletest-src/googletest/src/gtest-death-test.cc:1079:_ZN7testing8internal16ForkingDeathTest4WaitEv	376	static
googletest-src/googletest/src/gtest-death-test.cc:427:_ZN7testing8internal13DeathTestImpl10set_statusEi	8	static
googletest-src/googletest/src/gtest-death-test.cc:1101:_ZN7testing8internal15NoExecDeathTest10AssumeRoleEv	1304	static
googletest-src/googletest/src/gtest-port.cc:116:_ZN7testing8internal14GetThreadCountEv	136	static
googletest-src/googletest/src/gtest-death-test.cc:248:_ZN7testing8internalL22DeathTestThreadWarningB5cxx11Em	152	static
googletest-src/googletest/src/gtest.cc:6399:_ZN7testing8internal6IsTrueEb	8	static
googletest-src/googletest/src/gtest-port.cc:1226:_ZN7testing8internal13CaptureStderrEv	8	static
googletest-src/googletest/include/gtest/internal/gtest-port.h:1099:_ZN7testing8internal12FlushInfoLogEv	8	static
googletest-src/googletest/src/gtest-death-test.cc:1064:_ZN7testing8internal16ForkingDeathTest13set_child_pidEi	8	static
googletest-src/googletest/src/gtest-death-test.cc:433:_ZN7testing8internal13DeathTestImpl12set_write_fdEi	8	static
googletest-src/googletest/include/gtest/internal/gtest-port.h:1098:_ZN7testing8internal11LogToStderrEv	8	static
googletest-src/googletest/src/gtest-internal-inl.h:609:_ZN7testing8internal12UnitTestImpl9listenersEv	8	static
googletest-src/googletest/src/gtest.cc:5226:_ZN7testing18TestEventListeners23SuppressEventForwardingEb	24	static
googletest-src/googletest/src/gtest-death-test.cc:425:_ZN7testing8internal13DeathTestImpl11set_spawnedEb	8	static
googletest-src/googletest/src/gtest-death-test.cc:1354:_ZN7testing8internal13ExecDeathTest10AssumeRoleEv	1736	static
googletest-src/googletest/src/gtest-internal-inl.h:780:_ZNK7testing8internal12UnitTestImpl28internal_run_death_test_flagEv	24	static
googletest-src/googletest/src/gtest-internal-inl.h:758:_ZNK7testing8internal12UnitTestImpl17current_test_infoEv	8	static
googletest-src/googletest/include/gtest/gtest.h:599:_ZNK7testing8TestInfo6resultEv	8	static
googletest-src/googletest/include/gtest/gtest.h:491:_ZNK7testing10TestResult16death_test_countEv	8	static
googletest-src/googletest/include/gtest/internal/gtest-death-test-internal.h:284:_ZNK7testing8internal24InternalRunDeathTestFlag8write_fdEv	8	static
googletest-src/googletest/include/gtest/gtest.h:540:_ZNK7testing8TestInfo15test_suite_nameEv	24	static
googletest-src/googletest/include/gtest/gtest.h:548:_ZNK7testing8TestInfo4nameEv	24	static
googletest-src/googletest/src/gtest-death-test.cc:1157:_ZN7testing8internal13ExecDeathTest32GetArgvsForDeathTestChildProcessB5cxx11Ev	40	static
/usr/bin/../lib64/gcc/x86_64-pc-linux-gnu/16.1.1/../../../../include/c++/16.1.1/bits/stl_vector.h:1406:_ZNSt6vectorINSt7__cxx1112basic_stringIcSt11char_traitsIcESaIcEEESaIS5_EE9push_backERKS5_	88	static
googletest-src/googletest/src/gtest-death-test.cc:633:_ZN7testing8internalL18CreateArgvFromArgsERSt6vectorINSt7__cxx1112basic_stringIcSt11char_traitsIcESaIcEEESaIS7_EE	184	static
googletest-src/googletest/src/gtest-death-test.cc:1256:_ZN7testing8internalL23ExecDeathTestSpawnChildEPKPci	2056	static
/usr/bin/../lib64/gcc/x86_64-pc-linux-gnu/16.1.1/../../../../include/c++/16.1.1/bits/stl_vector.h:1385:_ZNSt6vectorIPcSaIS0_EE4dataEv	24	static
/usr/bin/../lib64/gcc/x86_64-pc-linux-gnu/16.1.1/../../../../include/c++/16.1.1/bits/stl_vector.h:790:_ZNSt6vectorIPcSaIS0_EED2Ev	72	static
/usr/bin/../lib64/gcc/x86_64-pc-linux-gnu/16.1.1/../../../../include/c++/16.1.1/bits/stl_vector.h:790:_ZNSt6vectorINSt7__cxx1112basic_stringIcSt11char_traitsIcESaIcEEESaIS5_EED2Ev	72	static
googletest-src/googletest/src/gtest-death-test.cc:1407:_ZN7testing8internal23DefaultDeathTestFactory6CreateEPKcNS_7MatcherIRKNSt7__cxx1112basic_stringIcSt11char_traitsIcESaIcEEEEES3_iPPNS0_9DeathTestE	504	static
googletest-src/googletest/include/gtest/gtest.h:627:_ZN7testing8TestInfo26increment_death_test_countEv	24	static
googletest-src/googletest/include/gtest/internal/gtest-death-test-internal.h:283:_ZNK7testing8internal24InternalRunDeathTestFlag5indexEv	8	static
/usr/bin/../lib64/gcc/x86_64-pc-linux-gnu/16.1.1/../../../../include/c++/16.1.1/bits/basic_string.h:4016:_ZStplIcSt11char_traitsIcESaIcEENSt7__cxx1112basic_stringIT_T0_T1_EEPKS5_OS8_	56	static
googletest-src/googletest/include/gtest/internal/gtest-death-test-internal.h:281:_ZNK7testing8internal24InternalRunDeathTestFlag4fileB5cxx11Ev	8	static
googletest-src/googletest/include/gtest/internal/gtest-death-test-internal.h:282:_ZNK7testing8internal24InternalRunDeathTestFlag4lineEv	8	static
googletest-src/googletest/src/gtest-death-test.cc:1149:_ZN7testing8internal13ExecDeathTestC2EPKcNS_7MatcherIRKNSt7__cxx1112basic_stringIcSt11char_traitsIcESaIcEEEEES3_i	136	static
googletest-src/googletest/src/gtest-death-test.cc:1094:_ZN7testing8internal15NoExecDeathTestC2EPKcNS_7MatcherIRKNSt7__cxx1112basic_stringIcSt11char_traitsIcESaIcEEEEE	120	static
/usr/bin/../lib64/gcc/x86_64-pc-linux-gnu/16.1.1/../../../../include/c++/16.1.1/bits/basic_string.h:3911:_ZStplIcSt11char_traitsIcESaIcEENSt7__cxx1112basic_stringIT_T0_T1_EEPKS5_RKS8_	152	static
googletest-src/googletest/src/gtest-death-test.cc:1533:_ZN7testing8internal29ParseInternalRunDeathTestFlagEv	152	static
/usr/bin/../lib64/gcc/x86_64-pc-linux-gnu/16.1.1/../../../../include/c++/16.1.1/bits/stl_vector.h:551:_ZNSt6vectorINSt7__cxx1112basic_stringIcSt11char_traitsIcESaIcEEESaIS5_EEC2Ev	24	static
googletest-src/googletest/src/gtest.cc:1277:_ZN7testing8internal11SplitStringERKNSt7__cxx1112basic_stringIcSt11char_traitsIcESaIcEEEcPSt6vectorIS6_SaIS6_EE	184	static
/usr/bin/../lib64/gcc/x86_64-pc-linux-gnu/16.1.1/../../../../include/c++/16.1.1/bits/stl_vector.h:1107:_ZNKSt6vectorINSt7__cxx1112basic_stringIcSt11char_traitsIcESaIcEEESaIS5_EE4sizeEv	8	static
googletest-src/googletest/src/gtest-internal-inl.h:1019:_ZN7testing8internal18ParseNaturalNumberIiEEbRKNSt7__cxx1112basic_stringIcSt11char_traitsIcESaIcEEEPT_	120	static
/usr/bin/../lib64/gcc/x86_64-pc-linux-gnu/16.1.1/../../../../include/c++/16.1.1/bits/stl_vector.h:1251:_ZNSt6vectorINSt7__cxx1112basic_stringIcSt11char_traitsIcESaIcEEESaIS5_EEixEm	40	static
googletest-src/googletest/include/gtest/internal/gtest-death-test-internal.h:273:_ZN7testing8internal24InternalRunDeathTestFlagC2ERKNSt7__cxx1112basic_stringIcSt11char_traitsIcESaIcEEEiii	56	static
googletest-src/googletest/src/gtest-filepath.cc:101:_ZN7testing8internal8FilePath13GetCurrentDirEv	4264	static
googletest-src/googletest/include/gtest/internal/gtest-filepath.h:76:_ZN7testing8internal8FilePathC2ENSt7__cxx1112basic_stringIcSt11char_traitsIcESaIcEEE	56	static
googletest-src/googletest/src/gtest-filepath.cc:130:_ZNK7testing8internal8FilePath15RemoveExtensionEPKc	248	static
googletest-src/googletest/src/gtest.cc:2214:_ZN7testing8internal6String23EndsWithCaseInsensitiveERKNSt7__cxx1112basic_stringIcSt11char_traitsIcESaIcEEES9_	56	static
/usr/bin/../lib64/gcc/x86_64-pc-linux-gnu/16.1.1/../../../../include/c++/16.1.1/bits/basic_string.h:3465:_ZNKSt7__cxx1112basic_stringIcSt11char_traitsIcESaIcEE6substrEmm	72	static
/usr/bin/../lib64/gcc/x86_64-pc-linux-gnu/16.1.1/../../../../include/c++/16.1.1/bits/basic_string.h:1199:_ZNKSt7__cxx1112basic_stringIcSt11char_traitsIcESaIcEE6lengthEv	24	static
googletest-src/googletest/include/gtest/internal/gtest-filepath.h:73:_ZN7testing8internal8FilePathC2ERKS1_	24	static
googletest-src/googletest/src/gtest-filepath.cc:142:_ZNK7testing8internal8FilePath21FindLastPathSeparatorEv	24	static
googletest-src/googletest/include/gtest/internal/gtest-filepath.h:92:_ZNK7testing8internal8FilePath5c_strEv	24	static
googletest-src/googletest/src/gtest-filepath.cc:155:_ZNK7testing8internal8FilePath19CalculateRootLengthEv	152	static
/usr/bin/../lib64/gcc/x86_64-pc-linux-gnu/16.1.1/../../../../include/c++/16.1.1/bits/basic_string.h:1080:_ZNKSt7__cxx1112basic_stringIcSt11char_traitsIcESaIcEE5beginEv	72	static
/usr/bin/../lib64/gcc/x86_64-pc-linux-gnu/16.1.1/../../../../include/c++/16.1.1/bits/basic_string.h:1098:_ZNKSt7__cxx1112basic_stringIcSt11char_traitsIcESaIcEE3endEv	88	static
googletest-src/googletest/src/gtest-filepath.cc:92:_ZN7testing8internalL15IsPathSeparatorEc	8	static
googletest-src/googletest/src/gtest-filepath.cc:199:_ZNK7testing8internal8FilePath19RemoveDirectoryNameEv	168	static
googletest-src/googletest/src/gtest-filepath.cc:210:_ZNK7testing8internal8FilePath14RemoveFileNameEv	248	static
/usr/bin/../lib64/gcc/x86_64-pc-linux-gnu/16.1.1/../../../../include/c++/16.1.1/bits/basic_string.h:708:_ZNSt7__cxx1112basic_stringIcSt11char_traitsIcESaIcEEC2EPKcmRKS3_	72	static
/usr/bin/../lib64/gcc/x86_64-pc-linux-gnu/16.1.1/../../../../include/c++/16.1.1/bits/basic_string.h:969:_ZNSt7__cxx1112basic_stringIcSt11char_traitsIcESaIcEEaSEOS4_	136	static
/usr/bin/../lib64/gcc/x86_64-pc-linux-gnu/16.1.1/../../../../include/c++/16.1.1/bits/basic_string.h:939:_ZNSt7__cxx1112basic_stringIcSt11char_traitsIcESaIcEEaSEPKc	24	static
googletest-src/googletest/src/gtest-filepath.cc:227:_ZN7testing8internal8FilePath12MakeFileNameERKS1_S3_iPKc	440	static
/usr/bin/../lib64/gcc/x86_64-pc-linux-gnu/16.1.1/../../../../include/c++/16.1.1/bits/basic_string.h:3947:_ZStplIcSt11char_traitsIcESaIcEENSt7__cxx1112basic_stringIT_T0_T1_EERKS8_PKS5_	152	static
googletest-src/googletest/include/gtest/internal/gtest-filepath.h:91:_ZNK7testing8internal8FilePath6stringB5cxx11Ev	8	static
googletest-src/googletest/src/gtest-filepath.cc:242:_ZN7testing8internal8FilePath11ConcatPathsERKS1_S3_	200	static
googletest-src/googletest/include/gtest/internal/gtest-filepath.h:70:_ZN7testing8internal8FilePathD2Ev	24	static
googletest-src/googletest/include/gtest/internal/gtest-filepath.h:124:_ZNK7testing8internal8FilePath7IsEmptyEv	24	static
googletest-src/googletest/src/gtest-filepath.cc:377:_ZNK7testing8internal8FilePath27RemoveTrailingPathSeparatorEv	136	static
/usr/bin/../lib64/gcc/x86_64-pc-linux-gnu/16.1.1/../../../../include/c++/16.1.1/bits/basic_string.h:3977:_ZStplIcSt11char_traitsIcESaIcEENSt7__cxx1112basic_stringIT_T0_T1_EEOS8_RKS8_	56	static
/usr/bin/../lib64/gcc/x86_64-pc-linux-gnu/16.1.1/../../../../include/c++/16.1.1/bits/basic_string.h:3965:_ZStplIcSt11char_traitsIcESaIcEENSt7__cxx1112basic_stringIT_T0_T1_EERKS8_S5_	120	static
googletest-src/googletest/src/gtest-filepath.cc:251:_ZNK7testing8internal8FilePath21FileOrDirectoryExistsEv	200	static
googletest-src/googletest/include/gtest/internal/gtest-port.h:2069:_ZN7testing8internal5posix4StatEPKcP4stat	24	static
googletest-src/googletest/src/gtest-filepath.cc:265:_ZNK7testing8internal8FilePath15DirectoryExistsEv	200	static
googletest-src/googletest/include/gtest/internal/gtest-port.h:2076:_ZN7testing8internal5posix5IsDirERK4stat	8	static
googletest-src/googletest/src/gtest-filepath.cc:295:_ZNK7testing8internal8FilePath15IsRootDirectoryEv	56	static
/usr/bin/../lib64/gcc/x86_64-pc-linux-gnu/16.1.1/../../../../include/c++/16.1.1/bits/basic_string.h:1187:_ZNKSt7__cxx1112basic_stringIcSt11char_traitsIcESaIcEE4sizeEv	40	static
/usr/bin/../lib64/gcc/x86_64-pc-linux-gnu/16.1.1/../../../../include/c++/16.1.1/bits/basic_string.h:1371:_ZNKSt7__cxx1112basic_stringIcSt11char_traitsIcESaIcEEixEm	40	static
googletest-src/googletest/src/gtest-filepath.cc:302:_ZNK7testing8internal8FilePath14IsAbsolutePathEv	24	static
googletest-src/googletest/src/gtest-filepath.cc:312:_ZN7testing8internal8FilePath22GenerateUniqueFileNameERKS1_S3_PKc	136	static
googletest-src/googletest/include/gtest/internal/gtest-filepath.h:72:_ZN7testing8internal8FilePathC2Ev	88	static
googletest-src/googletest/include/gtest/internal/gtest-filepath.h:89:_ZN7testing8internal8FilePath3SetERKS1_	24	static
googletest-src/googletest/src/gtest-filepath.cc:326:_ZNK7testing8internal8FilePath11IsDirectoryEv	40	static
googletest-src/googletest/src/gtest-filepath.cc:334:_ZNK7testing8internal8FilePath28CreateDirectoriesRecursivelyEv	152	static
googletest-src/googletest/src/gtest-filepath.cc:351:_ZNK7testing8internal8FilePath12CreateFolderEv	40	static
googletest-src/googletest/src/gtest-filepath.cc:386:_ZN7testing8internal8FilePath9NormalizeEv	456	static
/usr/bin/../lib64/gcc/x86_64-pc-linux-gnu/16.1.1/../../../../include/c++/16.1.1/bits/basic_string.h:1071:_ZNSt7__cxx1112basic_stringIcSt11char_traitsIcESaIcEE5beginEv	72	static
/usr/bin/../lib64/gcc/x86_64-pc-linux-gnu/16.1.1/../../../../include/c++/16.1.1/bits/basic_string.h:1148:_ZNKSt7__cxx1112basic_stringIcSt11char_traitsIcESaIcEE6cbeginEv	72	static
/usr/bin/../lib64/gcc/x86_64-pc-linux-gnu/16.1.1/../../../../include/c++/16.1.1/bits/basic_string.h:1089:_ZNSt7__cxx1112basic_stringIcSt11char_traitsIcESaIcEE3endEv	88	static
/usr/bin/../lib64/gcc/x86_64-pc-linux-gnu/16.1.1/../../../../include/c++/16.1.1/bits/basic_string.h:2387:_ZNSt7__cxx1112basic_stringIcSt11char_traitsIcESaIcEE5eraseEN9__gnu_cxx17__normal_iteratorIPKcS4_EES9_	216	static
googletest-src/googletest/src/gtest-matchers.cc:46:_ZN7testing7MatcherIRKNSt7__cxx1112basic_stringIcSt11char_traitsIcESaIcEEEEC2ES8_	152	static
googletest-src/googletest/include/gtest/gtest-matchers.h:270:_ZN7testing8internal11MatcherBaseIRKNSt7__cxx1112basic_stringIcSt11char_traitsIcESaIcEEEEC2Ev	24	static
googletest-src/googletest/include/gtest/gtest-matchers.h:862:_ZN7testing2EqINSt7__cxx1112basic_stringIcSt11char_traitsIcESaIcEEEEENS_8internal9EqMatcherIT_EES9_	40	static
googletest-src/googletest/include/gtest/gtest-matchers.h:504:_ZN7testing7MatcherIRKNSt7__cxx1112basic_stringIcSt11char_traitsIcESaIcEEEEC2INS_8internal9EqMatcherIS6_EEvEEOT_	40	static
googletest-src/googletest/include/gtest/gtest-matchers.h:494:_ZN7testing7MatcherIRKNSt7__cxx1112basic_stringIcSt11char_traitsIcESaIcEEEEaSEOS9_	40	static
googletest-src/googletest/include/gtest/gtest-matchers.h:725:_ZN7testing8internal9EqMatcherINSt7__cxx1112basic_stringIcSt11char_traitsIcESaIcEEEED2Ev	24	static
googletest-src/googletest/src/gtest-matchers.cc:50:_ZN7testing7MatcherIRKNSt7__cxx1112basic_stringIcSt11char_traitsIcESaIcEEEEC2EPKc	200	static
googletest-src/googletest/src/gtest-matchers.cc:56:_ZN7testing7MatcherINSt7__cxx1112basic_stringIcSt11char_traitsIcESaIcEEEEC2ERKS6_	152	static
googletest-src/googletest/include/gtest/gtest-matchers.h:270:_ZN7testing8internal11MatcherBaseINSt7__cxx1112basic_stringIcSt11char_traitsIcESaIcEEEEC2Ev	24	static
googletest-src/googletest/include/gtest/gtest-matchers.h:528:_ZN7testing7MatcherINSt7__cxx1112basic_stringIcSt11char_traitsIcESaIcEEEEC2INS_8internal9EqMatcherIS6_EEvEEOT_	40	static
googletest-src/googletest/include/gtest/gtest-matchers.h:516:_ZN7testing7MatcherINSt7__cxx1112basic_stringIcSt11char_traitsIcESaIcEEEEaSEOS7_	40	static
googletest-src/googletest/include/gtest/gtest-matchers.h:516:_ZN7testing7MatcherINSt7__cxx1112basic_stringIcSt11char_traitsIcESaIcEEEED2Ev	24	static
googletest-src/googletest/src/gtest-matchers.cc:60:_ZN7testing7MatcherINSt7__cxx1112basic_stringIcSt11char_traitsIcESaIcEEEEC2EPKc	200	static
googletest-src/googletest/src/gtest-matchers.cc:65:_ZN7testing7MatcherIRKSt17basic_string_viewIcSt11char_traitsIcEEEC2ERKNSt7__cxx1112basic_stringIcS3_SaIcEEE	152	static
googletest-src/googletest/include/gtest/gtest-matchers.h:270:_ZN7testing8internal11MatcherBaseIRKSt17basic_string_viewIcSt11char_traitsIcEEEC2Ev	24	static
googletest-src/googletest/include/gtest/gtest-matchers.h:554:_ZN7testing7MatcherIRKSt17basic_string_viewIcSt11char_traitsIcEEEC2INS_8internal9EqMatcherINSt7__cxx1112basic_stringIcS3_SaIcEEEEEvEEOT_	40	static
googletest-src/googletest/include/gtest/gtest-matchers.h:544:_ZN7testing7MatcherIRKSt17basic_string_viewIcSt11char_traitsIcEEEaSEOS7_	40	static
googletest-src/googletest/include/gtest/gtest-matchers.h:544:_ZN7testing7MatcherIRKSt17basic_string_viewIcSt11char_traitsIcEEED2Ev	24	static
googletest-src/googletest/src/gtest-matchers.cc:71:_ZN7testing7MatcherIRKSt17basic_string_viewIcSt11char_traitsIcEEEC2EPKc	200	static
googletest-src/googletest/src/gtest-matchers.cc:77:_ZN7testing7MatcherIRKSt17basic_string_viewIcSt11char_traitsIcEEEC2ES4_	200	static
/usr/bin/../lib64/gcc/x86_64-pc-linux-gnu/16.1.1/../../../../include/c++/16.1.1/bits/basic_string.h:911:_ZNSt7__cxx1112basic_stringIcSt11char_traitsIcESaIcEEC2ISt17basic_string_viewIcS2_EvEERKT_RKS3_	104	static
googletest-src/googletest/src/gtest-matchers.cc:83:_ZN7testing7MatcherISt17basic_string_viewIcSt11char_traitsIcEEEC2ERKNSt7__cxx1112basic_stringIcS3_SaIcEEE	152	static
googletest-src/googletest/include/gtest/gtest-matchers.h:270:_ZN7testing8internal11MatcherBaseISt17basic_string_viewIcSt11char_traitsIcEEEC2Ev	24	static
googletest-src/googletest/include/gtest/gtest-matchers.h:582:_ZN7testing7MatcherISt17basic_string_viewIcSt11char_traitsIcEEEC2INS_8internal9EqMatcherINSt7__cxx1112basic_stringIcS3_SaIcEEEEEvEEOT_	40	static
googletest-src/googletest/include/gtest/gtest-matchers.h:570:_ZN7testing7MatcherISt17basic_string_viewIcSt11char_traitsIcEEEaSEOS5_	40	static
googletest-src/googletest/include/gtest/gtest-matchers.h:570:_ZN7testing7MatcherISt17basic_string_viewIcSt11char_traitsIcEEED2Ev	24	static
googletest-src/googletest/src/gtest-matchers.cc:87:_ZN7testing7MatcherISt17basic_string_viewIcSt11char_traitsIcEEEC2EPKc	200	static
googletest-src/googletest/src/gtest-matchers.cc:93:_ZN7testing7MatcherISt17basic_string_viewIcSt11char_traitsIcEEEC2ES4_	200	static
googletest-src/googletest/include/gtest/gtest-message.h:132:_ZN7testing7MessagelsIA7_cEERS0_RKT_	40	static
googletest-src/googletest/include/gtest/gtest-message.h:132:_ZN7testing7MessagelsIiEERS0_RKT_	40	static
googletest-src/googletest/include/gtest/gtest-message.h:132:_ZN7testing7MessagelsIA6_cEERS0_RKT_	40	static
googletest-src/googletest/src/gtest-port.cc:103:_ZN7testing8internal12_GLOBAL__N_117ReadProcFileFieldImEET_RKNSt7__cxx1112basic_stringIcSt11char_traitsIcESaIcEEEi	632	static
googletest-src/googletest/src/gtest-port.cc:683:_ZN7testing8internal2RED2Ev	24	static
/home/jonas/wt/libcrux/wip/combined_extraction/c-header-only/build/_deps/googletest-src/googletest/src/gtest-all.cc:__clang_call_terminate	8	static
googletest-src/googletest/src/gtest-port.cc:695:_ZN7testing8internal2RE9FullMatchEPKcRKS1_	56	static
googletest-src/googletest/src/gtest-port.cc:704:_ZN7testing8internal2RE12PartialMatchEPKcRKS1_	56	static
googletest-src/googletest/src/gtest-port.cc:712:_ZN7testing8internal2RE4InitEPKc	216	static
googletest-src/googletest/include/gtest/gtest-assertion-result.h:174:_ZNK7testing15AssertionResultcvbEv	8	static
googletest-src/googletest/include/gtest/gtest-message.h:132:_ZN7testing7MessagelsIA21_cEERS0_RKT_	40	static
googletest-src/googletest/include/gtest/gtest-message.h:132:_ZN7testing7MessagelsIA52_cEERS0_RKT_	40	static
googletest-src/googletest/src/gtest.cc:1651:_ZN7testing8internal30GetBoolAssertionFailureMessageB5cxx11ERKNS_15AssertionResultEPKcS5_S5_	168	static
googletest-src/googletest/src/gtest.cc:475:_ZNK7testing8internal12AssertHelperaSERKNS_7MessageE	216	static
googletest-src/googletest/src/gtest-port.cc:1003:_ZN7testing8internal18FormatFileLocationB5cxx11EPKci	248	static
googletest-src/googletest/src/gtest-port.cc:1021:_ZN7testing8internal37FormatCompilerIndependentFileLocationB5cxx11EPKci	216	static
googletest-src/googletest/src/gtest-port.cc:1031:_ZN7testing8internal8GTestLogC2ENS0_16GTestLogSeverityEPKci	168	static
googletest-src/googletest/src/gtest-port.cc:1043:_ZN7testing8internal8GTestLogD2Ev	40	static
googletest-src/googletest/include/gtest/internal/gtest-port.h:2195:_ZN7testing8internal5posix5AbortEv	8	static
googletest-src/googletest/src/gtest-port.cc:1221:_ZN7testing8internal13CaptureStdoutEv	8	static
googletest-src/googletest/src/gtest-port.cc:1192:_ZN7testing8internalL13CaptureStreamEiPKcPPNS0_14CapturedStreamE	104	static
googletest-src/googletest/src/gtest-port.cc:1231:_ZN7testing8internal17GetCapturedStdoutB5cxx11Ev	24	static
googletest-src/googletest/src/gtest-port.cc:1202:_ZN7testing8internalL17GetCapturedStreamB5cxx11EPPNS0_14CapturedStreamE	56	static
googletest-src/googletest/src/gtest-port.cc:1242:_ZN7testing8internal11GetFileSizeEP8_IO_FILE	24	static
googletest-src/googletest/src/gtest-port.cc:1247:_ZN7testing8internal14ReadEntireFileB5cxx11EP8_IO_FILE	168	static
googletest-src/googletest/src/gtest-port.cc:1274:_ZN7testing8internal18GetInjectableArgvsB5cxx11Ev	40	static
/usr/bin/../lib64/gcc/x86_64-pc-linux-gnu/16.1.1/../../../../include/c++/16.1.1/bits/stl_vector.h:621:_ZNSt6vectorINSt7__cxx1112basic_stringIcSt11char_traitsIcESaIcEEESaIS5_EEC2ERKS7_	200	static
googletest-src/googletest/src/gtest.cc:647:_ZN7testing8internal8GetArgvsB5cxx11Ev	24	static
googletest-src/googletest/src/gtest-port.cc:1281:_ZN7testing8internal18SetInjectableArgvsEPKSt6vectorINSt7__cxx1112basic_stringIcSt11char_traitsIcESaIcEEESaIS7_EE	24	static
googletest-src/googletest/src/gtest-port.cc:1286:_ZN7testing8internal18SetInjectableArgvsERKSt6vectorINSt7__cxx1112basic_stringIcSt11char_traitsIcESaIcEEESaIS7_EE	120	static
/usr/bin/../lib64/gcc/x86_64-pc-linux-gnu/16.1.1/../../../../include/c++/16.1.1/bits/stl_vector.h:998:_ZNKSt6vectorINSt7__cxx1112basic_stringIcSt11char_traitsIcESaIcEEESaIS5_EE5beginEv	56	static
/usr/bin/../lib64/gcc/x86_64-pc-linux-gnu/16.1.1/../../../../include/c++/16.1.1/bits/stl_vector.h:1018:_ZNKSt6vectorINSt7__cxx1112basic_stringIcSt11char_traitsIcESaIcEEESaIS5_EE3endEv	56	static
/usr/bin/../lib64/gcc/x86_64-pc-linux-gnu/16.1.1/../../../../include/c++/16.1.1/bits/stl_vector.h:726:_ZNSt6vectorINSt7__cxx1112basic_stringIcSt11char_traitsIcESaIcEEESaIS5_EEC2IN9__gnu_cxx17__normal_iteratorIPKS5_S7_EEvEET_SE_RKS6_	120	static
googletest-src/googletest/src/gtest-port.cc:1291:_ZN7testing8internal20ClearInjectableArgvsEv	24	static
googletest-src/googletest/src/gtest-port.cc:1324:_ZN7testing8internal10ParseInt32ERKNS_7MessageEPKcPi	280	static
googletest-src/googletest/include/gtest/gtest-message.h:132:_ZN7testing7MessagelsIA10_cEERS0_RKT_	40	static
googletest-src/googletest/include/gtest/gtest-message.h:132:_ZN7testing7MessagelsIS0_EERS0_RKT_	40	static
googletest-src/googletest/include/gtest/gtest-message.h:132:_ZN7testing7MessagelsIA50_cEERS0_RKT_	40	static
googletest-src/googletest/include/gtest/gtest-message.h:132:_ZN7testing7MessagelsIA4_cEERS0_RKT_	40	static
googletest-src/googletest/include/gtest/gtest-message.h:132:_ZN7testing7MessagelsIA12_cEERS0_RKT_	40	static
googletest-src/googletest/include/gtest/gtest-message.h:132:_ZN7testing7MessagelsIA20_cEERS0_RKT_	40	static
googletest-src/googletest/src/gtest-port.cc:1309:_ZN7testing8internalL12FlagToEnvVarB5cxx11EPKc	184	static
googletest-src/googletest/include/gtest/internal/gtest-port.h:2170:_ZN7testing8internal5posix6GetEnvEPKc	24	static
googletest-src/googletest/src/gtest-port.cc:1380:_ZN7testing8internal17Int32FromGTestEnvEPKci	216	static
googletest-src/googletest/include/gtest/gtest-message.h:132:_ZN7testing7MessagelsIA22_cEERS0_RKT_	40	static
googletest-src/googletest/src/gtest-port.cc:1412:_ZN7testing8internal25OutputFlagAlsoCheckEnvVarB5cxx11Ev	232	static
googletest-src/googletest/src/gtest-printers.cc:130:_ZN7testing8internal20PrintBytesInObjectToEPKhmPSo	40	static
googletest-src/googletest/src/gtest-printers.cc:89:_ZN7testing12_GLOBAL__N_124PrintBytesInObjectToImplEPKhmPSo	56	static
googletest-src/googletest/src/gtest-printers.cc:276:_ZN7testing8internal7PrintToEhPSo	24	static
googletest-src/googletest/src/gtest-printers.cc:253:_ZN7testing8internal18PrintCharAndCodeToIhEEvT_PSo	120	static
googletest-src/googletest/src/gtest-printers.cc:277:_ZN7testing8internal7PrintToEaPSo	24	static
googletest-src/googletest/src/gtest-printers.cc:253:_ZN7testing8internal18PrintCharAndCodeToIaEEvT_PSo	120	static
googletest-src/googletest/src/gtest-printers.cc:281:_ZN7testing8internal7PrintToEwPSo	24	static
googletest-src/googletest/src/gtest-printers.cc:253:_ZN7testing8internal18PrintCharAndCodeToIwEEvT_PSo	120	static
googletest-src/googletest/src/gtest-printers.cc:284:_ZN7testing8internal7PrintToEDiPSo	56	static
/usr/bin/../lib64/gcc/x86_64-pc-linux-gnu/16.1.1/../../../../include/c++/16.1.1/bits/ios_base.h:1102:_ZSt3hexRSt8ios_base	24	static
/usr/bin/../lib64/gcc/x86_64-pc-linux-gnu/16.1.1/../../../../include/c++/16.1.1/bits/ios_base.h:1036:_ZSt9uppercaseRSt8ios_base	24	static
/usr/bin/../lib64/gcc/x86_64-pc-linux-gnu/16.1.1/../../../../include/c++/16.1.1/iomanip:175:_ZSt7setfillIcESt8_SetfillIT_ES1_	8	static
/usr/bin/../lib64/gcc/x86_64-pc-linux-gnu/16.1.1/../../../../include/c++/16.1.1/iomanip:237:_ZSt4setwi	8	static
googletest-src/googletest/src/gtest-printers.cc:291:_ZN7testing8internal7PrintToEoPSo	152	static
googletest-src/googletest/src/gtest-printers.cc:324:_ZN7testing8internal7PrintToEnPSo	56	static
googletest-src/googletest/src/gtest-printers.cc:394:_ZN7testing8internal19UniversalPrintArrayEPKcmPSo	40	static
googletest-src/googletest/src/gtest-printers.cc:371:_ZN7testing8internalL23UniversalPrintCharArrayIcEEvPKT_mPSo	40	static
googletest-src/googletest/src/gtest-printers.cc:408:_ZN7testing8internal19UniversalPrintArrayEPKDsmPSo	40	static
googletest-src/googletest/src/gtest-printers.cc:371:_ZN7testing8internalL23UniversalPrintCharArrayIDsEEvPKT_mPSo	40	static
googletest-src/googletest/src/gtest-printers.cc:414:_ZN7testing8internal19UniversalPrintArrayEPKDimPSo	40	static
googletest-src/googletest/src/gtest-printers.cc:371:_ZN7testing8internalL23UniversalPrintCharArrayIDiEEvPKT_mPSo	40	static
googletest-src/googletest/src/gtest-printers.cc:420:_ZN7testing8internal19UniversalPrintArrayEPKwmPSo	40	static
googletest-src/googletest/src/gtest-printers.cc:371:_ZN7testing8internalL23UniversalPrintCharArrayIwEEvPKT_mPSo	40	static
googletest-src/googletest/src/gtest-printers.cc:439:_ZN7testing8internal7PrintToEPKcPSo	24	static
googletest-src/googletest/src/gtest-printers.cc:428:_ZN7testing8internal12_GLOBAL__N_114PrintCStringToIcEEvPKT_PSo	40	static
googletest-src/googletest/src/gtest-printers.cc:445:_ZN7testing8internal7PrintToEPKDsPSo	24	static
googletest-src/googletest/src/gtest-printers.cc:428:_ZN7testing8internal12_GLOBAL__N_114PrintCStringToIDsEEvPKT_PSo	40	static
googletest-src/googletest/src/gtest-printers.cc:447:_ZN7testing8internal7PrintToEPKDiPSo	24	static
googletest-src/googletest/src/gtest-printers.cc:428:_ZN7testing8internal12_GLOBAL__N_114PrintCStringToIDiEEvPKT_PSo	40	static
googletest-src/googletest/src/gtest-printers.cc:457:_ZN7testing8internal7PrintToEPKwPSo	24	static
googletest-src/googletest/src/gtest-printers.cc:428:_ZN7testing8internal12_GLOBAL__N_114PrintCStringToIwEEvPKT_PSo	40	static
googletest-src/googletest/src/gtest-printers.cc:525:_ZN7testing8internal13PrintStringToERKNSt7__cxx1112basic_stringIcSt11char_traitsIcESaIcEEEPSo	40	static
googletest-src/googletest/src/gtest-printers.cc:342:_ZN7testing8internalL20PrintCharsAsStringToIcEENS0_10CharFormatEPKT_mPSo	72	static
/usr/bin/../lib64/gcc/x86_64-pc-linux-gnu/16.1.1/../../../../include/c++/16.1.1/bits/basic_string.h:2910:_ZNKSt7__cxx1112basic_stringIcSt11char_traitsIcESaIcEE4dataEv	24	static
googletest-src/googletest/src/gtest-printers.cc:516:_ZN7testing8internal12_GLOBAL__N_122ConditionalPrintAsTextEPKcmPSo	40	static
googletest-src/googletest/src/gtest-printers.cc:539:_ZN7testing8internal16PrintU16StringToERKNSt7__cxx1112basic_stringIDsSt11char_traitsIDsESaIDsEEEPSo	40	static
googletest-src/googletest/src/gtest-printers.cc:342:_ZN7testing8internalL20PrintCharsAsStringToIDsEENS0_10CharFormatEPKT_mPSo	72	static
/usr/bin/../lib64/gcc/x86_64-pc-linux-gnu/16.1.1/../../../../include/c++/16.1.1/bits/basic_string.h:2910:_ZNKSt7__cxx1112basic_stringIDsSt11char_traitsIDsESaIDsEE4dataEv	24	static
/usr/bin/../lib64/gcc/x86_64-pc-linux-gnu/16.1.1/../../../../include/c++/16.1.1/bits/basic_string.h:1187:_ZNKSt7__cxx1112basic_stringIDsSt11char_traitsIDsESaIDsEE4sizeEv	40	static
googletest-src/googletest/src/gtest-printers.cc:543:_ZN7testing8internal16PrintU32StringToERKNSt7__cxx1112basic_stringIDiSt11char_traitsIDiESaIDiEEEPSo	40	static
googletest-src/googletest/src/gtest-printers.cc:342:_ZN7testing8internalL20PrintCharsAsStringToIDiEENS0_10CharFormatEPKT_mPSo	72	static
/usr/bin/../lib64/gcc/x86_64-pc-linux-gnu/16.1.1/../../../../include/c++/16.1.1/bits/basic_string.h:2910:_ZNKSt7__cxx1112basic_stringIDiSt11char_traitsIDiESaIDiEE4dataEv	24	static
/usr/bin/../lib64/gcc/x86_64-pc-linux-gnu/16.1.1/../../../../include/c++/16.1.1/bits/basic_string.h:1187:_ZNKSt7__cxx1112basic_stringIDiSt11char_traitsIDiESaIDiEE4sizeEv	40	static
googletest-src/googletest/src/gtest-printers.cc:548:_ZN7testing8internal17PrintWideStringToERKNSt7__cxx1112basic_stringIwSt11char_traitsIwESaIwEEEPSo	40	static
googletest-src/googletest/src/gtest-printers.cc:342:_ZN7testing8internalL20PrintCharsAsStringToIwEENS0_10CharFormatEPKT_mPSo	72	static
/usr/bin/../lib64/gcc/x86_64-pc-linux-gnu/16.1.1/../../../../include/c++/16.1.1/bits/basic_string.h:2910:_ZNKSt7__cxx1112basic_stringIwSt11char_traitsIwESaIwEE4dataEv	24	static
/usr/bin/../lib64/gcc/x86_64-pc-linux-gnu/16.1.1/../../../../include/c++/16.1.1/bits/basic_string.h:1187:_ZNKSt7__cxx1112basic_stringIwSt11char_traitsIwESaIwEE4sizeEv	40	static
googletest-src/googletest/src/gtest-test-part.cc:45:_ZN7testing14TestPartResult14ExtractSummaryB5cxx11EPKc	168	static
/usr/bin/../lib64/gcc/x86_64-pc-linux-gnu/16.1.1/../../../../include/c++/16.1.1/bits/basic_string.h:876:_ZNSt7__cxx1112basic_stringIcSt11char_traitsIcESaIcEEC2IPKcvEET_S8_RKS3_	104	static
googletest-src/googletest/src/gtest-test-part.cc:51:_ZN7testinglsERSoRKNS_14TestPartResultE	216	static
googletest-src/googletest/include/gtest/gtest-test-part.h:81:_ZNK7testing14TestPartResult9file_nameEv	40	static
googletest-src/googletest/include/gtest/gtest-test-part.h:87:_ZNK7testing14TestPartResult11line_numberEv	8	static
googletest-src/googletest/include/gtest/gtest-test-part.h:77:_ZNK7testing14TestPartResult4typeEv	8	static
googletest-src/googletest/include/gtest/gtest-test-part.h:93:_ZNK7testing14TestPartResult7messageEv	24	static
googletest-src/googletest/src/gtest-test-part.cc:65:_ZN7testing19TestPartResultArray6AppendERKNS_14TestPartResultE	24	static
/usr/bin/../lib64/gcc/x86_64-pc-linux-gnu/16.1.1/../../../../include/c++/16.1.1/bits/stl_vector.h:1406:_ZNSt6vectorIN7testing14TestPartResultESaIS1_EE9push_backERKS1_	88	static
googletest-src/googletest/src/gtest-test-part.cc:70:_ZNK7testing19TestPartResultArray17GetTestPartResultEi	40	static
googletest-src/googletest/src/gtest-test-part.cc:80:_ZNK7testing19TestPartResultArray4sizeEv	24	static
/usr/bin/../lib64/gcc/x86_64-pc-linux-gnu/16.1.1/../../../../include/c++/16.1.1/bits/stl_vector.h:1270:_ZNKSt6vectorIN7testing14TestPartResultESaIS1_EEixEm	40	static
/usr/bin/../lib64/gcc/x86_64-pc-linux-gnu/16.1.1/../../../../include/c++/16.1.1/bits/stl_vector.h:1107:_ZNKSt6vectorIN7testing14TestPartResultESaIS1_EE4sizeEv	8	static
googletest-src/googletest/src/gtest-test-part.cc:86:_ZN7testing8internal24HasNewFatalFailureHelperC2Ev	72	static
googletest-src/googletest/include/gtest/gtest-test-part.h:155:_ZN7testing31TestPartResultReporterInterfaceC2Ev	8	static
googletest-src/googletest/src/gtest.cc:1084:_ZN7testing8internal12UnitTestImpl41GetTestPartResultReporterForCurrentThreadEv	24	static
googletest-src/googletest/src/gtest.cc:1089:_ZN7testing8internal12UnitTestImpl41SetTestPartResultReporterForCurrentThreadEPNS_31TestPartResultReporterInterfaceE	40	static
googletest-src/googletest/src/gtest-test-part.cc:93:_ZN7testing8internal24HasNewFatalFailureHelperD2Ev	40	static
googletest-src/googletest/src/gtest-test-part.cc:93:_ZN7testing8internal24HasNewFatalFailureHelperD0Ev	24	static
googletest-src/googletest/src/gtest-test-part.cc:98:_ZN7testing8internal24HasNewFatalFailureHelper20ReportTestPartResultERKNS_14TestPartResultE	40	static
googletest-src/googletest/include/gtest/gtest-test-part.h:105:_ZNK7testing14TestPartResult14fatally_failedEv	8	static
googletest-src/googletest/src/gtest-typed-test.cc:60:_ZN7testing8internal20TypedTestSuitePState25VerifyRegisteredTestNamesEPKcS3_iS3_	632	static
googletest-src/googletest/src/gtest.cc:578:_ZN7testing8internal34RegisterTypeParameterizedTestSuiteEPKcNS0_12CodeLocationE	136	static
googletest-src/googletest/include/gtest/internal/gtest-internal.h:477:_ZN7testing8internal12CodeLocationC2ENSt7__cxx1112basic_stringIcSt11char_traitsIcESaIcEEEi	40	static
googletest-src/googletest/include/gtest/internal/gtest-internal.h:476:_ZN7testing8internal12CodeLocationD2Ev	24	static
googletest-src/googletest/src/gtest-typed-test.cc:48:_ZN7testing8internalL18SplitIntoTestNamesB5cxx11EPKc	168	static
/usr/bin/../lib64/gcc/x86_64-pc-linux-gnu/16.1.1/../../../../include/c++/16.1.1/bits/stl_set.h:173:_ZNSt3setINSt7__cxx1112basic_stringIcSt11char_traitsIcESaIcEEESt4lessIS5_ESaIS5_EEC2Ev	24	static
/usr/bin/../lib64/gcc/x86_64-pc-linux-gnu/16.1.1/../../../../include/c++/16.1.1/bits/stl_vector.h:988:_ZNSt6vectorINSt7__cxx1112basic_stringIcSt11char_traitsIcESaIcEEESaIS5_EE5beginEv	56	static
/usr/bin/../lib64/gcc/x86_64-pc-linux-gnu/16.1.1/../../../../include/c++/16.1.1/bits/stl_vector.h:1008:_ZNSt6vectorINSt7__cxx1112basic_stringIcSt11char_traitsIcESaIcEEESaIS5_EE3endEv	56	static
/usr/bin/../lib64/gcc/x86_64-pc-linux-gnu/16.1.1/../../../../include/c++/16.1.1/bits/stl_set.h:848:_ZNKSt3setINSt7__cxx1112basic_stringIcSt11char_traitsIcESaIcEEESt4lessIS5_ESaIS5_EE5countERKS5_	72	static
/usr/bin/../lib64/gcc/x86_64-pc-linux-gnu/16.1.1/../../../../include/c++/16.1.1/bits/stl_map.h:1460:_ZNKSt3mapINSt7__cxx1112basic_stringIcSt11char_traitsIcESaIcEEEN7testing8internal12CodeLocationESt4lessIvESaISt4pairIKS5_S8_EEE5countERSC_	72	static
/usr/bin/../lib64/gcc/x86_64-pc-linux-gnu/16.1.1/../../../../include/c++/16.1.1/bits/stl_set.h:534:_ZNSt3setINSt7__cxx1112basic_stringIcSt11char_traitsIcESaIcEEESt4lessIS5_ESaIS5_EE6insertERKS5_	104	static
googletest-src/googletest/include/gtest/gtest-message.h:132:_ZN7testing7MessagelsIA15_cEERS0_RKT_	40	static
googletest-src/googletest/include/gtest/gtest-message.h:132:_ZN7testing7MessagelsIA35_cEERS0_RKT_	40	static
/usr/bin/../lib64/gcc/x86_64-pc-linux-gnu/16.1.1/../../../../include/c++/16.1.1/bits/stl_map.h:392:_ZNSt3mapINSt7__cxx1112basic_stringIcSt11char_traitsIcESaIcEEEN7testing8internal12CodeLocationESt4lessIvESaISt4pairIKS5_S8_EEE5beginEv	24	static
/usr/bin/../lib64/gcc/x86_64-pc-linux-gnu/16.1.1/../../../../include/c++/16.1.1/bits/stl_tree.h:466:_ZNSt23_Rb_tree_const_iteratorISt4pairIKNSt7__cxx1112basic_stringIcSt11char_traitsIcESaIcEEEN7testing8internal12CodeLocationEEEC2ERKSt17_Rb_tree_iteratorISB_E	8	static
/usr/bin/../lib64/gcc/x86_64-pc-linux-gnu/16.1.1/../../../../include/c++/16.1.1/bits/stl_tree.h:514:_ZStneRKSt23_Rb_tree_const_iteratorISt4pairIKNSt7__cxx1112basic_stringIcSt11char_traitsIcESaIcEEEN7testing8internal12CodeLocationEEESE_	8	static
/usr/bin/../lib64/gcc/x86_64-pc-linux-gnu/16.1.1/../../../../include/c++/16.1.1/bits/stl_map.h:410:_ZNSt3mapINSt7__cxx1112basic_stringIcSt11char_traitsIcESaIcEEEN7testing8internal12CodeLocationESt4lessIvESaISt4pairIKS5_S8_EEE3endEv	24	static
/usr/bin/../lib64/gcc/x86_64-pc-linux-gnu/16.1.1/../../../../include/c++/16.1.1/bits/stl_tree.h:474:_ZNKSt23_Rb_tree_const_iteratorISt4pairIKNSt7__cxx1112basic_stringIcSt11char_traitsIcESaIcEEEN7testing8internal12CodeLocationEEEptEv	24	static
googletest-src/googletest/include/gtest/gtest-message.h:132:_ZN7testing7MessagelsIA25_cEERS0_RKT_	40	static
googletest-src/googletest/include/gtest/gtest-message.h:132:_ZN7testing7MessagelsIA3_cEERS0_RKT_	40	static
/usr/bin/../lib64/gcc/x86_64-pc-linux-gnu/16.1.1/../../../../include/c++/16.1.1/bits/stl_tree.h:478:_ZNSt23_Rb_tree_const_iteratorISt4pairIKNSt7__cxx1112basic_stringIcSt11char_traitsIcESaIcEEEN7testing8internal12CodeLocationEEEppEv	24	static
/usr/bin/../lib64/gcc/x86_64-pc-linux-gnu/16.1.1/../../../../include/c++/16.1.1/bits/stl_set.h:306:_ZNSt3setINSt7__cxx1112basic_stringIcSt11char_traitsIcESaIcEEESt4lessIS5_ESaIS5_EED2Ev	24	static
googletest-src/googletest/src/gtest-all.cc:0:__cxx_global_var_init.96	8	static
googletest-src/googletest/src/gtest.cc:244:_ZN7testingL18GetDefaultFailFastEv	24	static
googletest-src/googletest/src/gtest-all.cc:0:__cxx_global_var_init.98	8	static
googletest-src/googletest/src/gtest-all.cc:0:__cxx_global_var_init.100	8	static
googletest-src/googletest/src/gtest-all.cc:0:__cxx_global_var_init.102	8	static
googletest-src/googletest/src/gtest-all.cc:0:__cxx_global_var_init.104	88	static
googletest-src/googletest/src/gtest-all.cc:0:__cxx_global_var_init.107	88	static
googletest-src/googletest/src/gtest.cc:233:_ZN7testingL16GetDefaultFilterEv	24	static
googletest-src/googletest/src/gtest-all.cc:0:__cxx_global_var_init.109	8	static
googletest-src/googletest/src/gtest-all.cc:0:__cxx_global_var_init.111	136	static
googletest-src/googletest/src/gtest-all.cc:0:__cxx_global_var_init.113	8	static
googletest-src/googletest/src/gtest-all.cc:0:__cxx_global_var_init.115	8	static
googletest-src/googletest/src/gtest-all.cc:0:__cxx_global_var_init.117	8	static
googletest-src/googletest/src/gtest-all.cc:0:__cxx_global_var_init.119	8	static
googletest-src/googletest/src/gtest-all.cc:0:__cxx_global_var_init.121	8	static
googletest-src/googletest/src/gtest-all.cc:0:__cxx_global_var_init.123	8	static
googletest-src/googletest/src/gtest-all.cc:0:__cxx_global_var_init.125	8	static
googletest-src/googletest/src/gtest-all.cc:0:__cxx_global_var_init.127	8	static
googletest-src/googletest/src/gtest-all.cc:0:__cxx_global_var_init.129	88	static
googletest-src/googletest/src/gtest-all.cc:0:__cxx_global_var_init.131	8	static
googletest-src/googletest/src/gtest-all.cc:0:__cxx_global_var_init.133	88	static
googletest-src/googletest/src/gtest.cc:405:_ZN7testing8internal6Random8GenerateEj	168	static
googletest-src/googletest/src/gtest.cc:468:_ZN7testing8internal12AssertHelperC2ENS_14TestPartResult4TypeEPKciS5_	88	static
googletest-src/googletest/include/gtest/gtest.h:1632:_ZN7testing8internal12AssertHelper16AssertHelperDataC2ENS_14TestPartResult4TypeEPKciS6_	120	static
googletest-src/googletest/src/gtest.cc:472:_ZN7testing8internal12AssertHelperD2Ev	24	static
googletest-src/googletest/include/gtest/gtest.h:1631:_ZN7testing8internal12AssertHelper16AssertHelperDataD2Ev	24	static
googletest-src/googletest/src/gtest.cc:5239:_ZN7testing8UnitTest11GetInstanceEv	24	static
googletest-src/googletest/src/gtest.cc:5411:_ZN7testing8UnitTest17AddTestPartResultENS_14TestPartResult4TypeEPKciRKNSt7__cxx1112basic_stringIcSt11char_traitsIcESaIcEEESC_	424	static
googletest-src/googletest/src/gtest.cc:2276:_ZN7testing8internal17AppendUserMessageERKNSt7__cxx1112basic_stringIcSt11char_traitsIcESaIcEEERKNS_7MessageE	152	static
googletest-src/googletest/src/gtest.cc:458:_ZN7testing8internal12_GLOBAL__N_133ShouldEmitStackTraceForResultTypeENS_14TestPartResult4TypeE	8	static
googletest-src/googletest/include/gtest/gtest.h:1280:_ZN7testing8UnitTest4implEv	8	static
googletest-src/googletest/src/gtest.cc:1166:_ZN7testing8internal12UnitTestImpl28CurrentOsStackTraceExceptTopB5cxx11Ei	56	static
googletest-src/googletest/src/gtest.cc:522:_ZN7testing8internal33GetIgnoredParameterizedTestSuitesB5cxx11Ev	8	static
googletest-src/googletest/src/gtest-internal-inl.h:704:_ZN7testing8internal12UnitTestImpl33ignored_parameterized_test_suitesB5cxx11Ev	8	static
googletest-src/googletest/src/gtest.cc:527:_ZN7testing8internal13MarkAsIgnoredC2EPKc	168	static
/usr/bin/../lib64/gcc/x86_64-pc-linux-gnu/16.1.1/../../../../include/c++/16.1.1/bits/stl_set.h:543:_ZNSt3setINSt7__cxx1112basic_stringIcSt11char_traitsIcESaIcEEESt4lessIS5_ESaIS5_EE6insertEOS5_	104	static
googletest-src/googletest/src/gtest.cc:533:_ZN7testing8internal23InsertSyntheticTestCaseERKNSt7__cxx1112basic_stringIcSt11char_traitsIcESaIcEEENS0_12CodeLocationEb	1192	static
/usr/bin/../lib64/gcc/x86_64-pc-linux-gnu/16.1.1/../../../../include/c++/16.1.1/bits/stl_tree.h:514:_ZStneRKSt23_Rb_tree_const_iteratorINSt7__cxx1112basic_stringIcSt11char_traitsIcESaIcEEEES8_	8	static
/usr/bin/../lib64/gcc/x86_64-pc-linux-gnu/16.1.1/../../../../include/c++/16.1.1/bits/stl_set.h:898:_ZNKSt3setINSt7__cxx1112basic_stringIcSt11char_traitsIcESaIcEEESt4lessIS5_ESaIS5_EE4findERKS5_	40	static
/usr/bin/../lib64/gcc/x86_64-pc-linux-gnu/16.1.1/../../../../include/c++/16.1.1/bits/stl_set.h:378:_ZNKSt3setINSt7__cxx1112basic_stringIcSt11char_traitsIcESaIcEEESt4lessIS5_ESaIS5_EE3endEv	24	static
googletest-src/googletest/include/gtest/gtest.h:2299:_ZN7testing12RegisterTestITpTnRiJEZNS_8internal23InsertSyntheticTestCaseERKNSt7__cxx1112basic_stringIcSt11char_traitsIcESaIcEEENS2_12CodeLocationEbE3$_0EEPNS_8TestInfoEPKcSG_SG_SG_SG_iT0_	440	static
googletest-src/googletest/include/gtest/internal/gtest-internal.h:476:_ZN7testing8internal12CodeLocationC2ERKS1_	40	static
googletest-src/googletest/src/gtest.cc:572:_ZZN7testing8internal23InsertSyntheticTestCaseERKNSt7__cxx1112basic_stringIcSt11char_traitsIcESaIcEEENS0_12CodeLocationEbEN3$_0D2Ev	24	static
googletest-src/googletest/src/gtest-internal-inl.h:711:_ZN7testing8internal12UnitTestImpl32type_parameterized_test_registryEv	8	static
googletest-src/googletest/src/gtest.cc:589:_ZN7testing8internal34TypeParameterizedTestSuiteRegistry17RegisterTestSuiteEPKcNS0_12CodeLocationE	280	static
googletest-src/googletest/include/gtest/internal/gtest-internal.h:476:_ZN7testing8internal12CodeLocationC2EOS1_	40	static
googletest-src/googletest/src/gtest.cc:584:_ZN7testing8internal47RegisterTypeParameterizedTestSuiteInstantiationEPKc	24	static
googletest-src/googletest/src/gtest.cc:595:_ZN7testing8internal34TypeParameterizedTestSuiteRegistry21RegisterInstantiationEPKc	216	static
/usr/bin/../lib64/gcc/x86_64-pc-linux-gnu/16.1.1/../../../../include/c++/16.1.1/bits/stl_map.h:649:_ZNSt3mapINSt7__cxx1112basic_stringIcSt11char_traitsIcESaIcEEEN7testing8internal34TypeParameterizedTestSuiteRegistry30TypeParameterizedTestSuiteInfoESt4lessIS5_ESaISt4pairIKS5_S9_EEE7emplaceIJS5_S9_EEESC_ISt17_Rb_tree_iteratorISE_EbEDpOT_	200	static
googletest-src/googletest/include/gtest/internal/gtest-param-util.h:780:_ZN7testing8internal34TypeParameterizedTestSuiteRegistry30TypeParameterizedTestSuiteInfoC2ENS0_12CodeLocationE	40	static
googletest-src/googletest/include/gtest/internal/gtest-param-util.h:779:_ZN7testing8internal34TypeParameterizedTestSuiteRegistry30TypeParameterizedTestSuiteInfoD2Ev	24	static
/usr/bin/../lib64/gcc/x86_64-pc-linux-gnu/16.1.1/../../../../include/c++/16.1.1/bits/stl_map.h:1414:_ZNSt3mapINSt7__cxx1112basic_stringIcSt11char_traitsIcESaIcEEEN7testing8internal34TypeParameterizedTestSuiteRegistry30TypeParameterizedTestSuiteInfoESt4lessIS5_ESaISt4pairIKS5_S9_EEE4findERSD_	40	static
/usr/bin/../lib64/gcc/x86_64-pc-linux-gnu/16.1.1/../../../../include/c++/16.1.1/bits/stl_tree.h:436:_ZStneRKSt17_Rb_tree_iteratorISt4pairIKNSt7__cxx1112basic_stringIcSt11char_traitsIcESaIcEEEN7testing8internal34TypeParameterizedTestSuiteRegistry30TypeParameterizedTestSuiteInfoEEESF_	8	static
/usr/bin/../lib64/gcc/x86_64-pc-linux-gnu/16.1.1/../../../../include/c++/16.1.1/bits/stl_map.h:410:_ZNSt3mapINSt7__cxx1112basic_stringIcSt11char_traitsIcESaIcEEEN7testing8internal34TypeParameterizedTestSuiteRegistry30TypeParameterizedTestSuiteInfoESt4lessIS5_ESaISt4pairIKS5_S9_EEE3endEv	24	static
/usr/bin/../lib64/gcc/x86_64-pc-linux-gnu/16.1.1/../../../../include/c++/16.1.1/bits/stl_tree.h:396:_ZNKSt17_Rb_tree_iteratorISt4pairIKNSt7__cxx1112basic_stringIcSt11char_traitsIcESaIcEEEN7testing8internal34TypeParameterizedTestSuiteRegistry30TypeParameterizedTestSuiteInfoEEEptEv	24	static
googletest-src/googletest/src/gtest.cc:606:_ZN7testing8internal34TypeParameterizedTestSuiteRegistry22CheckForInstantiationsEv	472	static
/usr/bin/../lib64/gcc/x86_64-pc-linux-gnu/16.1.1/../../../../include/c++/16.1.1/bits/stl_map.h:392:_ZNSt3mapINSt7__cxx1112basic_stringIcSt11char_traitsIcESaIcEEEN7testing8internal34TypeParameterizedTestSuiteRegistry30TypeParameterizedTestSuiteInfoESt4lessIS5_ESaISt4pairIKS5_S9_EEE5beginEv	24	static
/usr/bin/../lib64/gcc/x86_64-pc-linux-gnu/16.1.1/../../../../include/c++/16.1.1/bits/stl_tree.h:392:_ZNKSt17_Rb_tree_iteratorISt4pairIKNSt7__cxx1112basic_stringIcSt11char_traitsIcESaIcEEEN7testing8internal34TypeParameterizedTestSuiteRegistry30TypeParameterizedTestSuiteInfoEEEdeEv	24	static
googletest-src/googletest/include/gtest/gtest.h:2299:_ZN7testing12RegisterTestITpTnRiJEZNS_8internal34TypeParameterizedTestSuiteRegistry22CheckForInstantiationsEvE3$_0EEPNS_8TestInfoEPKcS8_S8_S8_S8_iT0_	472	static
/usr/bin/../lib64/gcc/x86_64-pc-linux-gnu/16.1.1/../../../../include/c++/16.1.1/bits/stl_pair.h:315:_ZNSt4pairIKNSt7__cxx1112basic_stringIcSt11char_traitsIcESaIcEEEN7testing8internal34TypeParameterizedTestSuiteRegistry30TypeParameterizedTestSuiteInfoEEC2ERKSB_	56	static
googletest-src/googletest/src/gtest.cc:637:_ZZN7testing8internal34TypeParameterizedTestSuiteRegistry22CheckForInstantiationsEvEN3$_0D2Ev	24	static
/usr/bin/../lib64/gcc/x86_64-pc-linux-gnu/16.1.1/../../../../include/c++/16.1.1/bits/stl_tree.h:400:_ZNSt17_Rb_tree_iteratorISt4pairIKNSt7__cxx1112basic_stringIcSt11char_traitsIcESaIcEEEN7testing8internal34TypeParameterizedTestSuiteRegistry30TypeParameterizedTestSuiteInfoEEEppEv	24	static
googletest-src/googletest/src/gtest-all.cc:0:__cxx_global_var_init.154	8	static
googletest-src/googletest/src/gtest.cc:661:_ZN7testing8internal24GetCurrentExecutableNameEv	184	static
/usr/bin/../lib64/gcc/x86_64-pc-linux-gnu/16.1.1/../../../../include/c++/16.1.1/bits/stl_vector.h:1213:_ZNKSt6vectorINSt7__cxx1112basic_stringIcSt11char_traitsIcESaIcEEESaIS5_EE5emptyEv	88	static
googletest-src/googletest/src/gtest.cc:680:_ZN7testing8internal15UnitTestOptions15GetOutputFormatB5cxx11Ev	200	static
googletest-src/googletest/src/gtest.cc:693:_ZN7testing8internal15UnitTestOptions27GetAbsolutePathToOutputFileB5cxx11Ev	952	static
googletest-src/googletest/src/gtest.cc:5593:_ZNK7testing8UnitTest20original_working_dirEv	24	static
googletest-src/googletest/include/gtest/internal/gtest-filepath.h:84:_ZN7testing8internal8FilePathaSEOS1_	40	static
googletest-src/googletest/src/gtest.cc:876:_ZN7testing8internal15UnitTestOptions13MatchesFilterERKNSt7__cxx1112basic_stringIcSt11char_traitsIcESaIcEEEPKc	216	static
googletest-src/googletest/src/gtest.cc:788:_ZN7testing8internal12_GLOBAL__N_114UnitTestFilterC2ERKNSt7__cxx1112basic_stringIcSt11char_traitsIcESaIcEEE	456	static
googletest-src/googletest/src/gtest.cc:806:_ZNK7testing8internal12_GLOBAL__N_114UnitTestFilter11MatchesNameERKNSt7__cxx1112basic_stringIcSt11char_traitsIcESaIcEEE	104	static
googletest-src/googletest/src/gtest.cc:783:_ZN7testing8internal12_GLOBAL__N_114UnitTestFilterD2Ev	24	static
googletest-src/googletest/src/gtest.cc:883:_ZN7testing8internal15UnitTestOptions17FilterMatchesTestERKNSt7__cxx1112basic_stringIcSt11char_traitsIcESaIcEEES9_	232	static
googletest-src/googletest/src/gtest.cc:828:_ZN7testing8internal12_GLOBAL__N_133PositiveAndNegativeUnitTestFilterC2ERKNSt7__cxx1112basic_stringIcSt11char_traitsIcESaIcEEE	552	static
googletest-src/googletest/src/gtest.cc:858:_ZNK7testing8internal12_GLOBAL__N_133PositiveAndNegativeUnitTestFilter11MatchesTestERKNSt7__cxx1112basic_stringIcSt11char_traitsIcESaIcEEESA_	152	static
googletest-src/googletest/src/gtest.cc:821:_ZN7testing8internal12_GLOBAL__N_133PositiveAndNegativeUnitTestFilterD2Ev	24	static
googletest-src/googletest/src/gtest.cc:933:_ZN7testing32ScopedFakeTestPartResultReporterC2EPNS_19TestPartResultArrayE	56	static
googletest-src/googletest/src/gtest.cc:948:_ZN7testing32ScopedFakeTestPartResultReporter4InitEv	40	static
googletest-src/googletest/src/gtest.cc:942:_ZN7testing32ScopedFakeTestPartResultReporterC2ENS0_13InterceptModeEPNS_19TestPartResultArrayE	56	static
googletest-src/googletest/src/gtest.cc:1070:_ZN7testing8internal12UnitTestImpl31GetGlobalTestPartResultReporterEv	56	static
googletest-src/googletest/src/gtest.cc:1076:_ZN7testing8internal12UnitTestImpl31SetGlobalTestPartResultReporterEPNS_31TestPartResultReporterInterfaceE	56	static
googletest-src/googletest/src/gtest.cc:961:_ZN7testing32ScopedFakeTestPartResultReporterD2Ev	40	static
googletest-src/googletest/src/gtest.cc:961:_ZN7testing32ScopedFakeTestPartResultReporterD0Ev	24	static
googletest-src/googletest/src/gtest.cc:972:_ZN7testing32ScopedFakeTestPartResultReporter20ReportTestPartResultERKNS_14TestPartResultE	24	static
googletest-src/googletest/src/gtest.cc:988:_ZN7testing8internal13GetTestTypeIdEv	8	static
googletest-src/googletest/include/gtest/internal/gtest-internal.h:418:_ZN7testing8internal9GetTypeIdINS_4TestEEEPKvv	8	static
googletest-src/googletest/src/gtest-all.cc:0:__cxx_global_var_init.155	8	static
googletest-src/googletest/src/gtest.cc:1036:_ZN7testing8internal20SingleFailureCheckerC2EPKNS_19TestPartResultArrayENS_14TestPartResult4TypeERKNSt7__cxx1112basic_stringIcSt11char_traitsIcESaIcEEE	40	static
googletest-src/googletest/src/gtest.cc:1045:_ZN7testing8internal20SingleFailureCheckerD2Ev	88	static
googletest-src/googletest/src/gtest.cc:997:_ZN7testing8internalL13HasOneFailureEPKcS2_S2_RKNS_19TestPartResultArrayENS_14TestPartResult4TypeERKNSt7__cxx1112basic_stringIcSt11char_traitsIcESaIcEEE	440	static
googletest-src/googletest/include/gtest/gtest-assertion-result.h:187:_ZNK7testing15AssertionResult15failure_messageEv	24	static
googletest-src/googletest/src/gtest.cc:1049:_ZN7testing8internal35DefaultGlobalTestPartResultReporterC2EPNS0_12UnitTestImplE	40	static
googletest-src/googletest/src/gtest.cc:1053:_ZN7testing8internal35DefaultGlobalTestPartResultReporter20ReportTestPartResultERKNS_14TestPartResultE	40	static
googletest-src/googletest/src/gtest.cc:6340:_ZN7testing8internal12UnitTestImpl19current_test_resultEv	8	static
googletest-src/googletest/src/gtest.cc:2320:_ZN7testing10TestResult17AddTestPartResultERKNS_14TestPartResultE	24	static
googletest-src/googletest/src/gtest.cc:5188:_ZN7testing18TestEventListeners8repeaterEv	8	static
googletest-src/googletest/src/gtest.cc:1059:_ZN7testing8internal38DefaultPerThreadTestPartResultReporterC2EPNS0_12UnitTestImplE	40	static
googletest-src/googletest/src/gtest.cc:1063:_ZN7testing8internal38DefaultPerThreadTestPartResultReporter20ReportTestPartResultERKNS_14TestPartResultE	24	static
googletest-src/googletest/include/gtest/internal/gtest-port.h:1764:_ZN7testing8internal14GTestMutexLockC2EPNS0_9MutexBaseE	24	static
googletest-src/googletest/include/gtest/internal/gtest-port.h:1766:_ZN7testing8internal14GTestMutexLockD2Ev	24	static
googletest-src/googletest/include/gtest/internal/gtest-port.h:1815:_ZNK7testing8internal11ThreadLocalIPNS_31TestPartResultReporterInterfaceEE3getEv	24	static
googletest-src/googletest/include/gtest/internal/gtest-port.h:1816:_ZN7testing8internal11ThreadLocalIPNS_31TestPartResultReporterInterfaceEE3setERKS3_	40	static
googletest-src/googletest/src/gtest.cc:1095:_ZNK7testing8internal12UnitTestImpl27successful_test_suite_countEv	24	static
googletest-src/googletest/src/gtest-internal-inl.h:276:_ZN7testing8internal7CountIfISt6vectorIPNS_9TestSuiteESaIS4_EEPFbPKS3_EEEiRKT_T0_	104	static
googletest-src/googletest/src/gtest.cc:439:_ZN7testing8internalL15TestSuitePassedEPKNS_9TestSuiteE	24	static
googletest-src/googletest/src/gtest.cc:1100:_ZNK7testing8internal12UnitTestImpl23failed_test_suite_countEv	24	static
googletest-src/googletest/src/gtest.cc:444:_ZN7testing8internalL15TestSuiteFailedEPKNS_9TestSuiteE	24	static
googletest-src/googletest/src/gtest.cc:1105:_ZNK7testing8internal12UnitTestImpl22total_test_suite_countEv	24	static
/usr/bin/../lib64/gcc/x86_64-pc-linux-gnu/16.1.1/../../../../include/c++/16.1.1/bits/stl_vector.h:1107:_ZNKSt6vectorIPN7testing9TestSuiteESaIS2_EE4sizeEv	8	static
googletest-src/googletest/src/gtest.cc:1111:_ZNK7testing8internal12UnitTestImpl23test_suite_to_run_countEv	24	static
googletest-src/googletest/src/gtest.cc:450:_ZN7testing8internalL18ShouldRunTestSuiteEPKNS_9TestSuiteE	24	static
googletest-src/googletest/src/gtest.cc:1116:_ZNK7testing8internal12UnitTestImpl21successful_test_countEv	40	static
googletest-src/googletest/src/gtest.cc:429:_ZN7testing8internalL20SumOverTestSuiteListERKSt6vectorIPNS_9TestSuiteESaIS3_EEMS2_KFivE	104	static
googletest-src/googletest/src/gtest.cc:2919:_ZNK7testing9TestSuite21successful_test_countEv	24	static
googletest-src/googletest/src/gtest.cc:1121:_ZNK7testing8internal12UnitTestImpl18skipped_test_countEv	40	static
googletest-src/googletest/src/gtest.cc:2924:_ZNK7testing9TestSuite18skipped_test_countEv	24	static
googletest-src/googletest/src/gtest.cc:1126:_ZNK7testing8internal12UnitTestImpl17failed_test_countEv	40	static
googletest-src/googletest/src/gtest.cc:2929:_ZNK7testing9TestSuite17failed_test_countEv	24	static
googletest-src/googletest/src/gtest.cc:1131:_ZNK7testing8internal12UnitTestImpl30reportable_disabled_test_countEv	40	static
googletest-src/googletest/src/gtest.cc:2934:_ZNK7testing9TestSuite30reportable_disabled_test_countEv	24	static
googletest-src/googletest/src/gtest.cc:1137:_ZNK7testing8internal12UnitTestImpl19disabled_test_countEv	40	static
googletest-src/googletest/src/gtest.cc:2939:_ZNK7testing9TestSuite19disabled_test_countEv	24	static
googletest-src/googletest/src/gtest.cc:1142:_ZNK7testing8internal12UnitTestImpl21reportable_test_countEv	40	static
googletest-src/googletest/src/gtest.cc:2944:_ZNK7testing9TestSuite21reportable_test_countEv	24	static
googletest-src/googletest/src/gtest.cc:1147:_ZNK7testing8internal12UnitTestImpl16total_test_countEv	40	static
googletest-src/googletest/src/gtest.cc:2954:_ZNK7testing9TestSuite16total_test_countEv	24	static
googletest-src/googletest/src/gtest.cc:1152:_ZNK7testing8internal12UnitTestImpl17test_to_run_countEv	40	static
googletest-src/googletest/src/gtest.cc:2949:_ZNK7testing9TestSuite17test_to_run_countEv	24	static
googletest-src/googletest/src/gtest.cc:6327:_ZN7testing8internal12UnitTestImpl21os_stack_trace_getterEv	40	static
googletest-src/googletest/src/gtest.cc:1200:_ZN7testing8internal15GetTimeInMillisEv	104	static
/usr/bin/../lib64/gcc/x86_64-pc-linux-gnu/16.1.1/../../../../include/c++/16.1.1/bits/chrono.h:279:_ZNSt6chrono13duration_castINS_8durationIlSt5ratioILl1ELl1000EEEElS2_ILl1ELl1000000000EEEENSt9enable_ifIXsr13__is_durationIT_EE5valueES7_E4typeERKNS1_IT0_T1_EE	24	static
/usr/bin/../lib64/gcc/x86_64-pc-linux-gnu/16.1.1/../../../../include/c++/16.1.1/bits/chrono.h:1145:_ZNSt6chronomiINS_3_V212system_clockENS_8durationIlSt5ratioILl1ELl1000000000EEEES6_EENSt11common_typeIJT0_T1_EE4typeERKNS_10time_pointIT_S8_EERKNSC_ISD_S9_EE	72	static
/usr/bin/../lib64/gcc/x86_64-pc-linux-gnu/16.1.1/../../../../include/c++/16.1.1/bits/chrono.h:593:_ZNKSt6chrono8durationIlSt5ratioILl1ELl1000EEE5countEv	8	static
googletest-src/googletest/src/gtest.cc:1250:_ZN7testing8internal6String13CStringEqualsEPKcS3_	40	static
googletest-src/googletest/src/gtest.cc:6401:_ZN7testing8internal10AlwaysTrueEv	8	static
/usr/bin/../lib64/gcc/x86_64-pc-linux-gnu/16.1.1/../../../../include/c++/16.1.1/bits/basic_string.tcc:727:_ZNKSt7__cxx1112basic_stringIcSt11char_traitsIcESaIcEE4findEcm	104	static
/usr/bin/../lib64/gcc/x86_64-pc-linux-gnu/16.1.1/../../../../include/c++/16.1.1/bits/stl_vector.h:1423:_ZNSt6vectorINSt7__cxx1112basic_stringIcSt11char_traitsIcESaIcEEESaIS5_EE9push_backEOS5_	24	static
/usr/bin/../lib64/gcc/x86_64-pc-linux-gnu/16.1.1/../../../../include/c++/16.1.1/bits/stl_vector.h:1834:_ZNSt6vectorINSt7__cxx1112basic_stringIcSt11char_traitsIcESaIcEEESaIS5_EE4swapERS7_	104	static
googletest-src/googletest/src/gtest.cc:1301:_ZN7testing7MessageC2Ev	72	static
/usr/bin/../lib64/gcc/x86_64-pc-linux-gnu/16.1.1/../../../../include/c++/16.1.1/bits/unique_ptr.h:310:_ZNSt10unique_ptrINSt7__cxx1118basic_stringstreamIcSt11char_traitsIcESaIcEEESt14default_deleteIS5_EEC2IS7_vEEPS5_	24	static
/usr/bin/../lib64/gcc/x86_64-pc-linux-gnu/16.1.1/../../../../include/c++/16.1.1/bits/unique_ptr.h:445:_ZNKSt10unique_ptrINSt7__cxx1118basic_stringstreamIcSt11char_traitsIcESaIcEEESt14default_deleteIS5_EEdeEv	24	static
/usr/bin/../lib64/gcc/x86_64-pc-linux-gnu/16.1.1/../../../../include/c++/16.1.1/iomanip:207:_ZSt12setprecisioni	8	static
/usr/bin/../lib64/gcc/x86_64-pc-linux-gnu/16.1.1/../../../../include/c++/16.1.1/bits/unique_ptr.h:392:_ZNSt10unique_ptrINSt7__cxx1118basic_stringstreamIcSt11char_traitsIcESaIcEEESt14default_deleteIS5_EED2Ev	40	static
googletest-src/googletest/src/gtest.cc:1309:_ZN7testing7MessagelsEPKw	120	static
googletest-src/googletest/src/gtest.cc:2121:_ZN7testing8internal6String15ShowWideCStringB5cxx11EPKw	120	static
googletest-src/googletest/src/gtest.cc:1312:_ZN7testing7MessagelsEPw	120	static
googletest-src/googletest/src/gtest.cc:1319:_ZN7testing7MessagelsERKNSt7__cxx1112basic_stringIwSt11char_traitsIwESaIwEEE	40	static
googletest-src/googletest/src/gtest.cc:1262:_ZN7testing8internalL24StreamWideCharsToMessageEPKwmPNS_7MessageE	136	static
/usr/bin/../lib64/gcc/x86_64-pc-linux-gnu/16.1.1/../../../../include/c++/16.1.1/bits/basic_string.h:2897:_ZNKSt7__cxx1112basic_stringIwSt11char_traitsIwESaIwEE5c_strEv	24	static
/usr/bin/../lib64/gcc/x86_64-pc-linux-gnu/16.1.1/../../../../include/c++/16.1.1/bits/basic_string.h:1199:_ZNKSt7__cxx1112basic_stringIwSt11char_traitsIwESaIwEE6lengthEv	24	static
googletest-src/googletest/src/gtest.cc:2257:_ZN7testing8internal20StringStreamToStringEPNSt7__cxx1118basic_stringstreamIcSt11char_traitsIcESaIcEEE	168	static
/usr/bin/../lib64/gcc/x86_64-pc-linux-gnu/16.1.1/../../../../include/c++/16.1.1/bits/unique_ptr.h:471:_ZNKSt10unique_ptrINSt7__cxx1118basic_stringstreamIcSt11char_traitsIcESaIcEEESt14default_deleteIS5_EE3getEv	24	static
googletest-src/googletest/src/gtest.cc:1334:_ZN7testing8internal13edit_distance21CalculateOptimalEditsERKSt6vectorImSaImEES6_	536	static
/usr/bin/../lib64/gcc/x86_64-pc-linux-gnu/16.1.1/../../../../include/c++/16.1.1/bits/stl_vector.h:1107:_ZNKSt6vectorImSaImEE4sizeEv	8	static
/usr/bin/../lib64/gcc/x86_64-pc-linux-gnu/16.1.1/../../../../include/c++/16.1.1/bits/stl_vector.h:576:_ZNSt6vectorIdSaIdEEC2EmRKS0_	56	static
/usr/bin/../lib64/gcc/x86_64-pc-linux-gnu/16.1.1/../../../../include/c++/16.1.1/bits/stl_vector.h:589:_ZNSt6vectorIS_IdSaIdEESaIS1_EEC2EmRKS1_RKS2_	72	static
/usr/bin/../lib64/gcc/x86_64-pc-linux-gnu/16.1.1/../../../../include/c++/16.1.1/bits/stl_vector.h:790:_ZNSt6vectorIdSaIdEED2Ev	72	static
/usr/bin/../lib64/gcc/x86_64-pc-linux-gnu/16.1.1/../../../../include/c++/16.1.1/bits/stl_vector.h:576:_ZNSt6vectorIN7testing8internal13edit_distance8EditTypeESaIS3_EEC2EmRKS4_	56	static
/usr/bin/../lib64/gcc/x86_64-pc-linux-gnu/16.1.1/../../../../include/c++/16.1.1/bits/stl_vector.h:589:_ZNSt6vectorIS_IN7testing8internal13edit_distance8EditTypeESaIS3_EESaIS5_EEC2EmRKS5_RKS6_	72	static
/usr/bin/../lib64/gcc/x86_64-pc-linux-gnu/16.1.1/../../../../include/c++/16.1.1/bits/stl_vector.h:790:_ZNSt6vectorIN7testing8internal13edit_distance8EditTypeESaIS3_EED2Ev	72	static
/usr/bin/../lib64/gcc/x86_64-pc-linux-gnu/16.1.1/../../../../include/c++/16.1.1/bits/stl_vector.h:1107:_ZNKSt6vectorIS_IdSaIdEESaIS1_EE4sizeEv	8	static
/usr/bin/../lib64/gcc/x86_64-pc-linux-gnu/16.1.1/../../../../include/c++/16.1.1/bits/stl_vector.h:1251:_ZNSt6vectorIS_IdSaIdEESaIS1_EEixEm	40	static
/usr/bin/../lib64/gcc/x86_64-pc-linux-gnu/16.1.1/../../../../include/c++/16.1.1/bits/stl_vector.h:1251:_ZNSt6vectorIdSaIdEEixEm	40	static
/usr/bin/../lib64/gcc/x86_64-pc-linux-gnu/16.1.1/../../../../include/c++/16.1.1/bits/stl_vector.h:1251:_ZNSt6vectorIS_IN7testing8internal13edit_distance8EditTypeESaIS3_EESaIS5_EEixEm	40	static
/usr/bin/../lib64/gcc/x86_64-pc-linux-gnu/16.1.1/../../../../include/c++/16.1.1/bits/stl_vector.h:1251:_ZNSt6vectorIN7testing8internal13edit_distance8EditTypeESaIS3_EEixEm	40	static
/usr/bin/../lib64/gcc/x86_64-pc-linux-gnu/16.1.1/../../../../include/c++/16.1.1/bits/stl_vector.h:1107:_ZNKSt6vectorIdSaIdEE4sizeEv	8	static
/usr/bin/../lib64/gcc/x86_64-pc-linux-gnu/16.1.1/../../../../include/c++/16.1.1/bits/stl_vector.h:1270:_ZNKSt6vectorImSaImEEixEm	40	static
/usr/bin/../lib64/gcc/x86_64-pc-linux-gnu/16.1.1/../../../../include/c++/16.1.1/bits/stl_vector.h:551:_ZNSt6vectorIN7testing8internal13edit_distance8EditTypeESaIS3_EEC2Ev	24	static
/usr/bin/../lib64/gcc/x86_64-pc-linux-gnu/16.1.1/../../../../include/c++/16.1.1/bits/stl_vector.h:1406:_ZNSt6vectorIN7testing8internal13edit_distance8EditTypeESaIS3_EE9push_backERKS3_	88	static
/usr/bin/../lib64/gcc/x86_64-pc-linux-gnu/16.1.1/../../../../include/c++/16.1.1/bits/stl_algo.h:1061:_ZSt7reverseIN9__gnu_cxx17__normal_iteratorIPN7testing8internal13edit_distance8EditTypeESt6vectorIS5_SaIS5_EEEEEvT_SB_	72	static
/usr/bin/../lib64/gcc/x86_64-pc-linux-gnu/16.1.1/../../../../include/c++/16.1.1/bits/stl_vector.h:988:_ZNSt6vectorIN7testing8internal13edit_distance8EditTypeESaIS3_EE5beginEv	56	static
/usr/bin/../lib64/gcc/x86_64-pc-linux-gnu/16.1.1/../../../../include/c++/16.1.1/bits/stl_vector.h:1008:_ZNSt6vectorIN7testing8internal13edit_distance8EditTypeESaIS3_EE3endEv	56	static
/usr/bin/../lib64/gcc/x86_64-pc-linux-gnu/16.1.1/../../../../include/c++/16.1.1/bits/stl_vector.h:790:_ZNSt6vectorIS_IN7testing8internal13edit_distance8EditTypeESaIS3_EESaIS5_EED2Ev	72	static
/usr/bin/../lib64/gcc/x86_64-pc-linux-gnu/16.1.1/../../../../include/c++/16.1.1/bits/stl_vector.h:790:_ZNSt6vectorIS_IdSaIdEESaIS1_EED2Ev	72	static
googletest-src/googletest/src/gtest.cc:1410:_ZN7testing8internal13edit_distance21CalculateOptimalEditsERKSt6vectorINSt7__cxx1112basic_stringIcSt11char_traitsIcESaIcEEESaIS8_EESC_	248	static
/usr/bin/../lib64/gcc/x86_64-pc-linux-gnu/16.1.1/../../../../include/c++/16.1.1/bits/stl_vector.h:551:_ZNSt6vectorImSaImEEC2Ev	24	static
googletest-src/googletest/src/gtest.cc:1394:_ZN7testing8internal13edit_distance12_GLOBAL__N_115InternalStringsC2Ev	24	static
/usr/bin/../lib64/gcc/x86_64-pc-linux-gnu/16.1.1/../../../../include/c++/16.1.1/bits/stl_vector.h:1423:_ZNSt6vectorImSaImEE9push_backEOm	24	static
googletest-src/googletest/src/gtest.cc:1396:_ZN7testing8internal13edit_distance12_GLOBAL__N_115InternalStrings5GetIdERKNSt7__cxx1112basic_stringIcSt11char_traitsIcESaIcEEE	88	static
/usr/bin/../lib64/gcc/x86_64-pc-linux-gnu/16.1.1/../../../../include/c++/16.1.1/bits/stl_vector.h:1270:_ZNKSt6vectorINSt7__cxx1112basic_stringIcSt11char_traitsIcESaIcEEESaIS5_EEixEm	40	static
googletest-src/googletest/src/gtest.cc:1394:_ZN7testing8internal13edit_distance12_GLOBAL__N_115InternalStringsD2Ev	24	static
/usr/bin/../lib64/gcc/x86_64-pc-linux-gnu/16.1.1/../../../../include/c++/16.1.1/bits/stl_vector.h:790:_ZNSt6vectorImSaImEED2Ev	72	static
googletest-src/googletest/src/gtest.cc:1509:_ZN7testing8internal13edit_distance17CreateUnifiedDiffERKSt6vectorINSt7__cxx1112basic_stringIcSt11char_traitsIcESaIcEEESaIS8_EESC_m	952	static
/usr/bin/../lib64/gcc/x86_64-pc-linux-gnu/16.1.1/../../../../include/c++/16.1.1/bits/stl_vector.h:1107:_ZNKSt6vectorIN7testing8internal13edit_distance8EditTypeESaIS3_EE4sizeEv	8	static
/usr/bin/../lib64/gcc/x86_64-pc-linux-gnu/16.1.1/../../../../include/c++/16.1.1/bits/stl_vector.h:1270:_ZNKSt6vectorIN7testing8internal13edit_distance8EditTypeESaIS3_EEixEm	40	static
/usr/bin/../lib64/gcc/x86_64-pc-linux-gnu/16.1.1/../../../../include/c++/16.1.1/bits/stl_algobase.h:232:_ZSt3minImERKT_S2_S2_	8	static
googletest-src/googletest/src/gtest.cc:1434:_ZN7testing8internal13edit_distance12_GLOBAL__N_14HunkC2Emm	40	static
googletest-src/googletest/src/gtest.cc:1441:_ZN7testing8internal13edit_distance12_GLOBAL__N_14Hunk8PushLineEcPKc	152	static
/usr/bin/../lib64/gcc/x86_64-pc-linux-gnu/16.1.1/../../../../include/c++/16.1.1/bits/stl_vector.h:998:_ZNKSt6vectorIN7testing8internal13edit_distance8EditTypeESaIS3_EE5beginEv	56	static
/usr/bin/../lib64/gcc/x86_64-pc-linux-gnu/16.1.1/../../../../include/c++/16.1.1/bits/stl_vector.h:1018:_ZNKSt6vectorIN7testing8internal13edit_distance8EditTypeESaIS3_EE3endEv	56	static
googletest-src/googletest/src/gtest.cc:1469:_ZNK7testing8internal13edit_distance12_GLOBAL__N_14Hunk9has_editsEv	8	static
googletest-src/googletest/src/gtest.cc:1459:_ZN7testing8internal13edit_distance12_GLOBAL__N_14Hunk7PrintToEPSo	88	static
googletest-src/googletest/src/gtest.cc:1432:_ZN7testing8internal13edit_distance12_GLOBAL__N_14HunkD2Ev	24	static
googletest-src/googletest/src/gtest.cc:1619:_ZN7testing8internal9EqFailureEPKcS2_RKNSt7__cxx1112basic_stringIcSt11char_traitsIcESaIcEEESA_b	280	static
/usr/bin/../lib64/gcc/x86_64-pc-linux-gnu/16.1.1/../../../../include/c++/16.1.1/bits/basic_string.h:4205:_ZStneIcSt11char_traitsIcESaIcEEbRKNSt7__cxx1112basic_stringIT_T0_T1_EEPKS5_	24	static
googletest-src/googletest/include/gtest/gtest-message.h:132:_ZN7testing7MessagelsIA16_cEERS0_RKT_	40	static
googletest-src/googletest/src/gtest.cc:1579:_ZN7testing8internal12_GLOBAL__N_118SplitEscapedStringERKNSt7__cxx1112basic_stringIcSt11char_traitsIcESaIcEEE	184	static
googletest-src/googletest/include/gtest/gtest-assertion-result.h:183:_ZNK7testing15AssertionResult7messageEv	40	static
googletest-src/googletest/include/gtest/gtest-message.h:132:_ZN7testing7MessagelsIA11_cEERS0_RKT_	40	static
googletest-src/googletest/src/gtest.cc:1667:_ZN7testing8internal20DoubleNearPredFormatEPKcS2_S2_ddd	552	static
/usr/bin/../lib64/gcc/x86_64-pc-linux-gnu/16.1.1/../../../../include/c++/16.1.1/cmath:1163:_ZSt5isinfd	8	static
/usr/bin/../lib64/gcc/x86_64-pc-linux-gnu/16.1.1/../../../../include/c++/16.1.1/cmath:1236:_ZSt7signbitd	8	static
/usr/bin/../lib64/gcc/x86_64-pc-linux-gnu/16.1.1/../../../../include/c++/16.1.1/bits/stl_algobase.h:232:_ZSt3minIdERKT_S2_S2_	8	static
/usr/bin/../lib64/gcc/x86_64-pc-linux-gnu/16.1.1/../../../../include/c++/16.1.1/limits:1797:_ZNSt14numeric_limitsIdE8infinityEv	8	static
/usr/bin/../lib64/gcc/x86_64-pc-linux-gnu/16.1.1/../../../../include/c++/16.1.1/cmath:1190:_ZSt5isnand	8	static
googletest-src/googletest/include/gtest/gtest-assertion-result.h:191:_ZN7testing15AssertionResultlsIA24_cEERS0_RKT_	88	static
googletest-src/googletest/include/gtest/gtest-assertion-result.h:191:_ZN7testing15AssertionResultlsIPKcEERS0_RKT_	88	static
googletest-src/googletest/include/gtest/gtest-assertion-result.h:191:_ZN7testing15AssertionResultlsIA6_cEERS0_RKT_	88	static
googletest-src/googletest/include/gtest/gtest-assertion-result.h:191:_ZN7testing15AssertionResultlsIA5_cEERS0_RKT_	88	static
googletest-src/googletest/include/gtest/gtest-assertion-result.h:191:_ZN7testing15AssertionResultlsIdEERS0_RKT_	88	static
googletest-src/googletest/include/gtest/gtest-assertion-result.h:191:_ZN7testing15AssertionResultlsIA9_cEERS0_RKT_	88	static
googletest-src/googletest/include/gtest/gtest-assertion-result.h:191:_ZN7testing15AssertionResultlsIA15_cEERS0_RKT_	88	static
googletest-src/googletest/include/gtest/gtest-assertion-result.h:191:_ZN7testing15AssertionResultlsIA3_cEERS0_RKT_	88	static
googletest-src/googletest/include/gtest/gtest-assertion-result.h:191:_ZN7testing15AssertionResultlsIA27_cEERS0_RKT_	88	static
googletest-src/googletest/include/gtest/gtest-assertion-result.h:191:_ZN7testing15AssertionResultlsIA100_cEERS0_RKT_	88	static
googletest-src/googletest/include/gtest/gtest-assertion-result.h:191:_ZN7testing15AssertionResultlsIA106_cEERS0_RKT_	88	static
googletest-src/googletest/include/gtest/gtest-assertion-result.h:191:_ZN7testing15AssertionResultlsIA17_cEERS0_RKT_	88	static
googletest-src/googletest/include/gtest/gtest-assertion-result.h:191:_ZN7testing15AssertionResultlsIA7_cEERS0_RKT_	88	static
googletest-src/googletest/include/gtest/gtest-assertion-result.h:191:_ZN7testing15AssertionResultlsIA2_cEERS0_RKT_	88	static
googletest-src/googletest/src/gtest.cc:1755:_ZN7testing7FloatLEEPKcS1_ff	56	static
googletest-src/googletest/src/gtest.cc:1720:_ZN7testing8internal15FloatingPointLEIfEENS_15AssertionResultEPKcS4_T_S5_	1080	static
googletest-src/googletest/src/gtest.cc:1762:_ZN7testing8DoubleLEEPKcS1_dd	56	static
googletest-src/googletest/src/gtest.cc:1720:_ZN7testing8internal15FloatingPointLEIdEENS_15AssertionResultEPKcS4_T_S5_	1096	static
googletest-src/googletest/src/gtest.cc:1770:_ZN7testing8internal14CmpHelperSTREQEPKcS2_S2_S2_	184	static
googletest-src/googletest/include/gtest/gtest-printers.h:1223:_ZN7testing13PrintToStringIPKcEENSt7__cxx1112basic_stringIcSt11char_traitsIcESaIcEEERKT_	488	static
googletest-src/googletest/src/gtest.cc:1782:_ZN7testing8internal18CmpHelperSTRCASEEQEPKcS2_S2_S2_	184	static
googletest-src/googletest/src/gtest.cc:2172:_ZN7testing8internal6String28CaseInsensitiveCStringEqualsEPKcS3_	40	static
googletest-src/googletest/src/gtest.cc:1794:_ZN7testing8internal14CmpHelperSTRNEEPKcS2_S2_S2_	200	static
googletest-src/googletest/include/gtest/gtest-assertion-result.h:191:_ZN7testing15AssertionResultlsIA12_cEERS0_RKT_	88	static
googletest-src/googletest/include/gtest/gtest-assertion-result.h:191:_ZN7testing15AssertionResultlsIA13_cEERS0_RKT_	88	static
googletest-src/googletest/src/gtest.cc:1807:_ZN7testing8internal18CmpHelperSTRCASENEEPKcS2_S2_S2_	200	static
[...]
/usr/bin/../lib64/gcc/x86_64-pc-linux-gnu/16.1.1/../../../../include/c++/16.1.1/bits/hashtable_policy.h:1484:_ZNKSt8__detail15_Hashtable_baseINSt7__cxx1112basic_stringIcSt11char_traitsIcESaIcEEESt4pairIKS6_PN7testing9TestSuiteEENS_10_Select1stESt8equal_toIS6_ESt4hashIS6_ENS_18_Mod_range_hashingENS_20_Default_ranged_hashENS_17_Hashtable_traitsILb1ELb0ELb1EEEE5_M_eqEv	8	static
/usr/bin/../lib64/gcc/x86_64-pc-linux-gnu/16.1.1/../../../../include/c++/16.1.1/bits/hashtable_policy.h:109:_ZNKSt8__detail10_Select1stclIRKSt4pairIKNSt7__cxx1112basic_stringIcSt11char_traitsIcESaIcEEEPN7testing9TestSuiteEEEEONS0_10__1st_typeIT_E4typeEOSH_	8	static
/usr/bin/../lib64/gcc/x86_64-pc-linux-gnu/16.1.1/../../../../include/c++/16.1.1/ext/aligned_buffer.h:123:_ZNK9__gnu_cxx16__aligned_bufferISt4pairIKNSt7__cxx1112basic_stringIcSt11char_traitsIcESaIcEEEPN7testing9TestSuiteEEE6_M_ptrEv	24	static
/usr/bin/../lib64/gcc/x86_64-pc-linux-gnu/16.1.1/../../../../include/c++/16.1.1/ext/aligned_buffer.h:113:_ZNK9__gnu_cxx16__aligned_bufferISt4pairIKNSt7__cxx1112basic_stringIcSt11char_traitsIcESaIcEEEPN7testing9TestSuiteEEE7_M_addrEv	8	static
/usr/bin/../lib64/gcc/x86_64-pc-linux-gnu/16.1.1/../../../../include/c++/16.1.1/bits/hashtable_policy.h:1113:_ZNKSt8__detail15_Hash_code_baseINSt7__cxx1112basic_stringIcSt11char_traitsIcESaIcEEESt4pairIKS6_PN7testing9TestSuiteEENS_10_Select1stESt4hashIS6_ENS_18_Mod_range_hashingENS_20_Default_ranged_hashELb1EE15_M_bucket_indexEmm	56	static
/usr/bin/../lib64/gcc/x86_64-pc-linux-gnu/16.1.1/../../../../include/c++/16.1.1/bits/hashtable_policy.h:1460:_ZNKSt8__detail15_Hashtable_baseINSt7__cxx1112basic_stringIcSt11char_traitsIcESaIcEEESt4pairIKS6_PN7testing9TestSuiteEENS_10_Select1stESt8equal_toIS6_ESt4hashIS6_ENS_18_Mod_range_hashingENS_20_Default_ranged_hashENS_17_Hashtable_traitsILb1ELb0ELb1EEEE12_M_equals_trIS6_EEbRKT_mRKNS_16_Hash_node_valueISC_Lb1EEE	56	static
/usr/bin/../lib64/gcc/x86_64-pc-linux-gnu/16.1.1/../../../../include/c++/16.1.1/bits/hashtable.h:816:_ZNKSt10_HashtableINSt7__cxx1112basic_stringIcSt11char_traitsIcESaIcEEESt4pairIKS5_PN7testing9TestSuiteEESaISB_ENSt8__detail10_Select1stESt8equal_toIS5_ESt4hashIS5_ENSD_18_Mod_range_hashingENSD_20_Default_ranged_hashENSD_20_Prime_rehash_policyENSD_17_Hashtable_traitsILb1ELb0ELb1EEEE15_M_bucket_indexERKNSD_16_Hash_node_valueISB_Lb1EEE	24	static
/usr/bin/../lib64/gcc/x86_64-pc-linux-gnu/16.1.1/../../../../include/c++/16.1.1/bits/hashtable_policy.h:1126:_ZNKSt8__detail15_Hash_code_baseINSt7__cxx1112basic_stringIcSt11char_traitsIcESaIcEEESt4pairIKS6_PN7testing9TestSuiteEENS_10_Select1stESt4hashIS6_ENS_18_Mod_range_hashingENS_20_Default_ranged_hashELb1EE15_M_bucket_indexERKNS_16_Hash_node_valueISC_Lb1EEEm	56	static
/usr/bin/../lib64/gcc/x86_64-pc-linux-gnu/16.1.1/../../../../include/c++/16.1.1/bits/hashtable_policy.h:422:_ZNSt8__detail14_Node_iteratorISt4pairIKNSt7__cxx1112basic_stringIcSt11char_traitsIcESaIcEEEPN7testing9TestSuiteEELb0ELb1EEC2EPNS_10_Hash_nodeISC_Lb1EEE	24	static
/usr/bin/../lib64/gcc/x86_64-pc-linux-gnu/16.1.1/../../../../include/c++/16.1.1/bits/hashtable_policy.h:379:_ZNSt8__detail19_Node_iterator_baseISt4pairIKNSt7__cxx1112basic_stringIcSt11char_traitsIcESaIcEEEPN7testing9TestSuiteEELb1EEC2EPNS_10_Hash_nodeISC_Lb1EEE	8	static
/usr/bin/../lib64/gcc/x86_64-pc-linux-gnu/16.1.1/../../../../include/c++/16.1.1/bits/hashtable.h:648:_ZNSt10_HashtableINSt7__cxx1112basic_stringIcSt11char_traitsIcESaIcEEESt4pairIKS5_PN7testing9TestSuiteEESaISB_ENSt8__detail10_Select1stESt8equal_toIS5_ESt4hashIS5_ENSD_18_Mod_range_hashingENSD_20_Default_ranged_hashENSD_20_Prime_rehash_policyENSD_17_Hashtable_traitsILb1ELb0ELb1EEEE3endEv	40	static
/usr/bin/../lib64/gcc/x86_64-pc-linux-gnu/16.1.1/../../../../include/c++/16.1.1/bits/hashtable_policy.h:453:_ZNSt8__detaileqERKNS_14_Node_iteratorISt4pairIKNSt7__cxx1112basic_stringIcSt11char_traitsIcESaIcEEEPN7testing9TestSuiteEELb0ELb1EEESF_	40	static
/usr/bin/../lib64/gcc/x86_64-pc-linux-gnu/16.1.1/../../../../include/c++/16.1.1/bits/hashtable_policy.h:387:_ZNSt8__detaileqERKNS_19_Node_iterator_baseISt4pairIKNSt7__cxx1112basic_stringIcSt11char_traitsIcESaIcEEEPN7testing9TestSuiteEELb1EEESF_	8	static
/usr/bin/../lib64/gcc/x86_64-pc-linux-gnu/16.1.1/../../../../include/c++/16.1.1/bits/hashtable.h:1047:_ZNSt10_HashtableINSt7__cxx1112basic_stringIcSt11char_traitsIcESaIcEEESt4pairIKS5_PN7testing9TestSuiteEESaISB_ENSt8__detail10_Select1stESt8equal_toIS5_ESt4hashIS5_ENSD_18_Mod_range_hashingENSD_20_Default_ranged_hashENSD_20_Prime_rehash_policyENSD_17_Hashtable_traitsILb1ELb0ELb1EEEE7emplaceIJRS7_RKSA_EEES6_INSD_14_Node_iteratorISB_Lb0ELb1EEEbEDpOT_	88	static
/usr/bin/../lib64/gcc/x86_64-pc-linux-gnu/16.1.1/../../../../include/c++/16.1.1/bits/hashtable.h:2338:_ZNSt10_HashtableINSt7__cxx1112basic_stringIcSt11char_traitsIcESaIcEEESt4pairIKS5_PN7testing9TestSuiteEESaISB_ENSt8__detail10_Select1stESt8equal_toIS5_ESt4hashIS5_ENSD_18_Mod_range_hashingENSD_20_Default_ranged_hashENSD_20_Prime_rehash_policyENSD_17_Hashtable_traitsILb1ELb0ELb1EEEE15_M_emplace_uniqIJRS7_RKSA_EEES6_INSD_14_Node_iteratorISB_Lb0ELb1EEEbEDpOT_	296	static
/usr/bin/../lib64/gcc/x86_64-pc-linux-gnu/16.1.1/../../../../include/c++/16.1.1/bits/stl_pair.h:775:_ZNSt4pairIRKNSt7__cxx1112basic_stringIcSt11char_traitsIcESaIcEEERKPN7testing9TestSuiteEEC2IS7_SC_TnNSt9enable_ifIXaaclsr5_PCCPE18_ConstructiblePairIT_T0_EEclsr5_PCCPE26_ImplicitlyConvertiblePairISG_SH_EEEbE4typeELb1EEES7_SC_	8	static
/usr/bin/../lib64/gcc/x86_64-pc-linux-gnu/16.1.1/../../../../include/c++/16.1.1/bits/hashtable_policy.h:109:_ZNKSt8__detail10_Select1stclIRSt4pairIRKNSt7__cxx1112basic_stringIcSt11char_traitsIcESaIcEEERKPN7testing9TestSuiteEEEEONS0_10__1st_typeIT_E4typeEOSJ_	8	static
/usr/bin/../lib64/gcc/x86_64-pc-linux-gnu/16.1.1/../../../../include/c++/16.1.1/bits/hashtable.h:298:_ZNSt10_HashtableINSt7__cxx1112basic_stringIcSt11char_traitsIcESaIcEEESt4pairIKS5_PN7testing9TestSuiteEESaISB_ENSt8__detail10_Select1stESt8equal_toIS5_ESt4hashIS5_ENSD_18_Mod_range_hashingENSD_20_Default_ranged_hashENSD_20_Prime_rehash_policyENSD_17_Hashtable_traitsILb1ELb0ELb1EEEE12_Scoped_nodeC2EPNSD_10_Hash_nodeISB_Lb1EEEPNSD_16_Hashtable_allocISaISR_EEE	8	static
/usr/bin/../lib64/gcc/x86_64-pc-linux-gnu/16.1.1/../../../../include/c++/16.1.1/bits/hashtable_policy.h:1566:_ZNSt8__detail16_Hashtable_allocISaINS_10_Hash_nodeISt4pairIKNSt7__cxx1112basic_stringIcSt11char_traitsIcESaIcEEEPN7testing9TestSuiteEELb1EEEEE16_M_allocate_nodeIJRS9_RKSC_EEEPSE_DpOT_	200	static
/usr/bin/../lib64/gcc/x86_64-pc-linux-gnu/16.1.1/../../../../include/c++/16.1.1/bits/hashtable_policy.h:109:_ZNKSt8__detail10_Select1stclIRSt4pairIKNSt7__cxx1112basic_stringIcSt11char_traitsIcESaIcEEEPN7testing9TestSuiteEEEEONS0_10__1st_typeIT_E4typeEOSG_	8	static
/usr/bin/../lib64/gcc/x86_64-pc-linux-gnu/16.1.1/../../../../include/c++/16.1.1/bits/hashtable.h:876:_ZNKSt10_HashtableINSt7__cxx1112basic_stringIcSt11char_traitsIcESaIcEEESt4pairIKS5_PN7testing9TestSuiteEESaISB_ENSt8__detail10_Select1stESt8equal_toIS5_ESt4hashIS5_ENSD_18_Mod_range_hashingENSD_20_Default_ranged_hashENSD_20_Prime_rehash_policyENSD_17_Hashtable_traitsILb1ELb0ELb1EEEE15__location_typecvbEv	8	static
/usr/bin/../lib64/gcc/x86_64-pc-linux-gnu/16.1.1/../../../../include/c++/16.1.1/bits/stl_pair.h:904:_ZNSt4pairINSt8__detail14_Node_iteratorIS_IKNSt7__cxx1112basic_stringIcSt11char_traitsIcESaIcEEEPN7testing9TestSuiteEELb0ELb1EEEbEC2ISD_bTnNSt9enable_ifIXaaclsr5_PCCPE22_MoveConstructiblePairIT_T0_EEclsr5_PCCPE30_ImplicitlyMoveConvertiblePairISH_SI_EEEbE4typeELb1EEEOSH_OSI_	8	static
/usr/bin/../lib64/gcc/x86_64-pc-linux-gnu/16.1.1/../../../../include/c++/16.1.1/bits/hashtable.h:2492:_ZNSt10_HashtableINSt7__cxx1112basic_stringIcSt11char_traitsIcESaIcEEESt4pairIKS5_PN7testing9TestSuiteEESaISB_ENSt8__detail10_Select1stESt8equal_toIS5_ESt4hashIS5_ENSD_18_Mod_range_hashingENSD_20_Default_ranged_hashENSD_20_Prime_rehash_policyENSD_17_Hashtable_traitsILb1ELb0ELb1EEEE21_M_insert_unique_nodeEmmPNSD_10_Hash_nodeISB_Lb1EEEm	168	static
/usr/bin/../lib64/gcc/x86_64-pc-linux-gnu/16.1.1/../../../../include/c++/16.1.1/bits/stl_pair.h:904:_ZNSt4pairINSt8__detail14_Node_iteratorIS_IKNSt7__cxx1112basic_stringIcSt11char_traitsIcESaIcEEEPN7testing9TestSuiteEELb0ELb1EEEbEC2IRSD_bTnNSt9enable_ifIXaaclsr5_PCCPE22_MoveConstructiblePairIT_T0_EEclsr5_PCCPE30_ImplicitlyMoveConvertiblePairISI_SJ_EEEbE4typeELb1EEEOSI_OSJ_	8	static
/usr/bin/../lib64/gcc/x86_64-pc-linux-gnu/16.1.1/../../../../include/c++/16.1.1/bits/hashtable.h:309:_ZNSt10_HashtableINSt7__cxx1112basic_stringIcSt11char_traitsIcESaIcEEESt4pairIKS5_PN7testing9TestSuiteEESaISB_ENSt8__detail10_Select1stESt8equal_toIS5_ESt4hashIS5_ENSD_18_Mod_range_hashingENSD_20_Default_ranged_hashENSD_20_Prime_rehash_policyENSD_17_Hashtable_traitsILb1ELb0ELb1EEEE12_Scoped_nodeD2Ev	24	static
/usr/bin/../lib64/gcc/x86_64-pc-linux-gnu/16.1.1/../../../../include/c++/16.1.1/bits/hashtable_policy.h:361:_ZNSt8__detail10_Hash_nodeISt4pairIKNSt7__cxx1112basic_stringIcSt11char_traitsIcESaIcEEEPN7testing9TestSuiteEELb1EEC2Ev	24	static
/usr/bin/../lib64/gcc/x86_64-pc-linux-gnu/16.1.1/../../../../include/c++/16.1.1/bits/new_allocator.h:129:_ZNSt15__new_allocatorINSt8__detail10_Hash_nodeISt4pairIKNSt7__cxx1112basic_stringIcSt11char_traitsIcESaIcEEEPN7testing9TestSuiteEELb1EEEE8allocateEmPKv	40	static
/usr/bin/../lib64/gcc/x86_64-pc-linux-gnu/16.1.1/../../../../include/c++/16.1.1/bits/stl_pair.h:775:_ZNSt4pairIKNSt7__cxx1112basic_stringIcSt11char_traitsIcESaIcEEEPN7testing9TestSuiteEEC2IS6_S9_TnNSt9enable_ifIXaaclsr5_PCCPE18_ConstructiblePairIT_T0_EEclsr5_PCCPE26_ImplicitlyConvertiblePairISD_SE_EEEbE4typeELb1EEERS6_RKS9_	40	static
/usr/bin/../lib64/gcc/x86_64-pc-linux-gnu/16.1.1/../../../../include/c++/16.1.1/bits/hashtable.h:2817:_ZNSt10_HashtableINSt7__cxx1112basic_stringIcSt11char_traitsIcESaIcEEESt4pairIKS5_PN7testing9TestSuiteEESaISB_ENSt8__detail10_Select1stESt8equal_toIS5_ESt4hashIS5_ENSD_18_Mod_range_hashingENSD_20_Default_ranged_hashENSD_20_Prime_rehash_policyENSD_17_Hashtable_traitsILb1ELb0ELb1EEEE9_M_rehashEmSt17integral_constantIbLb1EE	88	static
/usr/bin/../lib64/gcc/x86_64-pc-linux-gnu/16.1.1/../../../../include/c++/16.1.1/bits/hashtable.h:852:_ZNKSt10_HashtableINSt7__cxx1112basic_stringIcSt11char_traitsIcESaIcEEESt4pairIKS5_PN7testing9TestSuiteEESaISB_ENSt8__detail10_Select1stESt8equal_toIS5_ESt4hashIS5_ENSD_18_Mod_range_hashingENSD_20_Default_ranged_hashENSD_20_Prime_rehash_policyENSD_17_Hashtable_traitsILb1ELb0ELb1EEEE13_M_store_codeERNSD_16_Hash_node_valueISB_Lb1EEEm	8	static
/usr/bin/../lib64/gcc/x86_64-pc-linux-gnu/16.1.1/../../../../include/c++/16.1.1/bits/hashtable.h:944:_ZNSt10_HashtableINSt7__cxx1112basic_stringIcSt11char_traitsIcESaIcEEESt4pairIKS5_PN7testing9TestSuiteEESaISB_ENSt8__detail10_Select1stESt8equal_toIS5_ESt4hashIS5_ENSD_18_Mod_range_hashingENSD_20_Default_ranged_hashENSD_20_Prime_rehash_policyENSD_17_Hashtable_traitsILb1ELb0ELb1EEEE22_M_insert_bucket_beginEmPNSD_10_Hash_nodeISB_Lb1EEE	56	static
/usr/bin/../lib64/gcc/x86_64-pc-linux-gnu/16.1.1/../../../../include/c++/16.1.1/bits/hashtable.h:405:_ZNSt10_HashtableINSt7__cxx1112basic_stringIcSt11char_traitsIcESaIcEEESt4pairIKS5_PN7testing9TestSuiteEESaISB_ENSt8__detail10_Select1stESt8equal_toIS5_ESt4hashIS5_ENSD_18_Mod_range_hashingENSD_20_Default_ranged_hashENSD_20_Prime_rehash_policyENSD_17_Hashtable_traitsILb1ELb0ELb1EEEE19_M_allocate_bucketsEm	40	static
/usr/bin/../lib64/gcc/x86_64-pc-linux-gnu/16.1.1/../../../../include/c++/16.1.1/bits/hashtable_policy.h:1619:_ZNSt8__detail16_Hashtable_allocISaINS_10_Hash_nodeISt4pairIKNSt7__cxx1112basic_stringIcSt11char_traitsIcESaIcEEEPN7testing9TestSuiteEELb1EEEEE19_M_allocate_bucketsEm	168	static
/usr/bin/../lib64/gcc/x86_64-pc-linux-gnu/16.1.1/../../../../include/c++/16.1.1/bits/stl_vector.h:1069:_ZNKSt6vectorIPN7testing9TestSuiteESaIS2_EE6cbeginEv	56	static
/usr/bin/../lib64/gcc/x86_64-pc-linux-gnu/16.1.1/../../../../include/c++/16.1.1/bits/stl_vector.h:2124:_ZNSt6vectorIPN7testing9TestSuiteESaIS2_EE16_Temporary_valueC2IJRKS2_EEEPS4_DpOT_	104	static
/usr/bin/../lib64/gcc/x86_64-pc-linux-gnu/16.1.1/../../../../include/c++/16.1.1/bits/vector.tcc:425:_ZNSt6vectorIPN7testing9TestSuiteESaIS2_EE13_M_insert_auxIS2_EEvN9__gnu_cxx17__normal_iteratorIPS2_S4_EEOT_	232	static
/usr/bin/../lib64/gcc/x86_64-pc-linux-gnu/16.1.1/../../../../include/c++/16.1.1/bits/stl_vector.h:2135:_ZNSt6vectorIPN7testing9TestSuiteESaIS2_EE16_Temporary_value6_M_valEv	8	static
/usr/bin/../lib64/gcc/x86_64-pc-linux-gnu/16.1.1/../../../../include/c++/16.1.1/bits/stl_vector.h:2131:_ZNSt6vectorIPN7testing9TestSuiteESaIS2_EE16_Temporary_valueD2Ev	72	static
/usr/bin/../lib64/gcc/x86_64-pc-linux-gnu/16.1.1/../../../../include/c++/16.1.1/bits/vector.tcc:459:_ZNSt6vectorIPN7testing9TestSuiteESaIS2_EE17_M_realloc_insertIJRKS2_EEEvN9__gnu_cxx17__normal_iteratorIPS2_S4_EEDpOT_	296	static
/usr/bin/../lib64/gcc/x86_64-pc-linux-gnu/16.1.1/../../../../include/c++/16.1.1/bits/stl_vector.h:2143:_ZNSt6vectorIPN7testing9TestSuiteESaIS2_EE16_Temporary_value8_StorageC2Ev	8	static
/usr/bin/../lib64/gcc/x86_64-pc-linux-gnu/16.1.1/../../../../include/c++/16.1.1/bits/stl_vector.h:2139:_ZNSt6vectorIPN7testing9TestSuiteESaIS2_EE16_Temporary_value6_M_ptrEv	8	static
/usr/bin/../lib64/gcc/x86_64-pc-linux-gnu/16.1.1/../../../../include/c++/16.1.1/bits/cpp_type_traits.h:709:_ZSt12__miter_baseIPPN7testing9TestSuiteEET_S4_	8	static
/usr/bin/../lib64/gcc/x86_64-pc-linux-gnu/16.1.1/../../../../include/c++/16.1.1/bits/stl_algobase.h:686:_ZSt23__copy_move_backward_a2ILb1EPPN7testing9TestSuiteES3_ET1_T0_S5_S4_	152	static
/usr/bin/../lib64/gcc/x86_64-pc-linux-gnu/16.1.1/../../../../include/c++/16.1.1/bits/stl_iterator_base_funcs.h:226:_ZSt9__advanceIPPN7testing9TestSuiteElEvRT_T0_St26random_access_iterator_tag	8	static
/usr/bin/../lib64/gcc/x86_64-pc-linux-gnu/16.1.1/../../../../include/c++/16.1.1/bits/stl_vector.h:2144:_ZNSt6vectorIPN7testing9TestSuiteESaIS2_EE16_Temporary_value8_StorageD2Ev	8	static
/usr/bin/../lib64/gcc/x86_64-pc-linux-gnu/16.1.1/../../../../include/c++/16.1.1/bits/stl_vector.h:2192:_ZNKSt6vectorIPN7testing9TestSuiteESaIS2_EE12_M_check_lenEmPKc	120	static
/usr/bin/../lib64/gcc/x86_64-pc-linux-gnu/16.1.1/../../../../include/c++/16.1.1/bits/stl_vector.h:386:_ZNSt12_Vector_baseIPN7testing9TestSuiteESaIS2_EE11_M_allocateEm	56	static
/usr/bin/../lib64/gcc/x86_64-pc-linux-gnu/16.1.1/../../../../include/c++/16.1.1/bits/stl_vector.h:1865:_ZNSt6vectorIPN7testing9TestSuiteESaIS2_EE12_Guard_allocC2EPS2_mRSt12_Vector_baseIS2_S3_E	8	static
/usr/bin/../lib64/gcc/x86_64-pc-linux-gnu/16.1.1/../../../../include/c++/16.1.1/bits/stl_uninitialized.h:1404:_ZSt12__relocate_aIPPN7testing9TestSuiteES3_SaIS2_EET0_T_S6_S5_RT1_	72	static
/usr/bin/../lib64/gcc/x86_64-pc-linux-gnu/16.1.1/../../../../include/c++/16.1.1/bits/stl_vector.h:1870:_ZNSt6vectorIPN7testing9TestSuiteESaIS2_EE12_Guard_allocD2Ev	24	static
/usr/bin/../lib64/gcc/x86_64-pc-linux-gnu/16.1.1/../../../../include/c++/16.1.1/bits/stl_vector.h:1118:_ZNKSt6vectorIPN7testing9TestSuiteESaIS2_EE8max_sizeEv	24	static
/usr/bin/../lib64/gcc/x86_64-pc-linux-gnu/16.1.1/../../../../include/c++/16.1.1/bits/stl_vector.h:2212:_ZNSt6vectorIPN7testing9TestSuiteESaIS2_EE11_S_max_sizeERKS3_	72	static
/usr/bin/../lib64/gcc/x86_64-pc-linux-gnu/16.1.1/../../../../include/c++/16.1.1/bits/stl_vector.h:312:_ZNKSt12_Vector_baseIPN7testing9TestSuiteESaIS2_EE19_M_get_Tp_allocatorEv	8	static
/usr/bin/../lib64/gcc/x86_64-pc-linux-gnu/16.1.1/../../../../include/c++/16.1.1/bits/new_allocator.h:129:_ZNSt15__new_allocatorIPN7testing9TestSuiteEE8allocateEmPKv	40	static
/usr/bin/../lib64/gcc/x86_64-pc-linux-gnu/16.1.1/../../../../include/c++/16.1.1/bits/stl_uninitialized.h:1377:_ZSt14__relocate_a_1IPN7testing9TestSuiteES2_ENSt9enable_ifIXsr3std24__is_bitwise_relocatableIT_EE5valueEPS4_E4typeES5_S5_S5_RSaIT0_E	56	static
/usr/bin/../lib64/gcc/x86_64-pc-linux-gnu/16.1.1/../../../../include/c++/16.1.1/bits/vector.tcc:566:_ZNSt6vectorIPN7testing9TestSuiteESaIS2_EE17_M_realloc_appendIJRKS2_EEEvDpOT_	200	static
/usr/bin/../lib64/gcc/x86_64-pc-linux-gnu/16.1.1/../../../../include/c++/16.1.1/bits/stl_vector.h:1008:_ZNSt6vectorIPN7testing11EnvironmentESaIS2_EE3endEv	56	static
/usr/bin/../lib64/gcc/x86_64-pc-linux-gnu/16.1.1/../../../../include/c++/16.1.1/bits/stl_iterator.h:190:_ZNSt16reverse_iteratorIN9__gnu_cxx17__normal_iteratorIPPN7testing11EnvironmentESt6vectorIS4_SaIS4_EEEEEC2ES9_	40	static
/usr/bin/../lib64/gcc/x86_64-pc-linux-gnu/16.1.1/../../../../include/c++/16.1.1/bits/stl_vector.h:988:_ZNSt6vectorIPN7testing11EnvironmentESaIS2_EE5beginEv	56	static
/usr/bin/../lib64/gcc/x86_64-pc-linux-gnu/16.1.1/../../../../include/c++/16.1.1/bits/stl_iterator.h:457:_ZStneIN9__gnu_cxx17__normal_iteratorIPPN7testing11EnvironmentESt6vectorIS4_SaIS4_EEEEEbRKSt16reverse_iteratorIT_ESE_	24	static
/usr/bin/../lib64/gcc/x86_64-pc-linux-gnu/16.1.1/../../../../include/c++/16.1.1/bits/stl_iterator.h:259:_ZNKSt16reverse_iteratorIN9__gnu_cxx17__normal_iteratorIPPN7testing11EnvironmentESt6vectorIS4_SaIS4_EEEEEdeEv	56	static
/usr/bin/../lib64/gcc/x86_64-pc-linux-gnu/16.1.1/../../../../include/c++/16.1.1/bits/stl_iterator.h:291:_ZNSt16reverse_iteratorIN9__gnu_cxx17__normal_iteratorIPPN7testing11EnvironmentESt6vectorIS4_SaIS4_EEEEEppEv	8	static
/usr/bin/../lib64/gcc/x86_64-pc-linux-gnu/16.1.1/../../../../include/c++/16.1.1/bits/stl_iterator.h:443:_ZSteqIN9__gnu_cxx17__normal_iteratorIPPN7testing11EnvironmentESt6vectorIS4_SaIS4_EEEEEbRKSt16reverse_iteratorIT_ESE_	88	static
/usr/bin/../lib64/gcc/x86_64-pc-linux-gnu/16.1.1/../../../../include/c++/16.1.1/bits/stl_iterator.h:243:_ZNKSt16reverse_iteratorIN9__gnu_cxx17__normal_iteratorIPPN7testing11EnvironmentESt6vectorIS4_SaIS4_EEEEE4baseEv	40	static
/usr/bin/../lib64/gcc/x86_64-pc-linux-gnu/16.1.1/../../../../include/c++/16.1.1/bits/stl_vector.h:2229:_ZNSt6vectorIPN7testing11EnvironmentESaIS2_EE15_M_erase_at_endEPS2_	88	static
/usr/bin/../lib64/gcc/x86_64-pc-linux-gnu/16.1.1/../../../../include/c++/16.1.1/bits/move.h:230:_ZSt4swapIiENSt9enable_ifIXsr6__and_ISt6__not_ISt15__is_tuple_likeIT_EESt21is_move_constructibleIS3_ESt18is_move_assignableIS3_EEE5valueEvE4typeERS3_SC_	8	static
googletest-src/googletest/include/gtest/gtest-message.h:242:_ZN7testing8internal18StreamableToStringIPcEENSt7__cxx1112basic_stringIcSt11char_traitsIcESaIcEEERKT_	104	static
googletest-src/googletest/src/gtest.cc:6663:_ZN7testing8internalL19ParseGoogleTestFlagEPKc	376	static
googletest-src/googletest/src/gtest.cc:6498:_ZN7testing8internalL9ParseFlagINSt7__cxx1112basic_stringIcSt11char_traitsIcESaIcEEEEEbPKcS9_PT_	56	static
googletest-src/googletest/src/gtest.cc:6698:_ZN7testing8internalL17LoadFlagsFromFileERKNSt7__cxx1112basic_stringIcSt11char_traitsIcESaIcEEE	184	static
googletest-src/googletest/src/gtest.cc:6516:_ZN7testing8internalL23HasGoogleTestFlagPrefixEPKc	40	static
googletest-src/googletest/src/gtest.cc:6533:_ZN7testing8internalL17PrintColorEncodedEPKc	152	static
googletest-src/googletest/include/gtest/gtest-message.h:181:_ZN7testing7MessagelsIcEERS0_RKPT_	40	static
googletest-src/googletest/src/gtest.cc:6465:_ZN7testing8internalL9ParseFlagEPKcS2_Pb	56	static
googletest-src/googletest/include/gtest/gtest-message.h:242:_ZN7testing8internal18StreamableToStringIPwEENSt7__cxx1112basic_stringIcSt11char_traitsIcESaIcEEERKT_	104	static
/usr/bin/../lib64/gcc/x86_64-pc-linux-gnu/16.1.1/../../../../include/c++/16.1.1/bits/stl_vector.h:1853:_ZNSt6vectorINSt7__cxx1112basic_stringIcSt11char_traitsIcESaIcEEESaIS5_EE5clearEv	24	static
/usr/bin/../lib64/gcc/x86_64-pc-linux-gnu/16.1.1/../../../../include/c++/16.1.1/bits/stl_vector.h:2229:_ZNSt6vectorINSt7__cxx1112basic_stringIcSt11char_traitsIcESaIcEEESaIS5_EE15_M_erase_at_endEPS5_	88	static
googletest-src/googletest/src/gtest-all.cc:0:_GLOBAL__sub_I_gtest_all.cc	8	static
