tests/sha3.cc:12:_Z8from_hexRKNSt7__cxx1112basic_stringIcSt11char_traitsIcESaIcEEE	168	static
/usr/bin/../lib64/gcc/x86_64-pc-linux-gnu/16.1.1/../../../../include/c++/16.1.1/bits/basic_string.h:1199:_ZNKSt7__cxx1112basic_stringIcSt11char_traitsIcESaIcEE6lengthEv	24	static
/usr/bin/../lib64/gcc/x86_64-pc-linux-gnu/16.1.1/../../../../include/c++/16.1.1/bits/stl_vector.h:576:_ZNSt6vectorIhSaIhEEC2EmRKS0_	56	static
/usr/bin/../lib64/gcc/x86_64-pc-linux-gnu/16.1.1/../../../../include/c++/16.1.1/bits/basic_string.h:3465:_ZNKSt7__cxx1112basic_stringIcSt11char_traitsIcESaIcEE6substrEmm	72	static
/usr/bin/../lib64/gcc/x86_64-pc-linux-gnu/16.1.1/../../../../include/c++/16.1.1/bits/basic_string.h:2897:_ZNKSt7__cxx1112basic_stringIcSt11char_traitsIcESaIcEE5c_strEv	24	static
/usr/bin/../lib64/gcc/x86_64-pc-linux-gnu/16.1.1/../../../../include/c++/16.1.1/bits/stl_vector.h:1251:_ZNSt6vectorIhSaIhEEixEm	40	static
/usr/bin/../lib64/gcc/x86_64-pc-linux-gnu/16.1.1/../../../../include/c++/16.1.1/bits/basic_string.h:919:_ZNSt7__cxx1112basic_stringIcSt11char_traitsIcESaIcEED2Ev	24	static
/usr/bin/../lib64/gcc/x86_64-pc-linux-gnu/16.1.1/../../../../include/c++/16.1.1/bits/stl_vector.h:790:_ZNSt6vectorIhSaIhEED2Ev	72	static
tests/sha3.cc:27:_Z12bytes_to_hexB5cxx11RKSt6vectorIhSaIhEE	600	static
/usr/bin/../lib64/gcc/x86_64-pc-linux-gnu/16.1.1/../../../../include/c++/16.1.1/bits/ios_base.h:705:_ZNSt8ios_base5flagsESt13_Ios_Fmtflags	8	static
/usr/bin/../lib64/gcc/x86_64-pc-linux-gnu/16.1.1/../../../../include/c++/16.1.1/bits/stl_vector.h:998:_ZNKSt6vectorIhSaIhEE5beginEv	56	static
/usr/bin/../lib64/gcc/x86_64-pc-linux-gnu/16.1.1/../../../../include/c++/16.1.1/bits/stl_vector.h:1018:_ZNKSt6vectorIhSaIhEE3endEv	56	static
/usr/bin/../lib64/gcc/x86_64-pc-linux-gnu/16.1.1/../../../../include/c++/16.1.1/iomanip:237:_ZSt4setwi	8	static
/usr/bin/../lib64/gcc/x86_64-pc-linux-gnu/16.1.1/../../../../include/c++/16.1.1/iomanip:175:_ZSt7setfillIcESt8_SetfillIT_ES1_	8	static
tests/sha3.cc:0:__cxx_global_var_init	280	static
/usr/bin/../lib64/gcc/x86_64-pc-linux-gnu/16.1.1/../../../../include/c++/16.1.1/bits/basic_string.h:730:_ZNSt7__cxx1112basic_stringIcSt11char_traitsIcESaIcEEC2IS3_EEPKcRKS3_	88	static
_deps/googletest-src/googletest/include/gtest/internal/gtest-internal.h:477:_ZN7testing8internal12CodeLocationC2ENSt7__cxx1112basic_stringIcSt11char_traitsIcESaIcEEEi	40	static
_deps/googletest-src/googletest/include/gtest/internal/gtest-internal.h:505:_ZN7testing8internal16SuiteApiResolverINS_4TestEE19GetSetUpCaseOrSuiteEPKci	152	static
_deps/googletest-src/googletest/include/gtest/internal/gtest-internal.h:526:_ZN7testing8internal16SuiteApiResolverINS_4TestEE22GetTearDownCaseOrSuiteEPKci	136	static
_deps/googletest-src/googletest/include/gtest/internal/gtest-internal.h:454:_ZN7testing8internal15TestFactoryImplI29Sha3Test_ConsistencyTest_TestEC2Ev	24	static
_deps/googletest-src/googletest/include/gtest/internal/gtest-internal.h:476:_ZN7testing8internal12CodeLocationD2Ev	24	static
tests/sha3.cc:36:_ZN29Sha3Test_ConsistencyTest_Test8TestBodyEv	280	static
libcrux_sha3_portable.h:3982:_ZL19libcrux_sha3_sha25626Eurydice_borrow_slice_u8_s	88	static
_deps/googletest-src/googletest/include/gtest/gtest.h:1410:_ZN7testing8internal8EqHelper7CompareIiiTnPNSt9enable_ifIXoontsr3std11is_integralIT_EE5valuentsr3std10is_pointerIT0_EE5valueEvE4typeELPv0EEENS_15AssertionResultEPKcSC_RKS4_RKS5_	56	static
/usr/bin/../lib64/gcc/x86_64-pc-linux-gnu/16.1.1/../../../../include/c++/16.1.1/bits/stl_vector.h:1385:_ZNSt6vectorIhSaIhEE4dataEv	24	static
_deps/googletest-src/googletest/include/gtest/gtest-assertion-result.h:174:_ZNK7testing15AssertionResultcvbEv	8	static
_deps/googletest-src/googletest/include/gtest/gtest-assertion-result.h:187:_ZNK7testing15AssertionResult15failure_messageEv	24	static
_deps/googletest-src/googletest/include/gtest/gtest-message.h:101:_ZN7testing7MessageD2Ev	24	static
_deps/googletest-src/googletest/include/gtest/gtest-assertion-result.h:133:_ZN7testing15AssertionResultD2Ev	24	static
tests/sha3.cc:36:_ZN29Sha3Test_ConsistencyTest_TestD2Ev	24	static
tests/sha3.cc:36:_ZN29Sha3Test_ConsistencyTest_TestD0Ev	24	static
_deps/googletest-src/googletest/include/gtest/gtest.h:356:_ZN7testing4Test5SetupEv	8	static
/usr/bin/../lib64/gcc/x86_64-pc-linux-gnu/16.1.1/../../../../include/c++/16.1.1/bits/basic_string.h:766:_ZNSt7__cxx1112basic_stringIcSt11char_traitsIcESaIcEEC2EOS4_	120	static
/usr/bin/../lib64/gcc/x86_64-pc-linux-gnu/16.1.1/../../../../include/c++/16.1.1/bits/basic_string.h:242:_ZNSt7__cxx1112basic_stringIcSt11char_traitsIcESaIcEE13_M_local_dataEv	24	static
/home/jonas/wt/libcrux/wip/combined_extraction/c-header-only/tests/sha3.cc:__clang_call_terminate	8	static
/usr/bin/../lib64/gcc/x86_64-pc-linux-gnu/16.1.1/../../../../include/c++/16.1.1/bits/basic_string.h:363:_ZNSt7__cxx1112basic_stringIcSt11char_traitsIcESaIcEE16_M_get_allocatorEv	8	static
/usr/bin/../lib64/gcc/x86_64-pc-linux-gnu/16.1.1/../../../../include/c++/16.1.1/bits/basic_string.h:207:_ZNSt7__cxx1112basic_stringIcSt11char_traitsIcESaIcEE12_Alloc_hiderC2EPcOS3_	8	static
/usr/bin/../lib64/gcc/x86_64-pc-linux-gnu/16.1.1/../../../../include/c++/16.1.1/bits/basic_string.h:277:_ZNKSt7__cxx1112basic_stringIcSt11char_traitsIcESaIcEE11_M_is_localEv	40	static
/usr/bin/../lib64/gcc/x86_64-pc-linux-gnu/16.1.1/../../../../include/c++/16.1.1/bits/char_traits.h:424:_ZNSt11char_traitsIcE4copyEPcPKcm	56	static
/usr/bin/../lib64/gcc/x86_64-pc-linux-gnu/16.1.1/../../../../include/c++/16.1.1/bits/basic_string.h:227:_ZNSt7__cxx1112basic_stringIcSt11char_traitsIcESaIcEE7_M_dataEPc	8	static
/usr/bin/../lib64/gcc/x86_64-pc-linux-gnu/16.1.1/../../../../include/c++/16.1.1/bits/basic_string.h:237:_ZNKSt7__cxx1112basic_stringIcSt11char_traitsIcESaIcEE7_M_dataEv	8	static
/usr/bin/../lib64/gcc/x86_64-pc-linux-gnu/16.1.1/../../../../include/c++/16.1.1/bits/basic_string.h:264:_ZNSt7__cxx1112basic_stringIcSt11char_traitsIcESaIcEE11_M_capacityEm	8	static
/usr/bin/../lib64/gcc/x86_64-pc-linux-gnu/16.1.1/../../../../include/c++/16.1.1/bits/basic_string.h:232:_ZNSt7__cxx1112basic_stringIcSt11char_traitsIcESaIcEE9_M_lengthEm	8	static
/usr/bin/../lib64/gcc/x86_64-pc-linux-gnu/16.1.1/../../../../include/c++/16.1.1/bits/basic_string.h:269:_ZNSt7__cxx1112basic_stringIcSt11char_traitsIcESaIcEE13_M_set_lengthEm	56	static
/usr/bin/../lib64/gcc/x86_64-pc-linux-gnu/16.1.1/../../../../include/c++/16.1.1/bits/ptr_traits.h:134:_ZNSt19__ptr_traits_ptr_toIPccLb0EE10pointer_toERc	8	static
/usr/bin/../lib64/gcc/x86_64-pc-linux-gnu/16.1.1/../../../../include/c++/16.1.1/bits/basic_string.h:253:_ZNKSt7__cxx1112basic_stringIcSt11char_traitsIcESaIcEE13_M_local_dataEv	24	static
/usr/bin/../lib64/gcc/x86_64-pc-linux-gnu/16.1.1/../../../../include/c++/16.1.1/bits/ptr_traits.h:134:_ZNSt19__ptr_traits_ptr_toIPKcS0_Lb0EE10pointer_toERS0_	8	static
/usr/bin/../lib64/gcc/x86_64-pc-linux-gnu/16.1.1/../../../../include/c++/16.1.1/bits/char_traits.h:348:_ZNSt11char_traitsIcE6assignERcRKc	8	static
_deps/googletest-src/googletest/include/gtest/internal/gtest-internal.h:444:_ZN7testing8internal15TestFactoryBaseC2Ev	8	static
_deps/googletest-src/googletest/include/gtest/internal/gtest-internal.h:454:_ZN7testing8internal15TestFactoryImplI29Sha3Test_ConsistencyTest_TestED2Ev	24	static
_deps/googletest-src/googletest/include/gtest/internal/gtest-internal.h:454:_ZN7testing8internal15TestFactoryImplI29Sha3Test_ConsistencyTest_TestED0Ev	24	static
_deps/googletest-src/googletest/include/gtest/internal/gtest-internal.h:456:_ZN7testing8internal15TestFactoryImplI29Sha3Test_ConsistencyTest_TestE10CreateTestEv	40	static
_deps/googletest-src/googletest/include/gtest/internal/gtest-internal.h:437:_ZN7testing8internal15TestFactoryBaseD2Ev	8	static
_deps/googletest-src/googletest/include/gtest/internal/gtest-internal.h:437:_ZN7testing8internal15TestFactoryBaseD0Ev	8	static
tests/sha3.cc:36:_ZN29Sha3Test_ConsistencyTest_TestC2Ev	24	static
libcrux_sha3_portable.h:3974:_ZL23libcrux_sha3_sha256_ema30Eurydice_mut_borrow_slice_u8_s26Eurydice_borrow_slice_u8_s	152	static
combined_core.h:2682:_ZL30Eurydice_array_to_slice_mut_01P17Eurydice_arr_ec_s	8	static
libcrux_sha3_portable.h:3257:_ZL48libcrux_sha3_generic_keccak_portable_keccak1_22026Eurydice_borrow_slice_u8_s30Eurydice_mut_borrow_slice_u8_s	28600	static
libcrux_sha3_portable.h:2278:_ZL40libcrux_sha3_simd_portable_squeeze_9b_b2PK17Eurydice_arr_7c_s30Eurydice_mut_borrow_slice_u8_smm	440	static
libcrux_sha3_portable.h:2192:_ZL43libcrux_sha3_simd_portable_load_block_a1_b2P17Eurydice_arr_7c_sPK17Eurydice_arr_dc_sm	504	static
combined_core.h:3059:_ZL33Eurydice_slice_subslice_shared_c826Eurydice_borrow_slice_u8_s25core_ops_range_Range_87_s	8	static
combined_core.h:2998:_ZL24core_result_unwrap_26_e023core_result_Result_8e_s	72	static
eurydice_glue.h:235:_ZL28core_num__u64__from_le_bytes21Eurydice_array_u8x8_s	40	static
/usr/include/bits/uintn-identity.h:45:_ZL17__uint64_identitym	8	static
karamel/krml/lowstar_endianness.h:176:_ZL6load64Ph	40	static
libcrux_sha3_portable.h:3217:_ZL43libcrux_sha3_simd_portable_load_last_a1_220P17Eurydice_arr_7c_sPK17Eurydice_arr_dc_smm	840	static
combined_core.h:2925:_ZL34Eurydice_array_to_subslice_mut_d42P17Eurydice_arr_ff_s25core_ops_range_Range_87_s	8	static
combined_core.h:2910:_ZL33Eurydice_array_to_slice_shared_58PK17Eurydice_arr_ff_s	8	static
eurydice_glue.h:229:_ZL26core_num__u64__to_le_bytesm	40	static
combined_core.h:2895:_ZL30Eurydice_slice_subslice_mut_c830Eurydice_mut_borrow_slice_u8_s25core_ops_range_Range_87_s	8	static
combined_core.h:2881:_ZL33Eurydice_array_to_slice_shared_6ePK21Eurydice_array_u8x8_s	8	static
combined_core.h:2866:_ZL39Eurydice_array_to_subslice_to_shared_21PK21Eurydice_array_u8x8_sm	8	static
karamel/krml/lowstar_endianness.h:186:_ZL7store64Phm	40	static
libcrux_sha3_portable.h:308:_ZL39libcrux_sha3_generic_keccak_index_c2_71PK17Eurydice_arr_7c_s11size_t_x2_s	8	static
eurydice_glue.h:387:_ZL26core_num__u64__rotate_leftmj	8	static
libcrux_sha3_portable.h:418:_ZL37libcrux_sha3_generic_keccak_set_80_71P17Eurydice_arr_7c_smmm	8	static
_deps/googletest-src/googletest/include/gtest/gtest-assertion-result.h:183:_ZNK7testing15AssertionResult7messageEv	40	static
/usr/bin/../lib64/gcc/x86_64-pc-linux-gnu/16.1.1/../../../../include/c++/16.1.1/bits/unique_ptr.h:879:_ZStneINSt7__cxx1112basic_stringIcSt11char_traitsIcESaIcEEESt14default_deleteIS5_EEbRKSt10unique_ptrIT_T0_EDn	24	static
/usr/bin/../lib64/gcc/x86_64-pc-linux-gnu/16.1.1/../../../../include/c++/16.1.1/bits/unique_ptr.h:462:_ZNKSt10unique_ptrINSt7__cxx1112basic_stringIcSt11char_traitsIcESaIcEEESt14default_deleteIS5_EEptEv	24	static
/usr/bin/../lib64/gcc/x86_64-pc-linux-gnu/16.1.1/../../../../include/c++/16.1.1/bits/unique_ptr.h:488:_ZNKSt10unique_ptrINSt7__cxx1112basic_stringIcSt11char_traitsIcESaIcEEESt14default_deleteIS5_EEcvbEv	24	static
/usr/bin/../lib64/gcc/x86_64-pc-linux-gnu/16.1.1/../../../../include/c++/16.1.1/bits/unique_ptr.h:471:_ZNKSt10unique_ptrINSt7__cxx1112basic_stringIcSt11char_traitsIcESaIcEEESt14default_deleteIS5_EE3getEv	24	static
/usr/bin/../lib64/gcc/x86_64-pc-linux-gnu/16.1.1/../../../../include/c++/16.1.1/bits/unique_ptr.h:192:_ZNKSt15__uniq_ptr_implINSt7__cxx1112basic_stringIcSt11char_traitsIcESaIcEEESt14default_deleteIS5_EE6_M_ptrEv	24	static
/usr/bin/../lib64/gcc/x86_64-pc-linux-gnu/16.1.1/../../../../include/c++/16.1.1/tuple:2505:_ZSt3getILm0EJPNSt7__cxx1112basic_stringIcSt11char_traitsIcESaIcEEESt14default_deleteIS5_EEERKNSt13tuple_elementIXT_ESt5tupleIJDpT0_EEE4typeERKSD_	24	static
/usr/bin/../lib64/gcc/x86_64-pc-linux-gnu/16.1.1/../../../../include/c++/16.1.1/tuple:2488:_ZSt12__get_helperILm0EPNSt7__cxx1112basic_stringIcSt11char_traitsIcESaIcEEEJSt14default_deleteIS5_EEERKT0_RKSt11_Tuple_implIXT_EJS9_DpT1_EE	24	static
/usr/bin/../lib64/gcc/x86_64-pc-linux-gnu/16.1.1/../../../../include/c++/16.1.1/tuple:294:_ZNSt11_Tuple_implILm0EJPNSt7__cxx1112basic_stringIcSt11char_traitsIcESaIcEEESt14default_deleteIS5_EEE7_M_headERKS9_	24	static
/usr/bin/../lib64/gcc/x86_64-pc-linux-gnu/16.1.1/../../../../include/c++/16.1.1/tuple:249:_ZNSt10_Head_baseILm0EPNSt7__cxx1112basic_stringIcSt11char_traitsIcESaIcEEELb0EE7_M_headERKS7_	8	static
/usr/bin/../lib64/gcc/x86_64-pc-linux-gnu/16.1.1/../../../../include/c++/16.1.1/bits/unique_ptr.h:392:_ZNSt10unique_ptrINSt7__cxx1118basic_stringstreamIcSt11char_traitsIcESaIcEEESt14default_deleteIS5_EED2Ev	40	static
/usr/bin/../lib64/gcc/x86_64-pc-linux-gnu/16.1.1/../../../../include/c++/16.1.1/bits/unique_ptr.h:190:_ZNSt15__uniq_ptr_implINSt7__cxx1118basic_stringstreamIcSt11char_traitsIcESaIcEEESt14default_deleteIS5_EE6_M_ptrEv	24	static
/usr/bin/../lib64/gcc/x86_64-pc-linux-gnu/16.1.1/../../../../include/c++/16.1.1/bits/unique_ptr.h:477:_ZNSt10unique_ptrINSt7__cxx1118basic_stringstreamIcSt11char_traitsIcESaIcEEESt14default_deleteIS5_EE11get_deleterEv	24	static
/usr/bin/../lib64/gcc/x86_64-pc-linux-gnu/16.1.1/../../../../include/c++/16.1.1/bits/unique_ptr.h:86:_ZNKSt14default_deleteINSt7__cxx1118basic_stringstreamIcSt11char_traitsIcESaIcEEEEclEPS5_	40	static
/usr/bin/../lib64/gcc/x86_64-pc-linux-gnu/16.1.1/../../../../include/c++/16.1.1/tuple:2499:_ZSt3getILm0EJPNSt7__cxx1118basic_stringstreamIcSt11char_traitsIcESaIcEEESt14default_deleteIS5_EEERNSt13tuple_elementIXT_ESt5tupleIJDpT0_EEE4typeERSD_	24	static
/usr/bin/../lib64/gcc/x86_64-pc-linux-gnu/16.1.1/../../../../include/c++/16.1.1/tuple:2483:_ZSt12__get_helperILm0EPNSt7__cxx1118basic_stringstreamIcSt11char_traitsIcESaIcEEEJSt14default_deleteIS5_EEERT0_RSt11_Tuple_implIXT_EJS9_DpT1_EE	24	static
/usr/bin/../lib64/gcc/x86_64-pc-linux-gnu/16.1.1/../../../../include/c++/16.1.1/tuple:291:_ZNSt11_Tuple_implILm0EJPNSt7__cxx1118basic_stringstreamIcSt11char_traitsIcESaIcEEESt14default_deleteIS5_EEE7_M_headERS9_	24	static
/usr/bin/../lib64/gcc/x86_64-pc-linux-gnu/16.1.1/../../../../include/c++/16.1.1/tuple:246:_ZNSt10_Head_baseILm0EPNSt7__cxx1118basic_stringstreamIcSt11char_traitsIcESaIcEEELb0EE7_M_headERS7_	8	static
/usr/bin/../lib64/gcc/x86_64-pc-linux-gnu/16.1.1/../../../../include/c++/16.1.1/bits/unique_ptr.h:194:_ZNSt15__uniq_ptr_implINSt7__cxx1118basic_stringstreamIcSt11char_traitsIcESaIcEEESt14default_deleteIS5_EE10_M_deleterEv	24	static
/usr/bin/../lib64/gcc/x86_64-pc-linux-gnu/16.1.1/../../../../include/c++/16.1.1/tuple:2499:_ZSt3getILm1EJPNSt7__cxx1118basic_stringstreamIcSt11char_traitsIcESaIcEEESt14default_deleteIS5_EEERNSt13tuple_elementIXT_ESt5tupleIJDpT0_EEE4typeERSD_	24	static
/usr/bin/../lib64/gcc/x86_64-pc-linux-gnu/16.1.1/../../../../include/c++/16.1.1/tuple:2483:_ZSt12__get_helperILm1ESt14default_deleteINSt7__cxx1118basic_stringstreamIcSt11char_traitsIcESaIcEEEEJEERT0_RSt11_Tuple_implIXT_EJS8_DpT1_EE	24	static
/usr/bin/../lib64/gcc/x86_64-pc-linux-gnu/16.1.1/../../../../include/c++/16.1.1/tuple:554:_ZNSt11_Tuple_implILm1EJSt14default_deleteINSt7__cxx1118basic_stringstreamIcSt11char_traitsIcESaIcEEEEEE7_M_headERS8_	24	static
/usr/bin/../lib64/gcc/x86_64-pc-linux-gnu/16.1.1/../../../../include/c++/16.1.1/tuple:137:_ZNSt10_Head_baseILm1ESt14default_deleteINSt7__cxx1118basic_stringstreamIcSt11char_traitsIcESaIcEEEELb1EE7_M_headERS8_	8	static
/usr/bin/../lib64/gcc/x86_64-pc-linux-gnu/16.1.1/../../../../include/c++/16.1.1/bits/unique_ptr.h:392:_ZNSt10unique_ptrINSt7__cxx1112basic_stringIcSt11char_traitsIcESaIcEEESt14default_deleteIS5_EED2Ev	40	static
/usr/bin/../lib64/gcc/x86_64-pc-linux-gnu/16.1.1/../../../../include/c++/16.1.1/bits/unique_ptr.h:190:_ZNSt15__uniq_ptr_implINSt7__cxx1112basic_stringIcSt11char_traitsIcESaIcEEESt14default_deleteIS5_EE6_M_ptrEv	24	static
/usr/bin/../lib64/gcc/x86_64-pc-linux-gnu/16.1.1/../../../../include/c++/16.1.1/bits/unique_ptr.h:477:_ZNSt10unique_ptrINSt7__cxx1112basic_stringIcSt11char_traitsIcESaIcEEESt14default_deleteIS5_EE11get_deleterEv	24	static
/usr/bin/../lib64/gcc/x86_64-pc-linux-gnu/16.1.1/../../../../include/c++/16.1.1/bits/unique_ptr.h:86:_ZNKSt14default_deleteINSt7__cxx1112basic_stringIcSt11char_traitsIcESaIcEEEEclEPS5_	40	static
/usr/bin/../lib64/gcc/x86_64-pc-linux-gnu/16.1.1/../../../../include/c++/16.1.1/tuple:2499:_ZSt3getILm0EJPNSt7__cxx1112basic_stringIcSt11char_traitsIcESaIcEEESt14default_deleteIS5_EEERNSt13tuple_elementIXT_ESt5tupleIJDpT0_EEE4typeERSD_	24	static
/usr/bin/../lib64/gcc/x86_64-pc-linux-gnu/16.1.1/../../../../include/c++/16.1.1/tuple:2483:_ZSt12__get_helperILm0EPNSt7__cxx1112basic_stringIcSt11char_traitsIcESaIcEEEJSt14default_deleteIS5_EEERT0_RSt11_Tuple_implIXT_EJS9_DpT1_EE	24	static
/usr/bin/../lib64/gcc/x86_64-pc-linux-gnu/16.1.1/../../../../include/c++/16.1.1/tuple:291:_ZNSt11_Tuple_implILm0EJPNSt7__cxx1112basic_stringIcSt11char_traitsIcESaIcEEESt14default_deleteIS5_EEE7_M_headERS9_	24	static
/usr/bin/../lib64/gcc/x86_64-pc-linux-gnu/16.1.1/../../../../include/c++/16.1.1/tuple:246:_ZNSt10_Head_baseILm0EPNSt7__cxx1112basic_stringIcSt11char_traitsIcESaIcEEELb0EE7_M_headERS7_	8	static
/usr/bin/../lib64/gcc/x86_64-pc-linux-gnu/16.1.1/../../../../include/c++/16.1.1/bits/unique_ptr.h:194:_ZNSt15__uniq_ptr_implINSt7__cxx1112basic_stringIcSt11char_traitsIcESaIcEEESt14default_deleteIS5_EE10_M_deleterEv	24	static
/usr/bin/../lib64/gcc/x86_64-pc-linux-gnu/16.1.1/../../../../include/c++/16.1.1/tuple:2499:_ZSt3getILm1EJPNSt7__cxx1112basic_stringIcSt11char_traitsIcESaIcEEESt14default_deleteIS5_EEERNSt13tuple_elementIXT_ESt5tupleIJDpT0_EEE4typeERSD_	24	static
/usr/bin/../lib64/gcc/x86_64-pc-linux-gnu/16.1.1/../../../../include/c++/16.1.1/tuple:2483:_ZSt12__get_helperILm1ESt14default_deleteINSt7__cxx1112basic_stringIcSt11char_traitsIcESaIcEEEEJEERT0_RSt11_Tuple_implIXT_EJS8_DpT1_EE	24	static
/usr/bin/../lib64/gcc/x86_64-pc-linux-gnu/16.1.1/../../../../include/c++/16.1.1/tuple:554:_ZNSt11_Tuple_implILm1EJSt14default_deleteINSt7__cxx1112basic_stringIcSt11char_traitsIcESaIcEEEEEE7_M_headERS8_	24	static
/usr/bin/../lib64/gcc/x86_64-pc-linux-gnu/16.1.1/../../../../include/c++/16.1.1/tuple:137:_ZNSt10_Head_baseILm1ESt14default_deleteINSt7__cxx1112basic_stringIcSt11char_traitsIcESaIcEEEELb1EE7_M_headERS8_	8	static
/usr/bin/../lib64/gcc/x86_64-pc-linux-gnu/16.1.1/../../../../include/c++/16.1.1/bits/new_allocator.h:104:_ZNSt15__new_allocatorIcED2Ev	8	static
/usr/bin/../lib64/gcc/x86_64-pc-linux-gnu/16.1.1/../../../../include/c++/16.1.1/bits/basic_string.h:295:_ZNSt7__cxx1112basic_stringIcSt11char_traitsIcESaIcEE10_M_disposeEv	24	static
/usr/bin/../lib64/gcc/x86_64-pc-linux-gnu/16.1.1/../../../../include/c++/16.1.1/bits/basic_string.h:196:_ZNSt7__cxx1112basic_stringIcSt11char_traitsIcESaIcEE12_Alloc_hiderD2Ev	24	static
/usr/bin/../lib64/gcc/x86_64-pc-linux-gnu/16.1.1/../../../../include/c++/16.1.1/bits/basic_string.h:303:_ZNSt7__cxx1112basic_stringIcSt11char_traitsIcESaIcEE10_M_destroyEm	72	static
/usr/bin/../lib64/gcc/x86_64-pc-linux-gnu/16.1.1/../../../../include/c++/16.1.1/bits/new_allocator.h:167:_ZNSt15__new_allocatorIcE10deallocateEPcm	40	static
/usr/bin/../lib64/gcc/x86_64-pc-linux-gnu/16.1.1/../../../../include/c++/16.1.1/bits/basic_string.h:203:_ZNSt7__cxx1112basic_stringIcSt11char_traitsIcESaIcEE12_Alloc_hiderC2EPcRKS3_	8	static
/usr/bin/../lib64/gcc/x86_64-pc-linux-gnu/16.1.1/../../../../include/c++/16.1.1/bits/char_traits.h:390:_ZNSt11char_traitsIcE6lengthEPKc	24	static
/usr/bin/../lib64/gcc/x86_64-pc-linux-gnu/16.1.1/../../../../include/c++/16.1.1/bits/basic_string.tcc:228:_ZNSt7__cxx1112basic_stringIcSt11char_traitsIcESaIcEE12_M_constructIPKcEEvT_S8_St20forward_iterator_tag	152	static
/usr/bin/../lib64/gcc/x86_64-pc-linux-gnu/16.1.1/../../../../include/c++/16.1.1/bits/basic_string.tcc:144:_ZNSt7__cxx1112basic_stringIcSt11char_traitsIcESaIcEE9_M_createERmm	56	static
/usr/bin/../lib64/gcc/x86_64-pc-linux-gnu/16.1.1/../../../../include/c++/16.1.1/bits/basic_string.tcc:245:_ZZNSt7__cxx1112basic_stringIcSt11char_traitsIcESaIcEE12_M_constructIPKcEEvT_S8_St20forward_iterator_tagEN6_GuardC2EPS4_	8	static
/usr/bin/../lib64/gcc/x86_64-pc-linux-gnu/16.1.1/../../../../include/c++/16.1.1/bits/basic_string.h:487:_ZNSt7__cxx1112basic_stringIcSt11char_traitsIcESaIcEE13_S_copy_charsIPKcEEvPcT_S9_	40	static
/usr/bin/../lib64/gcc/x86_64-pc-linux-gnu/16.1.1/../../../../include/c++/16.1.1/bits/basic_string.tcc:248:_ZZNSt7__cxx1112basic_stringIcSt11char_traitsIcESaIcEE12_M_constructIPKcEEvT_S8_St20forward_iterator_tagEN6_GuardD2Ev	24	static
/usr/bin/../lib64/gcc/x86_64-pc-linux-gnu/16.1.1/../../../../include/c++/16.1.1/bits/basic_string.h:1205:_ZNKSt7__cxx1112basic_stringIcSt11char_traitsIcESaIcEE8max_sizeEv	88	static
/usr/bin/../lib64/gcc/x86_64-pc-linux-gnu/16.1.1/../../../../include/c++/16.1.1/bits/basic_string.h:139:_ZNSt7__cxx1112basic_stringIcSt11char_traitsIcESaIcEE11_S_allocateERS3_m	56	static
/usr/bin/../lib64/gcc/x86_64-pc-linux-gnu/16.1.1/../../../../include/c++/16.1.1/bits/basic_string.h:368:_ZNKSt7__cxx1112basic_stringIcSt11char_traitsIcESaIcEE16_M_get_allocatorEv	8	static
/usr/bin/../lib64/gcc/x86_64-pc-linux-gnu/16.1.1/../../../../include/c++/16.1.1/bits/stl_algobase.h:232:_ZSt3minImERKT_S2_S2_	8	static
/usr/bin/../lib64/gcc/x86_64-pc-linux-gnu/16.1.1/../../../../include/c++/16.1.1/bits/new_allocator.h:129:_ZNSt15__new_allocatorIcE8allocateEmPKv	40	static
/usr/bin/../lib64/gcc/x86_64-pc-linux-gnu/16.1.1/../../../../include/c++/16.1.1/bits/basic_string.h:452:_ZNSt7__cxx1112basic_stringIcSt11char_traitsIcESaIcEE7_S_copyEPcPKcm	40	static
/usr/bin/../lib64/gcc/x86_64-pc-linux-gnu/16.1.1/../../../../include/c++/16.1.1/bits/basic_string.h:413:_ZNKSt7__cxx1112basic_stringIcSt11char_traitsIcESaIcEE8_M_checkEmPKc	72	static
/usr/bin/../lib64/gcc/x86_64-pc-linux-gnu/16.1.1/../../../../include/c++/16.1.1/bits/basic_string.h:650:_ZNSt7__cxx1112basic_stringIcSt11char_traitsIcESaIcEEC2ERKS4_mm	168	static
/usr/bin/../lib64/gcc/x86_64-pc-linux-gnu/16.1.1/../../../../include/c++/16.1.1/bits/basic_string.h:1187:_ZNKSt7__cxx1112basic_stringIcSt11char_traitsIcESaIcEE4sizeEv	40	static
/usr/bin/../lib64/gcc/x86_64-pc-linux-gnu/16.1.1/../../../../include/c++/16.1.1/bits/basic_string.h:434:_ZNKSt7__cxx1112basic_stringIcSt11char_traitsIcESaIcEE8_M_limitEmm	72	static
/usr/bin/../lib64/gcc/x86_64-pc-linux-gnu/16.1.1/../../../../include/c++/16.1.1/bits/new_allocator.h:104:_ZNSt15__new_allocatorIhED2Ev	8	static
/usr/bin/../lib64/gcc/x86_64-pc-linux-gnu/16.1.1/../../../../include/c++/16.1.1/bits/stl_vector.h:2203:_ZNSt6vectorIhSaIhEE17_S_check_init_lenEmRKS0_	104	static
/usr/bin/../lib64/gcc/x86_64-pc-linux-gnu/16.1.1/../../../../include/c++/16.1.1/bits/stl_vector.h:339:_ZNSt12_Vector_baseIhSaIhEEC2EmRKS0_	56	static
/usr/bin/../lib64/gcc/x86_64-pc-linux-gnu/16.1.1/../../../../include/c++/16.1.1/bits/stl_vector.h:1998:_ZNSt6vectorIhSaIhEE21_M_default_initializeEm	56	static
/usr/bin/../lib64/gcc/x86_64-pc-linux-gnu/16.1.1/../../../../include/c++/16.1.1/bits/stl_vector.h:373:_ZNSt12_Vector_baseIhSaIhEED2Ev	40	static
/usr/bin/../lib64/gcc/x86_64-pc-linux-gnu/16.1.1/../../../../include/c++/16.1.1/bits/stl_vector.h:2212:_ZNSt6vectorIhSaIhEE11_S_max_sizeERKS0_	72	static
/usr/bin/../lib64/gcc/x86_64-pc-linux-gnu/16.1.1/../../../../include/c++/16.1.1/bits/stl_vector.h:152:_ZNSt12_Vector_baseIhSaIhEE12_Vector_implC2ERKS0_	56	static
/usr/bin/../lib64/gcc/x86_64-pc-linux-gnu/16.1.1/../../../../include/c++/16.1.1/bits/stl_vector.h:405:_ZNSt12_Vector_baseIhSaIhEE17_M_create_storageEm	40	static
/usr/bin/../lib64/gcc/x86_64-pc-linux-gnu/16.1.1/../../../../include/c++/16.1.1/bits/stl_vector.h:139:_ZNSt12_Vector_baseIhSaIhEE12_Vector_implD2Ev	24	static
/usr/bin/../lib64/gcc/x86_64-pc-linux-gnu/16.1.1/../../../../include/c++/16.1.1/bits/stl_vector.h:105:_ZNSt12_Vector_baseIhSaIhEE17_Vector_impl_dataC2Ev	8	static
/usr/bin/../lib64/gcc/x86_64-pc-linux-gnu/16.1.1/../../../../include/c++/16.1.1/bits/stl_vector.h:386:_ZNSt12_Vector_baseIhSaIhEE11_M_allocateEm	56	static
/usr/bin/../lib64/gcc/x86_64-pc-linux-gnu/16.1.1/../../../../include/c++/16.1.1/bits/new_allocator.h:129:_ZNSt15__new_allocatorIhE8allocateEmPKv	40	static
/usr/bin/../lib64/gcc/x86_64-pc-linux-gnu/16.1.1/../../../../include/c++/16.1.1/bits/stl_uninitialized.h:1051:_ZSt27__uninitialized_default_n_aIPhmhET_S1_T0_RSaIT1_E	40	static
/usr/bin/../lib64/gcc/x86_64-pc-linux-gnu/16.1.1/../../../../include/c++/16.1.1/bits/stl_vector.h:307:_ZNSt12_Vector_baseIhSaIhEE19_M_get_Tp_allocatorEv	8	static
/usr/bin/../lib64/gcc/x86_64-pc-linux-gnu/16.1.1/../../../../include/c++/16.1.1/bits/stl_uninitialized.h:982:_ZSt25__uninitialized_default_nIPhmET_S1_T0_	40	static
/usr/bin/../lib64/gcc/x86_64-pc-linux-gnu/16.1.1/../../../../include/c++/16.1.1/bits/stl_uninitialized.h:939:_ZNSt27__uninitialized_default_n_1ILb1EE18__uninit_default_nIPhmEET_S3_T0_	168	static
/usr/bin/../lib64/gcc/x86_64-pc-linux-gnu/16.1.1/../../../../include/c++/16.1.1/bits/stl_construct.h:123:_ZSt10_ConstructIhJEEvPT_DpOT0_	8	static
/usr/bin/../lib64/gcc/x86_64-pc-linux-gnu/16.1.1/../../../../include/c++/16.1.1/bits/stl_algobase.h:1021:_ZSt17__size_to_integerm	8	static
/usr/bin/../lib64/gcc/x86_64-pc-linux-gnu/16.1.1/../../../../include/c++/16.1.1/bits/stl_algobase.h:935:_ZSt9__fill_a1IhhEN9__gnu_cxx11__enable_ifIXaasr9__is_byteIT_EE7__valueoosr10__are_sameIS2_T0_EE7__valuesr20__memcpyable_integerIS3_EE7__widthEvE6__typeEPS2_S6_RKS3_	56	static
/usr/bin/../lib64/gcc/x86_64-pc-linux-gnu/16.1.1/../../../../include/c++/16.1.1/bits/stl_vector.h:394:_ZNSt12_Vector_baseIhSaIhEE13_M_deallocateEPhm	72	static
/usr/bin/../lib64/gcc/x86_64-pc-linux-gnu/16.1.1/../../../../include/c++/16.1.1/bits/new_allocator.h:167:_ZNSt15__new_allocatorIhE10deallocateEPhm	40	static
/usr/bin/../lib64/gcc/x86_64-pc-linux-gnu/16.1.1/../../../../include/c++/16.1.1/bits/stl_construct.h:219:_ZSt8_DestroyIPhEvT_S1_	8	static
/usr/bin/../lib64/gcc/x86_64-pc-linux-gnu/16.1.1/../../../../include/c++/16.1.1/bits/stl_vector.h:1107:_ZNKSt6vectorIhSaIhEE4sizeEv	8	static
_deps/googletest-src/googletest/include/gtest/internal/gtest-internal.h:490:_ZN7testing8internal19GetNotDefaultOrNullEPFvvES2_	8	static
_deps/googletest-src/googletest/include/gtest/gtest.h:269:_ZN7testing4Test13SetUpTestCaseEv	8	static
_deps/googletest-src/googletest/include/gtest/gtest.h:255:_ZN7testing4Test14SetUpTestSuiteEv	8	static
_deps/googletest-src/googletest/include/gtest/internal/gtest-port.h:1082:_ZN7testing8internal8GTestLog9GetStreamEv	8	static
_deps/googletest-src/googletest/include/gtest/gtest.h:268:_ZN7testing4Test16TearDownTestCaseEv	8	static
_deps/googletest-src/googletest/include/gtest/gtest.h:263:_ZN7testing4Test17TearDownTestSuiteEv	8	static
/usr/bin/../lib64/gcc/x86_64-pc-linux-gnu/16.1.1/../../../../include/c++/16.1.1/bits/stl_vector.h:2286:_ZNKSt6vectorIhSaIhEE11_M_data_ptrIhEEPT_S4_	8	static
_deps/googletest-src/googletest/include/gtest/gtest.h:1391:_ZN7testing8internal11CmpHelperEQIiiEENS_15AssertionResultEPKcS4_RKT_RKT0_	72	static
_deps/googletest-src/googletest/include/gtest/gtest.h:1374:_ZN7testing8internal18CmpHelperEQFailureIiiEENS_15AssertionResultEPKcS4_RKT_RKT0_	184	static
_deps/googletest-src/googletest/include/gtest/gtest-printers.h:463:_ZN7testing8internal33FormatForComparisonFailureMessageIiiEENSt7__cxx1112basic_stringIcSt11char_traitsIcESaIcEEERKT_RKT0_	40	static
_deps/googletest-src/googletest/include/gtest/gtest-printers.h:383:_ZN7testing8internal19FormatForComparisonIiiE6FormatB5cxx11ERKi	40	static
_deps/googletest-src/googletest/include/gtest/gtest-printers.h:1223:_ZN7testing13PrintToStringIiEENSt7__cxx1112basic_stringIcSt11char_traitsIcESaIcEEERKT_	488	static
_deps/googletest-src/googletest/include/gtest/gtest-printers.h:1064:_ZN7testing8internal21UniversalTersePrinterIiE5PrintERKiPSo	24	static
_deps/googletest-src/googletest/include/gtest/gtest-printers.h:1183:_ZN7testing8internal14UniversalPrintIiEEvRKT_PSo	24	static
_deps/googletest-src/googletest/include/gtest/gtest-printers.h:874:_ZN7testing8internal16UniversalPrinterIiE5PrintERKiPSo	24	static
_deps/googletest-src/googletest/include/gtest/gtest-printers.h:490:_ZN7testing8internal7PrintToIiEEvRKT_PSo	24	static
_deps/googletest-src/googletest/include/gtest/gtest-printers.h:352:_ZN7testing8internal17PrintWithFallbackIiEEvRKT_PSo	24	static
_deps/googletest-src/googletest/include/gtest/gtest-printers.h:248:_ZN7testing8internal52internal_stream_operator_without_lexical_name_lookup13StreamPrinter10PrintValueIivEEDTcvvlsdefp0_fp_ERKT_PSo	24	static
tests/sha3.cc:0:_GLOBAL__sub_I_sha3.cc	8	static
