eurydice_glue.h:406:core_ops_bit__core__ops__bit__BitAnd_u8__u8__for__0__u8___bitand	24	static
eurydice_glue.h:412:core_ops_bit__core__ops__bit__Shr_i32__u8__for__0__u8___shr	24	static
combined_core.c:23:Eurydice_slice_subslice_mut_a6	8	static
combined_core.c:42:core_result_unwrap_26_78	40	static
combined_core.c:63:core_result_unwrap_26_7d	40	static
combined_core.c:83:Eurydice_array_to_subslice_from_shared_5f2	8	static
combined_core.c:96:Eurydice_array_to_subslice_to_shared_210	8	static
combined_core.c:111:Eurydice_array_to_subslice_shared_d48	8	static
combined_core.c:123:Eurydice_array_to_slice_shared_f4	8	static
combined_core.c:138:Eurydice_array_to_subslice_mut_d417	8	static
combined_core.c:155:Eurydice_array_to_slice_mut_f4	8	static
combined_core.c:170:Eurydice_array_to_subslice_from_mut_5f4	8	static
combined_core.c:183:Eurydice_array_to_subslice_mut_d416	8	static
combined_core.c:200:Eurydice_array_to_slice_shared_ed	8	static
combined_core.c:215:Eurydice_array_to_subslice_mut_d415	8	static
combined_core.c:232:Eurydice_array_to_slice_shared_a9	8	static
combined_core.c:248:core_result_unwrap_26_39	40	static
combined_core.c:268:Eurydice_array_to_subslice_from_shared_5f1	8	static
combined_core.c:281:Eurydice_array_to_subslice_shared_d47	8	static
combined_core.c:293:Eurydice_array_to_slice_shared_ff	8	static
combined_core.c:308:Eurydice_array_to_subslice_from_mut_5f3	8	static
combined_core.c:321:Eurydice_array_to_subslice_mut_d414	8	static
combined_core.c:338:Eurydice_array_to_slice_shared_8f	8	static
combined_core.c:353:Eurydice_array_to_subslice_mut_d413	8	static
combined_core.c:370:Eurydice_array_to_slice_shared_56	8	static
combined_core.c:384:Eurydice_array_to_slice_shared_99	8	static
combined_core.c:398:Eurydice_array_to_slice_shared_b5	8	static
combined_core.c:413:Eurydice_array_to_subslice_mut_d412	8	static
combined_core.c:431:Eurydice_array_to_subslice_shared_e70	8	static
combined_core.c:444:Eurydice_array_to_subslice_shared_d46	8	static
combined_core.c:457:Eurydice_array_to_subslice_mut_e7	8	static
combined_core.c:475:Eurydice_array_to_subslice_shared_d45	8	static
combined_core.c:487:Eurydice_array_to_slice_mut_48	8	static
combined_core.c:501:Eurydice_slice_subslice_from_shared_6d	8	static
combined_core.c:512:Eurydice_array_to_slice_shared_81	8	static
combined_core.c:526:Eurydice_array_to_slice_shared_06	8	static
combined_core.c:541:Eurydice_array_to_subslice_from_mut_5f2	8	static
combined_core.c:554:Eurydice_array_to_subslice_mut_d411	8	static
combined_core.c:572:Eurydice_array_to_subslice_from_mut_5f1	8	static
combined_core.c:585:Eurydice_array_to_subslice_mut_d410	8	static
combined_core.c:603:Eurydice_array_to_subslice_from_shared_5f0	8	static
combined_core.c:616:Eurydice_array_to_subslice_shared_d44	8	static
combined_core.c:628:Eurydice_array_to_slice_shared_51	8	static
combined_core.c:644:libcrux_secrets_int_public_integers_declassify_d8_40	8	static
combined_core.c:657:libcrux_secrets_int_public_integers_declassify_d8_2b	8	static
combined_core.c:671:libcrux_secrets_int_public_integers_declassify_d8_52	40	static
combined_core.c:685:libcrux_secrets_int_public_integers_declassify_d8_75	24	static
combined_core.c:698:libcrux_secrets_int_public_integers_classify_27_4b	8	static
combined_core.c:712:libcrux_secrets_int_classify_public_classify_ref_6d_90	72	static
combined_core.c:724:Eurydice_array_to_subslice_shared_e7	8	static
combined_core.c:739:libcrux_secrets_int_classify_public_classify_ref_6d_39	72	static
combined_core.c:750:Eurydice_slice_subslice_shared_a6	8	static
combined_core.c:764:core_result_unwrap_26_d3	40	static
combined_core.c:784:Eurydice_array_to_subslice_shared_d43	8	static
combined_core.c:797:Eurydice_array_to_subslice_mut_d49	8	static
combined_core.c:814:Eurydice_array_to_slice_mut_29	8	static
combined_core.c:829:Eurydice_array_to_subslice_shared_d42	8	static
combined_core.c:842:Eurydice_array_to_subslice_mut_d48	8	static
combined_core.c:860:Eurydice_array_to_subslice_shared_d41	8	static
combined_core.c:873:Eurydice_array_to_subslice_mut_d47	8	static
combined_core.c:890:Eurydice_slice_subslice_mut_47	8	static
combined_core.c:902:Eurydice_array_to_slice_shared_29	8	static
combined_core.c:916:Eurydice_array_to_subslice_to_mut_21	8	static
combined_core.c:930:Eurydice_array_to_slice_shared_11	8	static
combined_core.c:944:Eurydice_array_to_slice_shared_fc	8	static
combined_core.c:958:Eurydice_array_to_slice_shared_f7	8	static
combined_core.c:972:Eurydice_array_to_slice_mut_11	8	static
combined_core.c:986:Eurydice_array_to_slice_shared_861	8	static
combined_core.c:1000:Eurydice_array_to_slice_mut_861	8	static
combined_core.c:1018:libcrux_secrets_mem_requests_ct_declassify_56	8	static
combined_core.c:1029:Eurydice_array_to_slice_shared_68	8	static
combined_core.c:1043:Eurydice_array_to_slice_mut_68	8	static
combined_core.c:1057:Eurydice_array_to_slice_mut_fc	8	static
combined_core.c:1071:Eurydice_array_to_slice_mut_f7	8	static
combined_core.c:1085:Eurydice_array_to_slice_shared_6b	8	static
combined_core.c:1099:Eurydice_array_to_slice_shared_37	8	static
combined_core.c:1113:Eurydice_array_to_slice_shared_98	8	static
combined_core.c:1127:Eurydice_array_to_slice_mut_6b	8	static
combined_core.c:1141:Eurydice_array_to_slice_shared_860	8	static
combined_core.c:1155:Eurydice_array_to_slice_mut_860	8	static
combined_core.c:1169:Eurydice_array_to_slice_shared_9f0	8	static
combined_core.c:1187:libcrux_secrets_mem_requests_ct_declassify_69	8	static
combined_core.c:1198:Eurydice_array_to_slice_mut_37	8	static
combined_core.c:1212:Eurydice_array_to_slice_mut_98	8	static
combined_core.c:1226:Eurydice_array_to_slice_shared_0d	8	static
combined_core.c:1240:Eurydice_array_to_slice_shared_9f	8	static
combined_core.c:1254:Eurydice_array_to_slice_shared_34	8	static
combined_core.c:1268:Eurydice_array_to_slice_mut_0d	8	static
combined_core.c:1282:Eurydice_array_to_slice_shared_86	8	static
combined_core.c:1296:Eurydice_array_to_slice_mut_86	8	static
combined_core.c:1311:Eurydice_array_to_subslice_mut_44	8	static
combined_core.c:1323:Eurydice_array_to_slice_shared_af	8	static
combined_core.c:1338:Eurydice_array_to_subslice_from_shared_5f	8	static
combined_core.c:1351:Eurydice_array_to_subslice_shared_d40	8	static
combined_core.c:1367:libcrux_secrets_mem_requests_ct_declassify_4b	8	static
combined_core.c:1378:Eurydice_array_to_slice_shared_27	8	static
combined_core.c:1392:Eurydice_array_to_slice_mut_27	8	static
combined_core.c:1406:Eurydice_array_to_slice_shared_4f	8	static
combined_core.c:1420:Eurydice_array_to_slice_mut_4f	8	static
combined_core.c:1434:Eurydice_array_to_slice_shared_8a	8	static
combined_core.c:1448:Eurydice_array_to_slice_mut_8a	8	static
combined_core.c:1462:Eurydice_array_to_slice_shared_2f	8	static
combined_core.c:1476:Eurydice_array_to_slice_shared_79	8	static
combined_core.c:1494:libcrux_secrets_mem_requests_ct_classify_45	8	static
combined_core.c:1505:Eurydice_array_to_slice_mut_9f0	8	static
combined_core.c:1519:Eurydice_array_to_slice_mut_34	8	static
combined_core.c:1533:Eurydice_array_to_slice_shared_17	8	static
combined_core.c:1547:Eurydice_array_to_slice_mut_7e	8	static
combined_core.c:1561:Eurydice_array_to_slice_shared_4c	8	static
combined_core.c:1575:Eurydice_array_to_slice_shared_e9	8	static
combined_core.c:1593:libcrux_secrets_mem_requests_ct_declassify_45	8	static
combined_core.c:1604:Eurydice_array_to_slice_shared_2c0	8	static
combined_core.c:1618:Eurydice_array_to_subslice_from_mut_11	8	static
combined_core.c:1630:Eurydice_array_to_slice_shared_f1	8	static
combined_core.c:1644:Eurydice_array_to_slice_shared_78	8	static
combined_core.c:1658:Eurydice_array_to_slice_mut_78	8	static
combined_core.c:1672:Eurydice_array_to_slice_shared_82	8	static
combined_core.c:1686:Eurydice_array_to_slice_shared_01	8	static
combined_core.c:1704:libcrux_secrets_mem_requests_ct_classify_4b	8	static
combined_core.c:1715:Eurydice_array_to_slice_mut_2c	8	static
combined_core.c:1729:Eurydice_array_to_slice_mut_4c	8	static
combined_core.c:1743:Eurydice_array_to_slice_mut_58	8	static
combined_core.c:1758:Eurydice_array_to_subslice_shared_d4	8	static
combined_core.c:1771:Eurydice_array_to_subslice_mut_d46	8	static
combined_core.c:1789:Eurydice_array_to_subslice_from_mut_5f0	8	static
combined_core.c:1801:Eurydice_array_to_slice_mut_17	8	static
combined_core.c:1815:Eurydice_array_to_slice_mut_9f	8	static
combined_core.c:1829:Eurydice_array_to_slice_mut_01	8	static
combined_core.c:1843:Eurydice_array_to_slice_mut_5e	8	static
combined_core.c:1857:Eurydice_array_to_slice_shared_72	8	static
combined_core.c:1872:Eurydice_array_to_subslice_mut_d45	8	static
combined_core.c:1889:Eurydice_array_to_slice_shared_38	8	static
combined_core.c:1904:Eurydice_array_to_subslice_mut_d44	8	static
combined_core.c:1921:Eurydice_array_to_slice_shared_e2	8	static
combined_core.c:1936:Eurydice_array_to_subslice_mut_d43	8	static
combined_core.c:1953:Eurydice_slice_subslice_to_shared_72	8	static
combined_core.c:1965:Eurydice_array_to_subslice_from_mut_5f	8	static
combined_core.c:1978:Eurydice_array_to_subslice_to_shared_21	8	static
combined_core.c:1992:Eurydice_array_to_slice_shared_6e	8	static
combined_core.c:2006:Eurydice_slice_subslice_mut_c8	8	static
combined_core.c:2020:Eurydice_array_to_slice_shared_58	8	static
combined_core.c:2035:Eurydice_array_to_subslice_mut_d42	8	static
combined_core.c:2052:Eurydice_array_to_slice_shared_2c	8	static
combined_core.c:2068:core_result_unwrap_26_e0	72	static
combined_core.c:2088:Eurydice_array_to_subslice_mut_d41	8	static
combined_core.c:2105:Eurydice_slice_subslice_shared_c8	8	static
combined_core.c:2118:Eurydice_array_to_subslice_shared_44	8	static
combined_core.c:2136:libcrux_secrets_mem_requests_ct_declassify_5f	8	static
combined_core.c:2147:Eurydice_array_to_slice_shared_fd	8	static
combined_core.c:2161:Eurydice_slice_subslice_shared_47	8	static
combined_core.c:2173:Eurydice_array_to_slice_mut_fd	8	static
combined_core.c:2188:Eurydice_array_to_subslice_mut_d40	8	static
combined_core.c:2206:Eurydice_array_to_subslice_mut_d4	8	static
combined_core.c:2225:libcrux_secrets_int_public_integers_declassify_d8_49	8	static
combined_core.c:2238:libcrux_secrets_int_public_integers_classify_27_df	8	static
combined_core.c:2251:libcrux_secrets_int_public_integers_classify_27_49	8	static
combined_core.c:2264:libcrux_secrets_int_public_integers_declassify_d8_de	8	static
combined_core.c:2277:libcrux_secrets_int_public_integers_classify_27_de	8	static
combined_core.c:2290:libcrux_secrets_int_public_integers_declassify_d8_df	8	static
combined_core.c:2303:libcrux_secrets_int_public_integers_declassify_d8_a8	8	static
combined_core.c:2316:libcrux_secrets_int_public_integers_classify_27_a8	8	static
combined_core.c:2329:libcrux_secrets_int_public_integers_declassify_d8_90	8	static
combined_core.c:2342:libcrux_secrets_int_public_integers_classify_27_39	8	static
combined_core.c:2355:libcrux_secrets_int_public_integers_declassify_d8_39	8	static
combined_core.c:2368:libcrux_secrets_int_public_integers_classify_27_90	8	static
eurydice_glue.h:395:Eurydice_bitand_pv_u8	8	static
eurydice_glue.h:398:Eurydice_shr_pv_u8	8	static
