eurydice_glue.h:406:core_ops_bit__core__ops__bit__BitAnd_u8__u8__for__0__u8___bitand	24	static
eurydice_glue.h:412:core_ops_bit__core__ops__bit__Shr_i32__u8__for__0__u8___shr	24	static
libcrux_mlkem768_portable.c:41:libcrux_ml_kem_polynomial_zeta	296	static
libcrux_mlkem768_portable.c:2344:libcrux_ml_kem_hash_functions_portable_shake128_init_absorb_final_4a_78	24	static
libcrux_mlkem768_portable.c:2317:shake128_init_absorb_final_78	904	static
libcrux_mlkem768_portable.c:2378:libcrux_ml_kem_hash_functions_portable_shake128_squeeze_first_three_blocks_4a_78	24	static
libcrux_mlkem768_portable.c:2356:shake128_squeeze_first_three_blocks_78	72	static
libcrux_mlkem768_portable.c:2511:libcrux_ml_kem_hash_functions_portable_shake128_squeeze_next_block_4a_78	24	static
libcrux_mlkem768_portable.c:2489:shake128_squeeze_next_block_78	72	static
libcrux_mlkem768_portable.c:3819:libcrux_ml_kem_mlkem768_portable_decapsulate	40	static
libcrux_mlkem768_portable.c:3807:decapsulate_19	72648	static
libcrux_mlkem768_portable.c:3941:libcrux_ml_kem_mlkem768_portable_encapsulate	24	static
libcrux_mlkem768_portable.c:3928:encapsulate_26	55064	static
libcrux_mlkem768_portable.c:4354:libcrux_ml_kem_ind_cca_serialize_kem_secret_key_mut_52	408	static
libcrux_mlkem768_portable.c:3852:H_4a_78	40	static
libcrux_mlkem768_portable.c:4496:libcrux_ml_kem_mlkem768_portable_generate_key_pair	24	static
libcrux_mlkem768_portable.c:4487:generate_keypair_e9	43912	static
libcrux_mlkem768_portable.c:4577:libcrux_ml_kem_mlkem768_portable_validate_private_key	168	static
libcrux_mlkem768_portable.c:4605:libcrux_ml_kem_mlkem768_portable_validate_private_key_only	152	static
libcrux_mlkem768_portable.c:4698:libcrux_ml_kem_mlkem768_portable_validate_public_key	7080	static
libcrux_mlkem768_portable.c:4817:libcrux_ml_kem_mlkem768_portable_unpacked_decapsulate	52344	static
libcrux_mlkem768_portable.c:4930:libcrux_ml_kem_mlkem768_portable_unpacked_encapsulate	38632	static
libcrux_mlkem768_portable.c:5100:libcrux_ml_kem_mlkem768_portable_unpacked_generate_key_pair_mut	38504	static
libcrux_mlkem768_portable.c:5157:libcrux_ml_kem_mlkem768_portable_unpacked_generate_key_pair	1704	static
libcrux_mlkem768_portable.c:5168:libcrux_ml_kem_mlkem768_portable_unpacked_init_key_pair	1624	static
libcrux_mlkem768_portable.c:5177:libcrux_ml_kem_mlkem768_portable_unpacked_init_public_key	24	static
libcrux_mlkem768_portable.c:5246:libcrux_ml_kem_mlkem768_portable_unpacked_key_pair_from_private_mut	10456	static
libcrux_mlkem768_portable.c:5316:libcrux_ml_kem_mlkem768_portable_unpacked_key_pair_serialized_private_key	4824	static
libcrux_mlkem768_portable.c:5327:libcrux_ml_kem_mlkem768_portable_unpacked_key_pair_serialized_private_key_mut	4808	static
libcrux_mlkem768_portable.c:5381:libcrux_ml_kem_mlkem768_portable_unpacked_key_pair_serialized_public_key	3864	static
libcrux_mlkem768_portable.c:5438:libcrux_ml_kem_mlkem768_portable_unpacked_key_pair_serialized_public_key_mut	1512	static
libcrux_mlkem768_portable.c:5534:libcrux_ml_kem_mlkem768_portable_unpacked_public_key	6264	static
libcrux_mlkem768_portable.c:5493:clone_d7_68	6232	static
libcrux_mlkem768_portable.c:5548:libcrux_ml_kem_mlkem768_portable_unpacked_serialized_public_key	1496	static
libcrux_mlkem768_portable.c:5616:libcrux_ml_kem_mlkem768_portable_unpacked_unpacked_public_key	9544	static
eurydice_glue.h:395:Eurydice_bitand_pv_u8	8	static
eurydice_glue.h:398:Eurydice_shr_pv_u8	8	static
libcrux_mlkem768_portable.c:2172:G_4a_78	40	static
libcrux_mlkem768_portable.c:2198:PRF_4a_3b	40	static
libcrux_mlkem768_portable.c:1282:call_mut_0b_01	24	static
libcrux_mlkem768_portable.c:1257:ZERO_d6_ea	600	static
libcrux_mlkem768_portable.c:78:ZERO_b8	104	static
libcrux_mlkem768_portable.c:1203:deserialize_12_b8	40	static
libcrux_mlkem768_portable.c:1195:deserialize_120	664	static
libcrux_mlkem768_portable.c:1354:call_mut_35_30	24	static
libcrux_mlkem768_portable.c:1065:deserialize_10_b8	40	static
libcrux_mlkem768_portable.c:1388:decompress_ciphertext_coefficient_b8_ef	104	static
libcrux_mlkem768_portable.c:1057:deserialize_101	328	static
libcrux_mlkem768_portable.c:275:montgomery_multiply_by_constant_b8	120	static
libcrux_mlkem768_portable.c:116:sub_b8	104	static
libcrux_mlkem768_portable.c:97:add_b8	104	static
libcrux_mlkem768_portable.c:229:montgomery_reduce_element	40	static
libcrux_mlkem768_portable.c:495:ntt_layer_3_step_b8	536	static
libcrux_mlkem768_portable.c:474:ntt_layer_2_step_b8	536	static
libcrux_mlkem768_portable.c:446:ntt_layer_1_step_b8	552	static
libcrux_mlkem768_portable.c:207:barrett_reduce_b8	88	static
libcrux_mlkem768_portable.c:186:barrett_reduce_element	24	static
libcrux_mlkem768_portable.c:906:deserialize_4_b8	40	static
libcrux_mlkem768_portable.c:1683:decompress_ciphertext_coefficient_b8_d1	104	static
libcrux_mlkem768_portable.c:898:deserialize_40	264	static
libcrux_mlkem768_portable.c:1736:ZERO_ea	600	static
libcrux_mlkem768_portable.c:704:ntt_multiply_b8	1208	static
libcrux_mlkem768_portable.c:538:inv_ntt_layer_1_step_b8	552	static
libcrux_mlkem768_portable.c:566:inv_ntt_layer_2_step_b8	536	static
libcrux_mlkem768_portable.c:587:inv_ntt_layer_3_step_b8	536	static
libcrux_mlkem768_portable.c:373:compress_1_b8	88	static
libcrux_mlkem768_portable.c:749:serialize_1_b8	56	static
libcrux_mlkem768_portable.c:319:to_unsigned_representative_b8	312	static
libcrux_mlkem768_portable.c:346:compress_message_coefficient	40	static
libcrux_mlkem768_portable.c:741:serialize_10	136	static
libcrux_mlkem768_portable.c:25:G	56	static
libcrux_mlkem768_portable.c:2182:PRF_ce	56	static
libcrux_mlkem768_portable.c:2212:default_8b_68	11896	static
libcrux_mlkem768_portable.c:161:cond_subtract_3329_b8	88	static
libcrux_mlkem768_portable.c:2666:call_mut_0a_91	728	static
libcrux_mlkem768_portable.c:1243:rej_sample_b8	8	static
libcrux_mlkem768_portable.c:62:from_i16_array_b8	232	static
libcrux_mlkem768_portable.c:2828:call_mut_f1_87	24	static
libcrux_mlkem768_portable.c:3069:call_mut_dd_87	24	static
libcrux_mlkem768_portable.c:3137:PRF_4a_3b0	40	static
libcrux_mlkem768_portable.c:2861:PRFxN_4a_3b	24	static
libcrux_mlkem768_portable.c:2839:PRFxN_3b	88	static
libcrux_mlkem768_portable.c:135:multiply_by_constant_b8	104	static
libcrux_mlkem768_portable.c:3121:PRF_ec	56	static
libcrux_mlkem768_portable.c:3151:call_mut_a8_68	24	static
libcrux_mlkem768_portable.c:3259:compress_b8_ef	88	static
libcrux_mlkem768_portable.c:968:serialize_10_b8	56	static
libcrux_mlkem768_portable.c:383:compress_ciphertext_coefficient	40	static
libcrux_mlkem768_portable.c:960:serialize_101	504	static
libcrux_mlkem768_portable.c:791:deserialize_1_b8	40	static
libcrux_mlkem768_portable.c:405:decompress_1_b8	328	static
libcrux_mlkem768_portable.c:783:deserialize_10	104	static
libcrux_mlkem768_portable.c:3514:compress_b8_d1	88	static
libcrux_mlkem768_portable.c:847:serialize_4_b8	72	static
libcrux_mlkem768_portable.c:839:serialize_40	264	static
libcrux_mlkem768_portable.c:32:H	56	static
libcrux_mlkem768_portable.c:3958:default_70_68	2104	static
libcrux_mlkem768_portable.c:4304:serialize_unpacked_secret_key_30	5096	static
libcrux_mlkem768_portable.c:4007:call_mut_73_39	24	static
libcrux_mlkem768_portable.c:1135:serialize_12_b8	56	static
libcrux_mlkem768_portable.c:1127:serialize_120	696	static
libcrux_mlkem768_portable.c:4619:call_mut_0b_68	24	static
libcrux_mlkem768_portable.c:4832:encaps_prepare_13	216	static
libcrux_mlkem768_portable.c:4997:transpose_a_68	6760	static
libcrux_mlkem768_portable.c:4961:call_mut_22_68	584	static
libcrux_mlkem768_portable.c:4982:clone_c1_ea	24	static
libcrux_mlkem768_portable.c:4947:call_mut_b4_68	24	static
libcrux_mlkem768_portable.c:5456:clone_91_68	1640	static
